Archive member included to satisfy reference by file (symbol)

c:/nxp/mcuxpressoide_11.4.0_6224/ide/plugins/com.nxp.mcuxpresso.tools.win32_11.4.0.202103011116/tools/bin/../lib/gcc/arm-none-eabi/10.2.1/../../../../arm-none-eabi/lib/thumb/v7e-m+fp/hard\libcr_nohost_nf.a(_cr__main.o)
                              ./startup/startup_mk64f12.o (__main)
c:/nxp/mcuxpressoide_11.4.0_6224/ide/plugins/com.nxp.mcuxpresso.tools.win32_11.4.0.202103011116/tools/bin/../lib/gcc/arm-none-eabi/10.2.1/../../../../arm-none-eabi/lib/thumb/v7e-m+fp/hard\libcr_c.a(fabsf.o)
                              ./CMSIS/DSP/Source/BasicMathFunctions/BasicMathFunctions.o (fabsf)
c:/nxp/mcuxpressoide_11.4.0_6224/ide/plugins/com.nxp.mcuxpresso.tools.win32_11.4.0.202103011116/tools/bin/../lib/gcc/arm-none-eabi/10.2.1/../../../../arm-none-eabi/lib/thumb/v7e-m+fp/hard\libcr_c.a(sqrtf_m4_hardfp.o)
                              ./CMSIS/DSP/Source/StatisticsFunctions/StatisticsFunctions.o (sqrtf)
c:/nxp/mcuxpressoide_11.4.0_6224/ide/plugins/com.nxp.mcuxpresso.tools.win32_11.4.0.202103011116/tools/bin/../lib/gcc/arm-none-eabi/10.2.1/../../../../arm-none-eabi/lib/thumb/v7e-m+fp/hard\libcr_c.a(memcpy.o)
                              ./drivers/fsl_ftfx_cache.o (memcpy)
c:/nxp/mcuxpressoide_11.4.0_6224/ide/plugins/com.nxp.mcuxpresso.tools.win32_11.4.0.202103011116/tools/bin/../lib/gcc/arm-none-eabi/10.2.1/../../../../arm-none-eabi/lib/thumb/v7e-m+fp/hard\libcr_c.a(memset.o)
                              ./drivers/fsl_adc16.o (memset)
c:/nxp/mcuxpressoide_11.4.0_6224/ide/plugins/com.nxp.mcuxpresso.tools.win32_11.4.0.202103011116/tools/bin/../lib/gcc/arm-none-eabi/10.2.1/../../../../arm-none-eabi/lib/thumb/v7e-m+fp/hard\libcr_c.a(alloc.o)
                              ./drivers/fsl_common.o (malloc)
c:/nxp/mcuxpressoide_11.4.0_6224/ide/plugins/com.nxp.mcuxpresso.tools.win32_11.4.0.202103011116/tools/bin/../lib/gcc/arm-none-eabi/10.2.1/../../../../arm-none-eabi/lib/thumb/v7e-m+fp/hard\libcr_c.a(initio.o)
                              c:/nxp/mcuxpressoide_11.4.0_6224/ide/plugins/com.nxp.mcuxpresso.tools.win32_11.4.0.202103011116/tools/bin/../lib/gcc/arm-none-eabi/10.2.1/../../../../arm-none-eabi/lib/thumb/v7e-m+fp/hard\libcr_nohost_nf.a(_cr__main.o) (_initio)
c:/nxp/mcuxpressoide_11.4.0_6224/ide/plugins/com.nxp.mcuxpresso.tools.win32_11.4.0.202103011116/tools/bin/../lib/gcc/arm-none-eabi/10.2.1/../../../../arm-none-eabi/lib/thumb/v7e-m+fp/hard\libcr_c.a(modf.o)
                              ./utilities/fsl_debug_console.o (modf)
c:/nxp/mcuxpressoide_11.4.0_6224/ide/plugins/com.nxp.mcuxpresso.tools.win32_11.4.0.202103011116/tools/bin/../lib/gcc/arm-none-eabi/10.2.1/../../../../arm-none-eabi/lib/thumb/v7e-m+fp/hard\libcr_c.a(pow.o)
                              ./utilities/fsl_debug_console.o (pow)
c:/nxp/mcuxpressoide_11.4.0_6224/ide/plugins/com.nxp.mcuxpresso.tools.win32_11.4.0.202103011116/tools/bin/../lib/gcc/arm-none-eabi/10.2.1/../../../../arm-none-eabi/lib/thumb/v7e-m+fp/hard\libcr_c.a(setvbuf.o)
                              c:/nxp/mcuxpressoide_11.4.0_6224/ide/plugins/com.nxp.mcuxpresso.tools.win32_11.4.0.202103011116/tools/bin/../lib/gcc/arm-none-eabi/10.2.1/../../../../arm-none-eabi/lib/thumb/v7e-m+fp/hard\libcr_c.a(initio.o) (setvbuf)
c:/nxp/mcuxpressoide_11.4.0_6224/ide/plugins/com.nxp.mcuxpresso.tools.win32_11.4.0.202103011116/tools/bin/../lib/gcc/arm-none-eabi/10.2.1/../../../../arm-none-eabi/lib/thumb/v7e-m+fp/hard\libcr_c.a(strlen.o)
                              ./utilities/fsl_debug_console.o (strlen)
c:/nxp/mcuxpressoide_11.4.0_6224/ide/plugins/com.nxp.mcuxpresso.tools.win32_11.4.0.202103011116/tools/bin/../lib/gcc/arm-none-eabi/10.2.1/../../../../arm-none-eabi/lib/thumb/v7e-m+fp/hard\libcr_c.a(__init_alloc.o)
                              c:/nxp/mcuxpressoide_11.4.0_6224/ide/plugins/com.nxp.mcuxpresso.tools.win32_11.4.0.202103011116/tools/bin/../lib/gcc/arm-none-eabi/10.2.1/../../../../arm-none-eabi/lib/thumb/v7e-m+fp/hard\libcr_c.a(alloc.o) (__heaps)
c:/nxp/mcuxpressoide_11.4.0_6224/ide/plugins/com.nxp.mcuxpresso.tools.win32_11.4.0.202103011116/tools/bin/../lib/gcc/arm-none-eabi/10.2.1/../../../../arm-none-eabi/lib/thumb/v7e-m+fp/hard\libcr_c.a(_cr_sbrk.o)
                              c:/nxp/mcuxpressoide_11.4.0_6224/ide/plugins/com.nxp.mcuxpresso.tools.win32_11.4.0.202103011116/tools/bin/../lib/gcc/arm-none-eabi/10.2.1/../../../../arm-none-eabi/lib/thumb/v7e-m+fp/hard\libcr_c.a(alloc.o) (_sbrk)
c:/nxp/mcuxpressoide_11.4.0_6224/ide/plugins/com.nxp.mcuxpresso.tools.win32_11.4.0.202103011116/tools/bin/../lib/gcc/arm-none-eabi/10.2.1/../../../../arm-none-eabi/lib/thumb/v7e-m+fp/hard\libcr_c.a(_fdopen.o)
                              c:/nxp/mcuxpressoide_11.4.0_6224/ide/plugins/com.nxp.mcuxpresso.tools.win32_11.4.0.202103011116/tools/bin/../lib/gcc/arm-none-eabi/10.2.1/../../../../arm-none-eabi/lib/thumb/v7e-m+fp/hard\libcr_c.a(initio.o) (_fdopen)
[...]
Memory Configuration

Name             Origin             Length             Attributes
PROGRAM_FLASH    0x00000000         0x00100000         xr
SRAM_UPPER       0x20000000         0x00030000         xrw
SRAM_LOWER       0x1fff0000         0x00010000         xrw
FLEX_RAM         0x14000000         0x00001000         xrw
*default*        0x00000000         0xffffffff

Linker script and memory map

LOAD ./utilities/fsl_assert.o
LOAD ./utilities/fsl_debug_console.o
LOAD ./startup/startup_mk64f12.o
LOAD ./source/FFT.o
LOAD ./drivers/fsl_adc16.o
LOAD ./drivers/fsl_clock.o
LOAD ./drivers/fsl_common.o
LOAD ./drivers/fsl_common_arm.o
LOAD ./drivers/fsl_dac.o
LOAD ./drivers/fsl_ftfx_cache.o
LOAD ./drivers/fsl_ftfx_controller.o
LOAD ./drivers/fsl_ftfx_flash.o
LOAD ./drivers/fsl_ftfx_flexnvm.o
LOAD ./drivers/fsl_gpio.o
LOAD ./drivers/fsl_pit.o
LOAD ./drivers/fsl_smc.o
LOAD ./drivers/fsl_uart.o
LOAD ./device/system_MK64F12.o
LOAD ./component/uart/fsl_adapter_uart.o
LOAD ./component/lists/fsl_component_generic_list.o
LOAD ./board/board.o
LOAD ./board/clock_config.o
LOAD ./board/peripherals.o
LOAD ./board/pin_mux.o
LOAD ./CMSIS/DSP/Source/TransformFunctions/TransformFunctions.o
LOAD ./CMSIS/DSP/Source/SupportFunctions/SupportFunctions.o
LOAD ./CMSIS/DSP/Source/StatisticsFunctions/StatisticsFunctions.o
LOAD ./CMSIS/DSP/Source/MatrixFunctions/MatrixFunctions.o
LOAD ./CMSIS/DSP/Source/FilteringFunctions/FilteringFunctions.o
LOAD ./CMSIS/DSP/Source/FastMathFunctions/FastMathFunctions.o
LOAD ./CMSIS/DSP/Source/ControllerFunctions/ControllerFunctions.o
LOAD ./CMSIS/DSP/Source/ComplexMathFunctions/ComplexMathFunctions.o
LOAD ./CMSIS/DSP/Source/CommonTables/CommonTables.o
LOAD ./CMSIS/DSP/Source/BasicMathFunctions/BasicMathFunctions.o
LOAD C:\Users\santi\Desktop\Datardos\Facultad\Segundo semestre Quinto\DSP\workspace\FFT\CMSIS\DSP\libarm_cortexM4lf_math.a
START GROUP
LOAD c:/nxp/mcuxpressoide_11.4.0_6224/ide/plugins/com.nxp.mcuxpresso.tools.win32_11.4.0.202103011116/tools/bin/../lib/gcc/arm-none-eabi/10.2.1/../../../../arm-none-eabi/lib/thumb/v7e-m+fp/hard\libcr_nohost_nf.a
LOAD c:/nxp/mcuxpressoide_11.4.0_6224/ide/plugins/com.nxp.mcuxpresso.tools.win32_11.4.0.202103011116/tools/bin/../lib/gcc/arm-none-eabi/10.2.1/../../../../arm-none-eabi/lib/thumb/v7e-m+fp/hard\libcr_c.a
LOAD c:/nxp/mcuxpressoide_11.4.0_6224/ide/plugins/com.nxp.mcuxpresso.tools.win32_11.4.0.202103011116/tools/bin/../lib/gcc/arm-none-eabi/10.2.1/thumb/v7e-m+fp/hard\libcr_eabihelpers.a
LOAD c:/nxp/mcuxpressoide_11.4.0_6224/ide/plugins/com.nxp.mcuxpresso.tools.win32_11.4.0.202103011116/tools/bin/../lib/gcc/arm-none-eabi/10.2.1/thumb/v7e-m+fp/hard\libgcc.a
END GROUP
                0x00000000                __base_PROGRAM_FLASH = 0x0
                0x00000000                __base_Flash = 0x0
                0x00100000                __top_PROGRAM_FLASH = 0x100000
                0x00100000                __top_Flash = 0x100000
                0x20000000                __base_SRAM_UPPER = 0x20000000
                0x20000000                __base_RAM = 0x20000000
                0x20030000                __top_SRAM_UPPER = 0x20030000
                0x20030000                __top_RAM = 0x20030000
                0x1fff0000                __base_SRAM_LOWER = 0x1fff0000
                0x1fff0000                __base_RAM2 = 0x1fff0000
                0x20000000                __top_SRAM_LOWER = 0x20000000
                0x20000000                __top_RAM2 = 0x20000000
                0x14000000                __base_FLEX_RAM = 0x14000000
                0x14000000                __base_RAM3 = 0x14000000
                0x14001000                __top_FLEX_RAM = 0x14001000
                0x14001000                __top_RAM3 = 0x14001000

.text           0x00000000    0x1c310
 FILL mask 0xff
                0x00000000                __vectors_start__ = ABSOLUTE (.)
 *(SORT_BY_ALIGNMENT(.isr_vector))
 .isr_vector    0x00000000      0x198 ./startup/startup_mk64f12.o
                0x00000000                g_pfnVectors
                0x00000000                __Vectors
                0x00000198                . = ALIGN (0x4)
                0x00000198                __section_table_start = .
                0x00000198                __data_section_table = .
                0x00000198        0x4 LONG 0x1c310 LOADADDR (.data)
                0x0000019c        0x4 LONG 0x20000000 ADDR (.data)
                0x000001a0        0x4 LONG 0x18 SIZEOF (.data)
                0x000001a4        0x4 LONG 0x1c310 LOADADDR (.data_RAM2)
                0x000001a8        0x4 LONG 0x1fff0000 ADDR (.data_RAM2)
                0x000001ac        0x4 LONG 0x0 SIZEOF (.data_RAM2)
                0x000001b0        0x4 LONG 0x1c310 LOADADDR (.data_RAM3)
                0x000001b4        0x4 LONG 0x14000000 ADDR (.data_RAM3)
                0x000001b8        0x4 LONG 0x0 SIZEOF (.data_RAM3)
                0x000001bc                __data_section_table_end = .
                0x000001bc                __bss_section_table = .
                0x000001bc        0x4 LONG 0x20000018 ADDR (.bss)
                0x000001c0        0x4 LONG 0x3950 SIZEOF (.bss)
                0x000001c4        0x4 LONG 0x1fff0000 ADDR (.bss_RAM2)
                0x000001c8        0x4 LONG 0x0 SIZEOF (.bss_RAM2)
                0x000001cc        0x4 LONG 0x14000000 ADDR (.bss_RAM3)
                0x000001d0        0x4 LONG 0x0 SIZEOF (.bss_RAM3)
                0x000001d4                __bss_section_table_end = .
                0x000001d4                __section_table_end = .
 *(SORT_BY_ALIGNMENT(.after_vectors*))
 .after_vectors.reset
                0x000001d4       0x4c ./startup/startup_mk64f12.o
                0x000001d4                ResetISR
 .after_vectors.init_data
                0x00000220       0x1e ./startup/startup_mk64f12.o
                0x00000220                data_init
 .after_vectors.init_bss
                0x0000023e       0x12 ./startup/startup_mk64f12.o
                0x0000023e                bss_init
 .after_vectors
                0x00000250       0x14 ./startup/startup_mk64f12.o
                0x00000250                NMI_Handler
                0x00000252                HardFault_Handler
                0x00000254                MemManage_Handler
                0x00000256                BusFault_Handler
                0x00000258                UsageFault_Handler
                0x0000025a                SVC_Handler
                0x0000025c                DebugMon_Handler
                0x0000025e                PendSV_Handler
                0x00000260                SysTick_Handler
                0x00000262                DMA_Error_DriverIRQHandler
                0x00000262                LPTMR0_DriverIRQHandler
                0x00000262                FTM1_DriverIRQHandler
                0x00000262                FTM2_DriverIRQHandler
                0x00000262                PIT2_DriverIRQHandler
                0x00000262                SDHC_DriverIRQHandler
                0x00000262                I2S0_Tx_DriverIRQHandler
                0x00000262                RTC_Seconds_DriverIRQHandler
                0x00000262                DMA6_DriverIRQHandler
                0x00000262                LLWU_DriverIRQHandler
                0x00000262                MCM_DriverIRQHandler
                0x00000262                MCG_DriverIRQHandler
                0x00000262                ENET_1588_Timer_DriverIRQHandler
                0x00000262                I2C2_DriverIRQHandler
                0x00000262                DAC1_DriverIRQHandler
                0x00000262                SPI1_DriverIRQHandler
                0x00000262                CMP1_DriverIRQHandler
                0x00000262                FTM0_DriverIRQHandler
                0x00000262                IntDefaultHandler
                0x00000262                USB0_DriverIRQHandler
                0x00000262                UART5_ERR_DriverIRQHandler
                0x00000262                PORTC_DriverIRQHandler
                0x00000262                DMA11_DriverIRQHandler
                0x00000262                DAC0_DriverIRQHandler
                0x00000262                DMA10_DriverIRQHandler
                0x00000262                CMP2_DriverIRQHandler
                0x00000262                UART2_ERR_DriverIRQHandler
                0x00000262                SPI2_DriverIRQHandler
                0x00000262                LVD_LVW_DriverIRQHandler
                0x00000262                DMA12_DriverIRQHandler
                0x00000262                RNG_DriverIRQHandler
                0x00000262                DMA5_DriverIRQHandler
                0x00000262                DMA4_DriverIRQHandler
                0x00000262                USBDCD_DriverIRQHandler
                0x00000262                UART3_ERR_DriverIRQHandler
                0x00000262                DMA3_DriverIRQHandler
                0x00000262                DMA8_DriverIRQHandler
                0x00000262                DMA9_DriverIRQHandler
                0x00000262                UART0_ERR_DriverIRQHandler
                0x00000262                CMT_DriverIRQHandler
                0x00000262                Reserved71_DriverIRQHandler
                0x00000262                ADC1_DriverIRQHandler
                0x00000262                PORTA_DriverIRQHandler
                0x00000262                DMA14_DriverIRQHandler
                0x00000262                PIT3_DriverIRQHandler
                0x00000262                PIT1_DriverIRQHandler
                0x00000262                WDOG_EWM_DriverIRQHandler
                0x00000262                PDB0_DriverIRQHandler
                0x00000262                RTC_DriverIRQHandler
                0x00000262                I2S0_Rx_DriverIRQHandler
                0x00000262                Read_Collision_DriverIRQHandler
                0x00000262                SWI_DriverIRQHandler
                0x00000262                UART4_ERR_DriverIRQHandler
                0x00000262                PORTB_DriverIRQHandler
                0x00000262                UART0_LON_DriverIRQHandler
                0x00000262                DMA0_DriverIRQHandler
                0x00000262                DMA1_DriverIRQHandler
                0x00000262                I2C1_DriverIRQHandler
                0x00000262                ENET_Receive_DriverIRQHandler
                0x00000262                DMA13_DriverIRQHandler
                0x00000262                ENET_Error_DriverIRQHandler
                0x00000262                DMA15_DriverIRQHandler
                0x00000262                SPI0_DriverIRQHandler
                0x00000262                ADC0_DriverIRQHandler
                0x00000262                CMP0_DriverIRQHandler
                0x00000262                CAN0_DriverIRQHandler
                0x00000262                FTM3_DriverIRQHandler
                0x00000262                PIT0_DriverIRQHandler
                0x00000262                UART1_ERR_DriverIRQHandler
                0x00000262                DMA2_DriverIRQHandler
                0x00000262                ENET_Transmit_DriverIRQHandler
                0x00000262                PORTD_DriverIRQHandler
                0x00000262                PORTE_DriverIRQHandler
                0x00000262                FTFE_DriverIRQHandler
                0x00000262                I2C0_DriverIRQHandler
                0x00000262                DMA7_DriverIRQHandler
                0x00000400                . = 0x400
 *fill*         0x00000264      0x19c ff
                0x00000400                PROVIDE (__FLASH_CONFIG_START__ = .)
 *(SORT_BY_ALIGNMENT(.FlashConfig))
 .FlashConfig   0x00000400       0x10 ./startup/startup_mk64f12.o
                0x00000400                Flash_Config
                0x00000410                PROVIDE (__FLASH_CONFIG_END__ = .)
                0x00000001                ASSERT (! ((__FLASH_CONFIG_START__ == __FLASH_CONFIG_END__)), Linker Flash Config Support Enabled, but no .FlashConfig section provided within application)
 *(SORT_BY_ALIGNMENT(.text*))
 .text.DbgConsole_ConvertFloatRadixNumToString
                0x00000410      0x2a0 ./utilities/fsl_debug_console.o
 .text.pow      0x000006b0      0x564 c:/nxp/mcuxpressoide_11.4.0_6224/ide/plugins/com.nxp.mcuxpresso.tools.win32_11.4.0.202103011116/tools/bin/../lib/gcc/arm-none-eabi/10.2.1/../../../../arm-none-eabi/lib/thumb/v7e-m+fp/hard\libcr_c.a(pow.o)
                0x000006b0                pow
 *fill*         0x00000c14        0x4 ff
 .text.frexp    0x00000c18       0x68 c:/nxp/mcuxpressoide_11.4.0_6224/ide/plugins/com.nxp.mcuxpresso.tools.win32_11.4.0.202103011116/tools/bin/../lib/gcc/arm-none-eabi/10.2.1/../../../../arm-none-eabi/lib/thumb/v7e-m+fp/hard\libcr_c.a(frexp.o)
                0x00000c18                frexp
 .text.ldexp    0x00000c80       0x5c c:/nxp/mcuxpressoide_11.4.0_6224/ide/plugins/com.nxp.mcuxpresso.tools.win32_11.4.0.202103011116/tools/bin/../lib/gcc/arm-none-eabi/10.2.1/../../../../arm-none-eabi/lib/thumb/v7e-m+fp/hard\libcr_c.a(ldexp.o)
                0x00000c80                ldexp
 .text.__assertion_failed
                0x00000cdc       0x18 ./utilities/fsl_assert.o
                0x00000cdc                __assertion_failed
 .text.DbgConsole_Init
                0x00000cf4       0x74 ./utilities/fsl_debug_console.o
                0x00000cf4                DbgConsole_Init
 .text.DbgConsole_Printf
                0x00000d68       0x40 ./utilities/fsl_debug_console.o
                0x00000d68                DbgConsole_Printf
 .text.DbgConsole_Putchar
                0x00000da8       0x30 ./utilities/fsl_debug_console.o
                0x00000da8                DbgConsole_Putchar
 .text.DbgConsole_Scanf
                0x00000dd8       0xb4 ./utilities/fsl_debug_console.o
                0x00000dd8                DbgConsole_Scanf
 .text.DbgConsole_Getchar
                0x00000e8c       0x3c ./utilities/fsl_debug_console.o
                0x00000e8c                DbgConsole_Getchar
 .text.DbgConsole_PrintfFormattedData
                0x00000ec8      0x9a4 ./utilities/fsl_debug_console.o
 .text.DbgConsole_ScanfFormattedData
                0x0000186c      0x624 ./utilities/fsl_debug_console.o
 .text.PIT_SetTimerPeriod
                0x00001e90       0x38 ./source/FFT.o
 .text.ADC16_GetChannelConversionValue
                0x00001ec8       0x2c ./source/FFT.o
 .text.PORTC_IRQHandler
                0x00001ef4       0x4c ./source/FFT.o
                0x00001ef4                PORTC_IRQHandler
 .text.PORTA_IRQHandler
                0x00001f40      0x11c ./source/FFT.o
                0x00001f40                PORTA_IRQHandler
 .text.PIT0_IRQHandler
                0x0000205c       0x40 ./source/FFT.o
                0x0000205c                PIT0_IRQHandler
 .text.ADC0_IRQHandler
                0x0000209c       0x74 ./source/FFT.o
                0x0000209c                ADC0_IRQHandler
 .text.main     0x00002110      0x338 ./source/FFT.o
                0x00002110                main
 .text.ADC16_GetInstance
                0x00002448       0x4c ./drivers/fsl_adc16.o
 .text.ADC16_Init
                0x00002494      0x118 ./drivers/fsl_adc16.o
                0x00002494                ADC16_Init
 .text.ADC16_SetChannelConfig
                0x000025ac       0x68 ./drivers/fsl_adc16.o
                0x000025ac                ADC16_SetChannelConfig
 .text.ADC16_GetChannelStatusFlags
                0x00002614       0x40 ./drivers/fsl_adc16.o
                0x00002614                ADC16_GetChannelStatusFlags
 .text.CLOCK_SetEr32kClock
                0x00002654       0x30 ./drivers/fsl_clock.o
 .text.CLOCK_SetPllFllSelClock
                0x00002684       0x38 ./drivers/fsl_clock.o
 .text.CLOCK_GetMcgExtClkFreq
                0x000026bc       0x7c ./drivers/fsl_clock.o
 .text.CLOCK_GetFllExtRefClkFreq
                0x00002738       0xb0 ./drivers/fsl_clock.o
 .text.CLOCK_GetInternalRefClkSelectFreq
                0x000027e8       0x4c ./drivers/fsl_clock.o
 .text.CLOCK_GetFllRefClkFreq
                0x00002834       0x34 ./drivers/fsl_clock.o
 .text.CLOCK_GetOscRangeFromFreq
                0x00002868       0x3c ./drivers/fsl_clock.o
 .text.CLOCK_GetCoreSysClkFreq
                0x000028a4       0x28 ./drivers/fsl_clock.o
                0x000028a4                CLOCK_GetCoreSysClkFreq
 .text.CLOCK_SetSimConfig
                0x000028cc       0x34 ./drivers/fsl_clock.o
                0x000028cc                CLOCK_SetSimConfig
 .text.CLOCK_GetOutClkFreq
                0x00002900       0x64 ./drivers/fsl_clock.o
                0x00002900                CLOCK_GetOutClkFreq
 .text.CLOCK_GetFllFreq
                0x00002964       0x84 ./drivers/fsl_clock.o
                0x00002964                CLOCK_GetFllFreq
 .text.CLOCK_GetPll0Freq
                0x000029e8       0x78 ./drivers/fsl_clock.o
                0x000029e8                CLOCK_GetPll0Freq
 .text.CLOCK_SetExternalRefClkConfig
                0x00002a60       0x6c ./drivers/fsl_clock.o
                0x00002a60                CLOCK_SetExternalRefClkConfig
 .text.CLOCK_SetInternalRefClkConfig
                0x00002acc      0x104 ./drivers/fsl_clock.o
                0x00002acc                CLOCK_SetInternalRefClkConfig
 .text.CLOCK_EnablePll0
                0x00002bd0       0x88 ./drivers/fsl_clock.o
                0x00002bd0                CLOCK_EnablePll0
 .text.CLOCK_InitOsc0
                0x00002c58       0x8c ./drivers/fsl_clock.o
                0x00002c58                CLOCK_InitOsc0
 .text.CLOCK_SetPbeMode
                0x00002ce4       0xa8 ./drivers/fsl_clock.o
                0x00002ce4                CLOCK_SetPbeMode
 .text.CLOCK_BootToPeeMode
                0x00002d8c       0x64 ./drivers/fsl_clock.o
                0x00002d8c                CLOCK_BootToPeeMode
 .text.DAC_GetInstance
                0x00002df0       0x4c ./drivers/fsl_dac.o
 .text.DAC_Init
                0x00002e3c       0x70 ./drivers/fsl_dac.o
                0x00002e3c                DAC_Init
 .text.DAC_SetBufferValue
                0x00002eac       0x50 ./drivers/fsl_dac.o
                0x00002eac                DAC_SetBufferValue
 .text.DAC_SetBufferReadPointer
                0x00002efc       0x48 ./drivers/fsl_dac.o
                0x00002efc                DAC_SetBufferReadPointer
 .text.GPIO_GetInstance
                0x00002f44       0x4c ./drivers/fsl_gpio.o
 .text.GPIO_PinInit
                0x00002f90       0x64 ./drivers/fsl_gpio.o
                0x00002f90                GPIO_PinInit
 .text.GPIO_PortGetInterruptFlags
                0x00002ff4       0x30 ./drivers/fsl_gpio.o
                0x00002ff4                GPIO_PortGetInterruptFlags
 .text.GPIO_PortClearInterruptFlags
                0x00003024       0x34 ./drivers/fsl_gpio.o
                0x00003024                GPIO_PortClearInterruptFlags
 .text.PIT_GetInstance
                0x00003058       0x44 ./drivers/fsl_pit.o
 .text.PIT_Init
                0x0000309c       0x94 ./drivers/fsl_pit.o
                0x0000309c                PIT_Init
 .text.UART_GetInstance
                0x00003130       0x54 ./drivers/fsl_uart.o
                0x00003130                UART_GetInstance
 .text.UART_Init
                0x00003184      0x2f4 ./drivers/fsl_uart.o
                0x00003184                UART_Init
 .text.UART_GetDefaultConfig
                0x00003478       0x68 ./drivers/fsl_uart.o
                0x00003478                UART_GetDefaultConfig
 .text.UART_ReadBlocking
                0x000034e0       0xfc ./drivers/fsl_uart.o
                0x000034e0                UART_ReadBlocking
 .text.UART0_DriverIRQHandler
                0x000035dc       0x28 ./drivers/fsl_uart.o
                0x000035dc                UART0_DriverIRQHandler
 .text.UART1_DriverIRQHandler
                0x00003604       0x28 ./drivers/fsl_uart.o
                0x00003604                UART1_DriverIRQHandler
 .text.UART2_DriverIRQHandler
                0x0000362c       0x28 ./drivers/fsl_uart.o
                0x0000362c                UART2_DriverIRQHandler
 .text.UART3_DriverIRQHandler
                0x00003654       0x28 ./drivers/fsl_uart.o
                0x00003654                UART3_DriverIRQHandler
 .text.UART4_DriverIRQHandler
                0x0000367c       0x28 ./drivers/fsl_uart.o
                0x0000367c                UART4_DriverIRQHandler
 .text.UART5_DriverIRQHandler
                0x000036a4       0x28 ./drivers/fsl_uart.o
                0x000036a4                UART5_DriverIRQHandler
 .text.SystemInit
                0x000036cc       0x3c ./device/system_MK64F12.o
                0x000036cc                SystemInit
 .text.HAL_UartInit
                0x00003708      0x128 ./component/uart/fsl_adapter_uart.o
                0x00003708                HAL_UartInit
 .text.HAL_UartReceiveBlocking
                0x00003830       0x6c ./component/uart/fsl_adapter_uart.o
                0x00003830                HAL_UartReceiveBlocking
 .text.HAL_UartSendBlocking
                0x0000389c       0x64 ./component/uart/fsl_adapter_uart.o
                0x0000389c                HAL_UartSendBlocking
 .text.CLOCK_SetSimSafeDivs
                0x00003900       0x20 ./board/clock_config.o
 .text.CLOCK_SetXtal0Freq
                0x00003920       0x20 ./board/clock_config.o
 .text.CLOCK_CONFIG_SetFllExtRefDiv
                0x00003940       0x3c ./board/clock_config.o
 .text.BOARD_BootClockRUN
                0x0000397c       0x60 ./board/clock_config.o
                0x0000397c                BOARD_BootClockRUN
 .text.__NVIC_EnableIRQ
                0x000039dc       0x3c ./board/peripherals.o
 .text.PIT_SetTimerPeriod
                0x00003a18       0x38 ./board/peripherals.o
 .text.PIT_init
                0x00003a50       0x3c ./board/peripherals.o
 .text.ADC0_init
                0x00003a8c       0x44 ./board/peripherals.o
 .text.DAC0_init
                0x00003ad0       0x34 ./board/peripherals.o
 .text.BOARD_InitPins
                0x00003b04      0x16c ./board/pin_mux.o
                0x00003b04                BOARD_InitPins
 .text.arm_rfft_init_q15
                0x00003c70      0x158 ./CMSIS/DSP/Source/TransformFunctions/TransformFunctions.o
                0x00003c70                arm_rfft_init_q15
 .text._initio  0x00003dc8       0x78 c:/nxp/mcuxpressoide_11.4.0_6224/ide/plugins/com.nxp.mcuxpresso.tools.win32_11.4.0.202103011116/tools/bin/../lib/gcc/arm-none-eabi/10.2.1/../../../../arm-none-eabi/lib/thumb/v7e-m+fp/hard\libcr_c.a(initio.o)
                0x00003dc8                _initio
 .text.modf     0x00003e40       0x8c c:/nxp/mcuxpressoide_11.4.0_6224/ide/plugins/com.nxp.mcuxpresso.tools.win32_11.4.0.202103011116/tools/bin/../lib/gcc/arm-none-eabi/10.2.1/../../../../arm-none-eabi/lib/thumb/v7e-m+fp/hard\libcr_c.a(modf.o)
                0x00003e40                modf
 .text.fflush   0x00003ecc       0x3c c:/nxp/mcuxpressoide_11.4.0_6224/ide/plugins/com.nxp.mcuxpresso.tools.win32_11.4.0.202103011116/tools/bin/../lib/gcc/arm-none-eabi/10.2.1/../../../../arm-none-eabi/lib/thumb/v7e-m+fp/hard\libcr_c.a(fflush.o)
                0x00003ecc                fflush
 .text.fseek    0x00003f08      0x100 c:/nxp/mcuxpressoide_11.4.0_6224/ide/plugins/com.nxp.mcuxpresso.tools.win32_11.4.0.202103011116/tools/bin/../lib/gcc/arm-none-eabi/10.2.1/../../../../arm-none-eabi/lib/thumb/v7e-m+fp/hard\libcr_c.a(fseek.o)
                0x00003f08                fseek
 .text.ftell    0x00004008       0x44 c:/nxp/mcuxpressoide_11.4.0_6224/ide/plugins/com.nxp.mcuxpresso.tools.win32_11.4.0.202103011116/tools/bin/../lib/gcc/arm-none-eabi/10.2.1/../../../../arm-none-eabi/lib/thumb/v7e-m+fp/hard\libcr_c.a(ftell.o)
                0x00004008                ftell
 .text._Cwritebuf
                0x0000404c       0x6c c:/nxp/mcuxpressoide_11.4.0_6224/ide/plugins/com.nxp.mcuxpresso.tools.win32_11.4.0.202103011116/tools/bin/../lib/gcc/arm-none-eabi/10.2.1/../../../../arm-none-eabi/lib/thumb/v7e-m+fp/hard\libcr_c.a(_writebuf.o)
                0x0000404c                _Cwritebuf
 .text.__aeabi_dmul
                0x000040b8       0xfc c:/nxp/mcuxpressoide_11.4.0_6224/ide/plugins/com.nxp.mcuxpresso.tools.win32_11.4.0.202103011116/tools/bin/../lib/gcc/arm-none-eabi/10.2.1/thumb/v7e-m+fp/hard\libcr_eabihelpers.a(double.o)
                0x000040b8                __aeabi_dmul
 .text.__aeabi_ddiv
                0x000041b4      0x138 c:/nxp/mcuxpressoide_11.4.0_6224/ide/plugins/com.nxp.mcuxpresso.tools.win32_11.4.0.202103011116/tools/bin/../lib/gcc/arm-none-eabi/10.2.1/thumb/v7e-m+fp/hard\libcr_eabihelpers.a(double.o)
                0x000041b4                __aeabi_ddiv
 .text.__aeabi_dsub
                0x000042ec      0x1ac c:/nxp/mcuxpressoide_11.4.0_6224/ide/plugins/com.nxp.mcuxpresso.tools.win32_11.4.0.202103011116/tools/bin/../lib/gcc/arm-none-eabi/10.2.1/thumb/v7e-m+fp/hard\libcr_eabihelpers.a(double.o)
                0x000042ec                __aeabi_dsub
 .text.__aeabi_dadd
                0x00004498      0x114 c:/nxp/mcuxpressoide_11.4.0_6224/ide/plugins/com.nxp.mcuxpresso.tools.win32_11.4.0.202103011116/tools/bin/../lib/gcc/arm-none-eabi/10.2.1/thumb/v7e-m+fp/hard\libcr_eabihelpers.a(double.o)
                0x00004498                __aeabi_dadd
 .text.DbgConsole_ScanIgnoreWhiteSpace
                0x000045ac       0x60 ./utilities/fsl_debug_console.o
 .text.DbgConsole_PrintfPaddingCharacter
                0x0000460c       0x40 ./utilities/fsl_debug_console.o
 .text.DbgConsole_ConvertRadixNumToString
                0x0000464c      0x214 ./utilities/fsl_debug_console.o
 .text.DMA0_IRQHandler
                0x00004860        0x8 ./startup/startup_mk64f12.o
                0x00004860                DMA0_IRQHandler
 .text.DMA1_IRQHandler
                0x00004868        0x8 ./startup/startup_mk64f12.o
                0x00004868                DMA1_IRQHandler
 .text.DMA2_IRQHandler
                0x00004870        0x8 ./startup/startup_mk64f12.o
                0x00004870                DMA2_IRQHandler
 .text.DMA3_IRQHandler
                0x00004878        0x8 ./startup/startup_mk64f12.o
                0x00004878                DMA3_IRQHandler
 .text.DMA4_IRQHandler
                0x00004880        0x8 ./startup/startup_mk64f12.o
                0x00004880                DMA4_IRQHandler
 .text.DMA5_IRQHandler
                0x00004888        0x8 ./startup/startup_mk64f12.o
                0x00004888                DMA5_IRQHandler
 .text.DMA6_IRQHandler
                0x00004890        0x8 ./startup/startup_mk64f12.o
                0x00004890                DMA6_IRQHandler
 .text.DMA7_IRQHandler
                0x00004898        0x8 ./startup/startup_mk64f12.o
                0x00004898                DMA7_IRQHandler
 .text.DMA8_IRQHandler
                0x000048a0        0x8 ./startup/startup_mk64f12.o
                0x000048a0                DMA8_IRQHandler
 .text.DMA9_IRQHandler
                0x000048a8        0x8 ./startup/startup_mk64f12.o
                0x000048a8                DMA9_IRQHandler
 .text.DMA10_IRQHandler
                0x000048b0        0x8 ./startup/startup_mk64f12.o
                0x000048b0                DMA10_IRQHandler
 .text.DMA11_IRQHandler
                0x000048b8        0x8 ./startup/startup_mk64f12.o
                0x000048b8                DMA11_IRQHandler
 .text.DMA12_IRQHandler
                0x000048c0        0x8 ./startup/startup_mk64f12.o
                0x000048c0                DMA12_IRQHandler
 .text.DMA13_IRQHandler
                0x000048c8        0x8 ./startup/startup_mk64f12.o
                0x000048c8                DMA13_IRQHandler
 .text.DMA14_IRQHandler
                0x000048d0        0x8 ./startup/startup_mk64f12.o
                0x000048d0                DMA14_IRQHandler
 .text.DMA15_IRQHandler
                0x000048d8        0x8 ./startup/startup_mk64f12.o
                0x000048d8                DMA15_IRQHandler
 .text.DMA_Error_IRQHandler
                0x000048e0        0x8 ./startup/startup_mk64f12.o
                0x000048e0                DMA_Error_IRQHandler
 .text.MCM_IRQHandler
                0x000048e8        0x8 ./startup/startup_mk64f12.o
                0x000048e8                MCM_IRQHandler
 .text.FTFE_IRQHandler
                0x000048f0        0x8 ./startup/startup_mk64f12.o
                0x000048f0                FTFE_IRQHandler
 .text.Read_Collision_IRQHandler
                0x000048f8        0x8 ./startup/startup_mk64f12.o
                0x000048f8                Read_Collision_IRQHandler
 .text.LVD_LVW_IRQHandler
                0x00004900        0x8 ./startup/startup_mk64f12.o
                0x00004900                LVD_LVW_IRQHandler
 .text.LLWU_IRQHandler
                0x00004908        0x8 ./startup/startup_mk64f12.o
                0x00004908                LLWU_IRQHandler
 .text.WDOG_EWM_IRQHandler
                0x00004910        0x8 ./startup/startup_mk64f12.o
                0x00004910                WDOG_EWM_IRQHandler
 .text.RNG_IRQHandler
                0x00004918        0x8 ./startup/startup_mk64f12.o
                0x00004918                RNG_IRQHandler
 .text.I2C0_IRQHandler
                0x00004920        0x8 ./startup/startup_mk64f12.o
                0x00004920                I2C0_IRQHandler
 .text.I2C1_IRQHandler
                0x00004928        0x8 ./startup/startup_mk64f12.o
                0x00004928                I2C1_IRQHandler
 .text.SPI0_IRQHandler
                0x00004930        0x8 ./startup/startup_mk64f12.o
                0x00004930                SPI0_IRQHandler
 .text.SPI1_IRQHandler
                0x00004938        0x8 ./startup/startup_mk64f12.o
                0x00004938                SPI1_IRQHandler
 .text.I2S0_Tx_IRQHandler
                0x00004940        0x8 ./startup/startup_mk64f12.o
                0x00004940                I2S0_Tx_IRQHandler
 .text.I2S0_Rx_IRQHandler
                0x00004948        0x8 ./startup/startup_mk64f12.o
                0x00004948                I2S0_Rx_IRQHandler
 .text.UART0_LON_IRQHandler
                0x00004950        0x8 ./startup/startup_mk64f12.o
                0x00004950                UART0_LON_IRQHandler
 .text.UART0_RX_TX_IRQHandler
                0x00004958        0x8 ./startup/startup_mk64f12.o
                0x00004958                UART0_RX_TX_IRQHandler
 .text.UART0_ERR_IRQHandler
                0x00004960        0x8 ./startup/startup_mk64f12.o
                0x00004960                UART0_ERR_IRQHandler
 .text.UART1_RX_TX_IRQHandler
                0x00004968        0x8 ./startup/startup_mk64f12.o
                0x00004968                UART1_RX_TX_IRQHandler
 .text.UART1_ERR_IRQHandler
                0x00004970        0x8 ./startup/startup_mk64f12.o
                0x00004970                UART1_ERR_IRQHandler
 .text.UART2_RX_TX_IRQHandler
                0x00004978        0x8 ./startup/startup_mk64f12.o
                0x00004978                UART2_RX_TX_IRQHandler
 .text.UART2_ERR_IRQHandler
                0x00004980        0x8 ./startup/startup_mk64f12.o
                0x00004980                UART2_ERR_IRQHandler
 .text.UART3_RX_TX_IRQHandler
                0x00004988        0x8 ./startup/startup_mk64f12.o
                0x00004988                UART3_RX_TX_IRQHandler
 .text.UART3_ERR_IRQHandler
                0x00004990        0x8 ./startup/startup_mk64f12.o
                0x00004990                UART3_ERR_IRQHandler
 .text.CMP0_IRQHandler
                0x00004998        0x8 ./startup/startup_mk64f12.o
                0x00004998                CMP0_IRQHandler
 .text.CMP1_IRQHandler
                0x000049a0        0x8 ./startup/startup_mk64f12.o
                0x000049a0                CMP1_IRQHandler
 .text.FTM0_IRQHandler
                0x000049a8        0x8 ./startup/startup_mk64f12.o
                0x000049a8                FTM0_IRQHandler
 .text.FTM1_IRQHandler
                0x000049b0        0x8 ./startup/startup_mk64f12.o
                0x000049b0                FTM1_IRQHandler
 .text.FTM2_IRQHandler
                0x000049b8        0x8 ./startup/startup_mk64f12.o
                0x000049b8                FTM2_IRQHandler
 .text.CMT_IRQHandler
                0x000049c0        0x8 ./startup/startup_mk64f12.o
                0x000049c0                CMT_IRQHandler
 .text.RTC_IRQHandler
                0x000049c8        0x8 ./startup/startup_mk64f12.o
                0x000049c8                RTC_IRQHandler
 .text.RTC_Seconds_IRQHandler
                0x000049d0        0x8 ./startup/startup_mk64f12.o
                0x000049d0                RTC_Seconds_IRQHandler
 .text.PIT1_IRQHandler
                0x000049d8        0x8 ./startup/startup_mk64f12.o
                0x000049d8                PIT1_IRQHandler
 .text.PIT2_IRQHandler
                0x000049e0        0x8 ./startup/startup_mk64f12.o
                0x000049e0                PIT2_IRQHandler
 .text.PIT3_IRQHandler
                0x000049e8        0x8 ./startup/startup_mk64f12.o
                0x000049e8                PIT3_IRQHandler
 .text.PDB0_IRQHandler
                0x000049f0        0x8 ./startup/startup_mk64f12.o
                0x000049f0                PDB0_IRQHandler
 .text.USB0_IRQHandler
                0x000049f8        0x8 ./startup/startup_mk64f12.o
                0x000049f8                USB0_IRQHandler
 .text.USBDCD_IRQHandler
                0x00004a00        0x8 ./startup/startup_mk64f12.o
                0x00004a00                USBDCD_IRQHandler
 .text.Reserved71_IRQHandler
                0x00004a08        0x8 ./startup/startup_mk64f12.o
                0x00004a08                Reserved71_IRQHandler
 .text.DAC0_IRQHandler
                0x00004a10        0x8 ./startup/startup_mk64f12.o
                0x00004a10                DAC0_IRQHandler
 .text.MCG_IRQHandler
                0x00004a18        0x8 ./startup/startup_mk64f12.o
                0x00004a18                MCG_IRQHandler
 .text.LPTMR0_IRQHandler
                0x00004a20        0x8 ./startup/startup_mk64f12.o
                0x00004a20                LPTMR0_IRQHandler
 .text.PORTB_IRQHandler
                0x00004a28        0x8 ./startup/startup_mk64f12.o
                0x00004a28                PORTB_IRQHandler
 .text.PORTD_IRQHandler
                0x00004a30        0x8 ./startup/startup_mk64f12.o
                0x00004a30                PORTD_IRQHandler
 .text.PORTE_IRQHandler
                0x00004a38        0x8 ./startup/startup_mk64f12.o
                0x00004a38                PORTE_IRQHandler
 .text.SWI_IRQHandler
                0x00004a40        0x8 ./startup/startup_mk64f12.o
                0x00004a40                SWI_IRQHandler
 .text.SPI2_IRQHandler
                0x00004a48        0x8 ./startup/startup_mk64f12.o
                0x00004a48                SPI2_IRQHandler
 .text.UART4_RX_TX_IRQHandler
                0x00004a50        0x8 ./startup/startup_mk64f12.o
                0x00004a50                UART4_RX_TX_IRQHandler
 .text.UART4_ERR_IRQHandler
                0x00004a58        0x8 ./startup/startup_mk64f12.o
                0x00004a58                UART4_ERR_IRQHandler
 .text.UART5_RX_TX_IRQHandler
                0x00004a60        0x8 ./startup/startup_mk64f12.o
                0x00004a60                UART5_RX_TX_IRQHandler
 .text.UART5_ERR_IRQHandler
                0x00004a68        0x8 ./startup/startup_mk64f12.o
                0x00004a68                UART5_ERR_IRQHandler
 .text.CMP2_IRQHandler
                0x00004a70        0x8 ./startup/startup_mk64f12.o
                0x00004a70                CMP2_IRQHandler
 .text.FTM3_IRQHandler
                0x00004a78        0x8 ./startup/startup_mk64f12.o
                0x00004a78                FTM3_IRQHandler
 .text.DAC1_IRQHandler
                0x00004a80        0x8 ./startup/startup_mk64f12.o
                0x00004a80                DAC1_IRQHandler
 .text.ADC1_IRQHandler
                0x00004a88        0x8 ./startup/startup_mk64f12.o
                0x00004a88                ADC1_IRQHandler
 .text.I2C2_IRQHandler
                0x00004a90        0x8 ./startup/startup_mk64f12.o
                0x00004a90                I2C2_IRQHandler
 .text.CAN0_ORed_Message_buffer_IRQHandler
                0x00004a98        0x8 ./startup/startup_mk64f12.o
                0x00004a98                CAN0_ORed_Message_buffer_IRQHandler
 .text.CAN0_Bus_Off_IRQHandler
                0x00004aa0        0x8 ./startup/startup_mk64f12.o
                0x00004aa0                CAN0_Bus_Off_IRQHandler
 .text.CAN0_Error_IRQHandler
                0x00004aa8        0x8 ./startup/startup_mk64f12.o
                0x00004aa8                CAN0_Error_IRQHandler
 .text.CAN0_Tx_Warning_IRQHandler
                0x00004ab0        0x8 ./startup/startup_mk64f12.o
                0x00004ab0                CAN0_Tx_Warning_IRQHandler
 .text.CAN0_Rx_Warning_IRQHandler
                0x00004ab8        0x8 ./startup/startup_mk64f12.o
                0x00004ab8                CAN0_Rx_Warning_IRQHandler
 .text.CAN0_Wake_Up_IRQHandler
                0x00004ac0        0x8 ./startup/startup_mk64f12.o
                0x00004ac0                CAN0_Wake_Up_IRQHandler
 .text.SDHC_IRQHandler
                0x00004ac8        0x8 ./startup/startup_mk64f12.o
                0x00004ac8                SDHC_IRQHandler
 .text.ENET_1588_Timer_IRQHandler
                0x00004ad0        0x8 ./startup/startup_mk64f12.o
                0x00004ad0                ENET_1588_Timer_IRQHandler
 .text.ENET_Transmit_IRQHandler
                0x00004ad8        0x8 ./startup/startup_mk64f12.o
                0x00004ad8                ENET_Transmit_IRQHandler
 .text.ENET_Receive_IRQHandler
                0x00004ae0        0x8 ./startup/startup_mk64f12.o
                0x00004ae0                ENET_Receive_IRQHandler
 .text.ENET_Error_IRQHandler
                0x00004ae8        0x8 ./startup/startup_mk64f12.o
                0x00004ae8                ENET_Error_IRQHandler
 .text.DisableGlobalIRQ
                0x00004af0       0x22 ./source/FFT.o
 .text.EnableGlobalIRQ
                0x00004b12       0x20 ./source/FFT.o
 .text.GPIO_PortSet
                0x00004b32       0x1c ./source/FFT.o
 .text.GPIO_PortClear
                0x00004b4e       0x1c ./source/FFT.o
 .text.GPIO_PortToggle
                0x00004b6a       0x1c ./source/FFT.o
 .text.PIT_GetStatusFlags
                0x00004b86       0x2a ./source/FFT.o
 .text.PIT_ClearStatusFlags
                0x00004bb0       0x2a ./source/FFT.o
 .text.CLOCK_EnableClock
                0x00004bda       0x34 ./drivers/fsl_adc16.o
 .text.ADC16_DoAutoCalibration
                0x00004c0e      0x130 ./drivers/fsl_adc16.o
                0x00004c0e                ADC16_DoAutoCalibration
 .text.ADC16_SetChannelMuxMode
                0x00004d3e       0x38 ./drivers/fsl_adc16.o
                0x00004d3e                ADC16_SetChannelMuxMode
 .text.ADC16_SetHardwareAverage
                0x00004d76       0x3e ./drivers/fsl_adc16.o
                0x00004d76                ADC16_SetHardwareAverage
 .text.ADC16_GetStatusFlags
                0x00004db4       0x42 ./drivers/fsl_adc16.o
                0x00004db4                ADC16_GetStatusFlags
 .text.OSC_SetExtRefClkConfig
                0x00004df6       0x34 ./drivers/fsl_clock.o
 .text.OSC_SetCapLoad
                0x00004e2a       0x34 ./drivers/fsl_clock.o
 .text.CLOCK_GetPll0RefFreq
                0x00004e5e        0xe ./drivers/fsl_clock.o
 .text.CLOCK_EnableClock
                0x00004e6c       0x34 ./drivers/fsl_dac.o
 .text.GPIO_PinWrite
                0x00004ea0       0x36 ./drivers/fsl_gpio.o
 .text.CLOCK_EnableClock
                0x00004ed6       0x34 ./drivers/fsl_pit.o
 .text.CLOCK_EnableClock
                0x00004f0a       0x34 ./drivers/fsl_uart.o
 .text.UART_GetStatusFlags
                0x00004f3e       0x48 ./drivers/fsl_uart.o
                0x00004f3e                UART_GetStatusFlags
 .text.UART_ClearStatusFlags
                0x00004f86       0x80 ./drivers/fsl_uart.o
                0x00004f86                UART_ClearStatusFlags
 .text.UART_WriteBlocking
                0x00005006       0x50 ./drivers/fsl_uart.o
                0x00005006                UART_WriteBlocking
 .text.UART0_RX_TX_DriverIRQHandler
                0x00005056       0x12 ./drivers/fsl_uart.o
                0x00005056                UART0_RX_TX_DriverIRQHandler
 .text.UART1_RX_TX_DriverIRQHandler
                0x00005068       0x12 ./drivers/fsl_uart.o
                0x00005068                UART1_RX_TX_DriverIRQHandler
 .text.UART2_RX_TX_DriverIRQHandler
                0x0000507a       0x12 ./drivers/fsl_uart.o
                0x0000507a                UART2_RX_TX_DriverIRQHandler
 .text.UART3_RX_TX_DriverIRQHandler
                0x0000508c       0x12 ./drivers/fsl_uart.o
                0x0000508c                UART3_RX_TX_DriverIRQHandler
 .text.UART4_RX_TX_DriverIRQHandler
                0x0000509e       0x12 ./drivers/fsl_uart.o
                0x0000509e                UART4_RX_TX_DriverIRQHandler
 .text.UART5_RX_TX_DriverIRQHandler
                0x000050b0       0x12 ./drivers/fsl_uart.o
                0x000050b0                UART5_RX_TX_DriverIRQHandler
 .text.SystemInitHook
                0x000050c2        0xe ./device/system_MK64F12.o
                0x000050c2                SystemInitHook
 .text.HAL_UartGetStatus
                0x000050d0       0x22 ./component/uart/fsl_adapter_uart.o
 .text.BOARD_InitDebugConsole
                0x000050f2       0x22 ./board/board.o
                0x000050f2                BOARD_InitDebugConsole
 .text.BOARD_InitBootClocks
                0x00005114        0xc ./board/clock_config.o
                0x00005114                BOARD_InitBootClocks
 .text.EnableIRQ
                0x00005120       0x32 ./board/peripherals.o
 .text.PIT_EnableInterrupts
                0x00005152       0x3a ./board/peripherals.o
 .text.PIT_StartTimer
                0x0000518c       0x38 ./board/peripherals.o
 .text.ADC16_EnableHardwareTrigger
                0x000051c4       0x38 ./board/peripherals.o
 .text.DAC_Enable
                0x000051fc       0x48 ./board/peripherals.o
 .text.GPIOA_init
                0x00005244        0xe ./board/peripherals.o
 .text.GPIOC_init
                0x00005252        0xe ./board/peripherals.o
 .text.BOARD_InitPeripherals
                0x00005260       0x1c ./board/peripherals.o
                0x00005260                BOARD_InitPeripherals
 .text.BOARD_InitBootPeripherals
                0x0000527c        0xc ./board/peripherals.o
                0x0000527c                BOARD_InitBootPeripherals
 .text.CLOCK_EnableClock
                0x00005288       0x34 ./board/pin_mux.o
 .text.PORT_SetPinMux
                0x000052bc       0x3a ./board/pin_mux.o
 .text.PORT_SetPinInterruptConfig
                0x000052f6       0x3a ./board/pin_mux.o
 .text.BOARD_InitBootPins
                0x00005330        0xc ./board/pin_mux.o
                0x00005330                BOARD_InitBootPins
 .text.arm_bitreversal_16
                0x0000533c       0xae ./CMSIS/DSP/Source/TransformFunctions/TransformFunctions.o
                0x0000533c                arm_bitreversal_16
 .text.arm_cfft_q15
                0x000053ea      0x170 ./CMSIS/DSP/Source/TransformFunctions/TransformFunctions.o
                0x000053ea                arm_cfft_q15
 .text.arm_cfft_radix4by2_q15
                0x0000555a      0x2c0 ./CMSIS/DSP/Source/TransformFunctions/TransformFunctions.o
                0x0000555a                arm_cfft_radix4by2_q15
 .text.arm_cfft_radix4by2_inverse_q15
                0x0000581a      0x2c0 ./CMSIS/DSP/Source/TransformFunctions/TransformFunctions.o
                0x0000581a                arm_cfft_radix4by2_inverse_q15
 .text.arm_radix4_butterfly_q15
                0x00005ada     0x1960 ./CMSIS/DSP/Source/TransformFunctions/TransformFunctions.o
                0x00005ada                arm_radix4_butterfly_q15
 .text.arm_radix4_butterfly_inverse_q15
                0x0000743a     0x1960 ./CMSIS/DSP/Source/TransformFunctions/TransformFunctions.o
                0x0000743a                arm_radix4_butterfly_inverse_q15
 .text.arm_rfft_q15
                0x00008d9a       0xb4 ./CMSIS/DSP/Source/TransformFunctions/TransformFunctions.o
                0x00008d9a                arm_rfft_q15
 .text.arm_split_rfft_q15
                0x00008e4e      0x296 ./CMSIS/DSP/Source/TransformFunctions/TransformFunctions.o
                0x00008e4e                arm_split_rfft_q15
 .text.arm_split_rifft_q15
                0x000090e4      0x20e ./CMSIS/DSP/Source/TransformFunctions/TransformFunctions.o
                0x000090e4                arm_split_rifft_q15
 .text.__main   0x000092f2        0xe c:/nxp/mcuxpressoide_11.4.0_6224/ide/plugins/com.nxp.mcuxpresso.tools.win32_11.4.0.202103011116/tools/bin/../lib/gcc/arm-none-eabi/10.2.1/../../../../arm-none-eabi/lib/thumb/v7e-m+fp/hard\libcr_nohost_nf.a(_cr__main.o)
                0x000092f2                __main
 .text.memcpy   0x00009300        0x4 c:/nxp/mcuxpressoide_11.4.0_6224/ide/plugins/com.nxp.mcuxpresso.tools.win32_11.4.0.202103011116/tools/bin/../lib/gcc/arm-none-eabi/10.2.1/../../../../arm-none-eabi/lib/thumb/v7e-m+fp/hard\libcr_c.a(memcpy.o)
                0x00009300                memcpy
 .text.memset   0x00009304        0x4 c:/nxp/mcuxpressoide_11.4.0_6224/ide/plugins/com.nxp.mcuxpresso.tools.win32_11.4.0.202103011116/tools/bin/../lib/gcc/arm-none-eabi/10.2.1/../../../../arm-none-eabi/lib/thumb/v7e-m+fp/hard\libcr_c.a(memset.o)
                0x00009304                memset
 .text.free     0x00009308       0x30 c:/nxp/mcuxpressoide_11.4.0_6224/ide/plugins/com.nxp.mcuxpresso.tools.win32_11.4.0.202103011116/tools/bin/../lib/gcc/arm-none-eabi/10.2.1/../../../../arm-none-eabi/lib/thumb/v7e-m+fp/hard\libcr_c.a(alloc.o)
                0x00009308                free
 .text.setvbuf  0x00009338       0x3e c:/nxp/mcuxpressoide_11.4.0_6224/ide/plugins/com.nxp.mcuxpresso.tools.win32_11.4.0.202103011116/tools/bin/../lib/gcc/arm-none-eabi/10.2.1/../../../../arm-none-eabi/lib/thumb/v7e-m+fp/hard\libcr_c.a(setvbuf.o)
                0x00009338                setvbuf
 .text.strlen   0x00009376       0x48 c:/nxp/mcuxpressoide_11.4.0_6224/ide/plugins/com.nxp.mcuxpresso.tools.win32_11.4.0.202103011116/tools/bin/../lib/gcc/arm-none-eabi/10.2.1/../../../../arm-none-eabi/lib/thumb/v7e-m+fp/hard\libcr_c.a(strlen.o)
                0x00009376                strlen
 .text._fdopen  0x000093be       0x68 c:/nxp/mcuxpressoide_11.4.0_6224/ide/plugins/com.nxp.mcuxpresso.tools.win32_11.4.0.202103011116/tools/bin/../lib/gcc/arm-none-eabi/10.2.1/../../../../arm-none-eabi/lib/thumb/v7e-m+fp/hard\libcr_c.a(_fdopen.o)
                0x000093be                _fdopen
 .text.fclose   0x00009426       0x58 c:/nxp/mcuxpressoide_11.4.0_6224/ide/plugins/com.nxp.mcuxpresso.tools.win32_11.4.0.202103011116/tools/bin/../lib/gcc/arm-none-eabi/10.2.1/../../../../arm-none-eabi/lib/thumb/v7e-m+fp/hard\libcr_c.a(fclose.o)
                0x00009426                fclose
 .text.remove   0x0000947e       0x14 c:/nxp/mcuxpressoide_11.4.0_6224/ide/plugins/com.nxp.mcuxpresso.tools.win32_11.4.0.202103011116/tools/bin/../lib/gcc/arm-none-eabi/10.2.1/../../../../arm-none-eabi/lib/thumb/v7e-m+fp/hard\libcr_c.a(remove.o)
                0x0000947e                remove
 .text._do_fflush
                0x00009492       0x40 c:/nxp/mcuxpressoide_11.4.0_6224/ide/plugins/com.nxp.mcuxpresso.tools.win32_11.4.0.202103011116/tools/bin/../lib/gcc/arm-none-eabi/10.2.1/../../../../arm-none-eabi/lib/thumb/v7e-m+fp/hard\libcr_c.a(_do_fflush.o)
                0x00009492                _do_fflush
 .text._fflush  0x000094d2       0x52 c:/nxp/mcuxpressoide_11.4.0_6224/ide/plugins/com.nxp.mcuxpresso.tools.win32_11.4.0.202103011116/tools/bin/../lib/gcc/arm-none-eabi/10.2.1/../../../../arm-none-eabi/lib/thumb/v7e-m+fp/hard\libcr_c.a(_fflush.o)
                0x000094d2                _fflush
 .text._deferredlazyseek
                0x00009524       0x40 c:/nxp/mcuxpressoide_11.4.0_6224/ide/plugins/com.nxp.mcuxpresso.tools.win32_11.4.0.202103011116/tools/bin/../lib/gcc/arm-none-eabi/10.2.1/../../../../arm-none-eabi/lib/thumb/v7e-m+fp/hard\libcr_c.a(_deferredlazyseek.o)
                0x00009524                _deferredlazyseek
 .text.__aeabi_division_ldivmod
                0x00009564       0x26 c:/nxp/mcuxpressoide_11.4.0_6224/ide/plugins/com.nxp.mcuxpresso.tools.win32_11.4.0.202103011116/tools/bin/../lib/gcc/arm-none-eabi/10.2.1/thumb/v7e-m+fp/hard\libcr_eabihelpers.a(division_64.o)
                0x00009564                __aeabi_ldivmod
 .text.__aeabi_division_uldivmod
                0x0000958a      0x174 c:/nxp/mcuxpressoide_11.4.0_6224/ide/plugins/com.nxp.mcuxpresso.tools.win32_11.4.0.202103011116/tools/bin/../lib/gcc/arm-none-eabi/10.2.1/thumb/v7e-m+fp/hard\libcr_eabihelpers.a(division_64.o)
                0x0000958a                __aeabi_uldivmod
                0x0000958e                __bhs_ldivmod1
 .text.__aeabi_division_idiv0
                0x000096fe        0x2 c:/nxp/mcuxpressoide_11.4.0_6224/ide/plugins/com.nxp.mcuxpresso.tools.win32_11.4.0.202103011116/tools/bin/../lib/gcc/arm-none-eabi/10.2.1/thumb/v7e-m+fp/hard\libcr_eabihelpers.a(division_idiv0.o)
                0x000096fe                __aeabi_idiv0
 .text.__aeabi_d2iz
                0x00009700       0x40 c:/nxp/mcuxpressoide_11.4.0_6224/ide/plugins/com.nxp.mcuxpresso.tools.win32_11.4.0.202103011116/tools/bin/../lib/gcc/arm-none-eabi/10.2.1/thumb/v7e-m+fp/hard\libcr_eabihelpers.a(double.o)
                0x00009700                __aeabi_d2iz
 .text.__aeabi_d2lz
                0x00009740       0x74 c:/nxp/mcuxpressoide_11.4.0_6224/ide/plugins/com.nxp.mcuxpresso.tools.win32_11.4.0.202103011116/tools/bin/../lib/gcc/arm-none-eabi/10.2.1/thumb/v7e-m+fp/hard\libcr_eabihelpers.a(double.o)
                0x00009740                __aeabi_d2lz
 .text.__bhs_ui2d
                0x000097b4       0x46 c:/nxp/mcuxpressoide_11.4.0_6224/ide/plugins/com.nxp.mcuxpresso.tools.win32_11.4.0.202103011116/tools/bin/../lib/gcc/arm-none-eabi/10.2.1/thumb/v7e-m+fp/hard\libcr_eabihelpers.a(double.o)
                0x000097b4                __bhs_ui2d
 .text.__bhs_ul2d
                0x000097fa       0x8a c:/nxp/mcuxpressoide_11.4.0_6224/ide/plugins/com.nxp.mcuxpresso.tools.win32_11.4.0.202103011116/tools/bin/../lib/gcc/arm-none-eabi/10.2.1/thumb/v7e-m+fp/hard\libcr_eabihelpers.a(double.o)
                0x000097fa                __bhs_ul2d
 .text.__aeabi_i2d
                0x00009884       0x12 c:/nxp/mcuxpressoide_11.4.0_6224/ide/plugins/com.nxp.mcuxpresso.tools.win32_11.4.0.202103011116/tools/bin/../lib/gcc/arm-none-eabi/10.2.1/thumb/v7e-m+fp/hard\libcr_eabihelpers.a(double.o)
                0x00009884                __aeabi_i2d
 .text.__aeabi_ui2d
                0x00009896        0x8 c:/nxp/mcuxpressoide_11.4.0_6224/ide/plugins/com.nxp.mcuxpresso.tools.win32_11.4.0.202103011116/tools/bin/../lib/gcc/arm-none-eabi/10.2.1/thumb/v7e-m+fp/hard\libcr_eabihelpers.a(double.o)
                0x00009896                __aeabi_ui2d
 .text.__aeabi_l2d
                0x0000989e       0x1c c:/nxp/mcuxpressoide_11.4.0_6224/ide/plugins/com.nxp.mcuxpresso.tools.win32_11.4.0.202103011116/tools/bin/../lib/gcc/arm-none-eabi/10.2.1/thumb/v7e-m+fp/hard\libcr_eabihelpers.a(double.o)
                0x0000989e                __aeabi_l2d
 .text.__aeabi_dcmpeq
                0x000098ba       0x30 c:/nxp/mcuxpressoide_11.4.0_6224/ide/plugins/com.nxp.mcuxpresso.tools.win32_11.4.0.202103011116/tools/bin/../lib/gcc/arm-none-eabi/10.2.1/thumb/v7e-m+fp/hard\libcr_eabihelpers.a(double.o)
                0x000098ba                __aeabi_dcmpeq
 .text.__aeabi_dcmplt
                0x000098ea       0x56 c:/nxp/mcuxpressoide_11.4.0_6224/ide/plugins/com.nxp.mcuxpresso.tools.win32_11.4.0.202103011116/tools/bin/../lib/gcc/arm-none-eabi/10.2.1/thumb/v7e-m+fp/hard\libcr_eabihelpers.a(double.o)
                0x000098ea                __aeabi_dcmplt
 .text.__aeabi_dcmpgt
                0x00009940       0x56 c:/nxp/mcuxpressoide_11.4.0_6224/ide/plugins/com.nxp.mcuxpresso.tools.win32_11.4.0.202103011116/tools/bin/../lib/gcc/arm-none-eabi/10.2.1/thumb/v7e-m+fp/hard\libcr_eabihelpers.a(double.o)
                0x00009940                __aeabi_dcmpgt
 .text.__aeabi_dcmple
                0x00009996       0x56 c:/nxp/mcuxpressoide_11.4.0_6224/ide/plugins/com.nxp.mcuxpresso.tools.win32_11.4.0.202103011116/tools/bin/../lib/gcc/arm-none-eabi/10.2.1/thumb/v7e-m+fp/hard\libcr_eabihelpers.a(double.o)
                0x00009996                __aeabi_dcmple
 .text.__aeabi_dcmpge
                0x000099ec       0x56 c:/nxp/mcuxpressoide_11.4.0_6224/ide/plugins/com.nxp.mcuxpresso.tools.win32_11.4.0.202103011116/tools/bin/../lib/gcc/arm-none-eabi/10.2.1/thumb/v7e-m+fp/hard\libcr_eabihelpers.a(double.o)
                0x000099ec                __aeabi_dcmpge
 .text.__aeabi_memcpy
                0x00009a42       0x34 c:/nxp/mcuxpressoide_11.4.0_6224/ide/plugins/com.nxp.mcuxpresso.tools.win32_11.4.0.202103011116/tools/bin/../lib/gcc/arm-none-eabi/10.2.1/thumb/v7e-m+fp/hard\libcr_eabihelpers.a(memcpy.o)
                0x00009a42                __aeabi_memcpy
                0x00009a4c                __aeabi_memcpy8
                0x00009a4c                __aeabi_memcpy4
 .text.__aeabi_memset_lowlevel
                0x00009a76       0x32 c:/nxp/mcuxpressoide_11.4.0_6224/ide/plugins/com.nxp.mcuxpresso.tools.win32_11.4.0.202103011116/tools/bin/../lib/gcc/arm-none-eabi/10.2.1/thumb/v7e-m+fp/hard\libcr_eabihelpers.a(memcpy.o)
                0x00009a76                __aeabi_lowlevel_memset
 .text.__sys_close
                0x00009aa8        0x6 c:/nxp/mcuxpressoide_11.4.0_6224/ide/plugins/com.nxp.mcuxpresso.tools.win32_11.4.0.202103011116/tools/bin/../lib/gcc/arm-none-eabi/10.2.1/../../../../arm-none-eabi/lib/thumb/v7e-m+fp/hard\libcr_nohost_nf.a(__sys_close.o)
                0x00009aa8                __sys_close
 .text.__sys_flen
                0x00009aae        0x6 c:/nxp/mcuxpressoide_11.4.0_6224/ide/plugins/com.nxp.mcuxpresso.tools.win32_11.4.0.202103011116/tools/bin/../lib/gcc/arm-none-eabi/10.2.1/../../../../arm-none-eabi/lib/thumb/v7e-m+fp/hard\libcr_nohost_nf.a(__sys_flen.o)
                0x00009aae                __sys_flen
 .text.__sys_istty
                0x00009ab4        0x6 c:/nxp/mcuxpressoide_11.4.0_6224/ide/plugins/com.nxp.mcuxpresso.tools.win32_11.4.0.202103011116/tools/bin/../lib/gcc/arm-none-eabi/10.2.1/../../../../arm-none-eabi/lib/thumb/v7e-m+fp/hard\libcr_nohost_nf.a(__sys_istty.o)
                0x00009ab4                __sys_istty
 .text.__sys_remove
                0x00009aba        0x6 c:/nxp/mcuxpressoide_11.4.0_6224/ide/plugins/com.nxp.mcuxpresso.tools.win32_11.4.0.202103011116/tools/bin/../lib/gcc/arm-none-eabi/10.2.1/../../../../arm-none-eabi/lib/thumb/v7e-m+fp/hard\libcr_nohost_nf.a(__sys_remove.o)
                0x00009aba                __sys_remove
 .text.__sys_seek
                0x00009ac0        0x6 c:/nxp/mcuxpressoide_11.4.0_6224/ide/plugins/com.nxp.mcuxpresso.tools.win32_11.4.0.202103011116/tools/bin/../lib/gcc/arm-none-eabi/10.2.1/../../../../arm-none-eabi/lib/thumb/v7e-m+fp/hard\libcr_nohost_nf.a(__sys_seek.o)
                0x00009ac0                __sys_seek
 .text.__sys_tmpnam
                0x00009ac6        0x6 c:/nxp/mcuxpressoide_11.4.0_6224/ide/plugins/com.nxp.mcuxpresso.tools.win32_11.4.0.202103011116/tools/bin/../lib/gcc/arm-none-eabi/10.2.1/../../../../arm-none-eabi/lib/thumb/v7e-m+fp/hard\libcr_nohost_nf.a(__sys_tmpnam.o)
                0x00009ac6                __sys_tmpnam
 .text.__sys_write
                0x00009acc        0x4 c:/nxp/mcuxpressoide_11.4.0_6224/ide/plugins/com.nxp.mcuxpresso.tools.win32_11.4.0.202103011116/tools/bin/../lib/gcc/arm-none-eabi/10.2.1/../../../../arm-none-eabi/lib/thumb/v7e-m+fp/hard\libcr_nohost_nf.a(__sys_write.o)
                0x00009acc                __sys_write
 *(SORT_BY_ALIGNMENT(.rodata) SORT_BY_ALIGNMENT(.rodata.*) SORT_BY_ALIGNMENT(.constdata) SORT_BY_ALIGNMENT(.constdata.*))
 .rodata.a1.1   0x00009ad0       0x88 c:/nxp/mcuxpressoide_11.4.0_6224/ide/plugins/com.nxp.mcuxpresso.tools.win32_11.4.0.202103011116/tools/bin/../lib/gcc/arm-none-eabi/10.2.1/../../../../arm-none-eabi/lib/thumb/v7e-m+fp/hard\libcr_c.a(pow.o)
 .rodata.a2.0   0x00009b58       0x40 c:/nxp/mcuxpressoide_11.4.0_6224/ide/plugins/com.nxp.mcuxpresso.tools.win32_11.4.0.202103011116/tools/bin/../lib/gcc/arm-none-eabi/10.2.1/../../../../arm-none-eabi/lib/thumb/v7e-m+fp/hard\libcr_c.a(pow.o)
 .rodata.__assertion_failed.str1.4
                0x00009b98       0x14 ./utilities/fsl_assert.o
 .rodata.PIT_SetTimerPeriod.str1.4
                0x00009bac       0x77 ./source/FFT.o
 *fill*         0x00009c23        0x1 ff
 .rodata.ADC16_GetChannelConversionValue.str1.4
                0x00009c24       0xb1 ./source/FFT.o
 *fill*         0x00009cd5        0x3 ff
 .rodata.main.str1.4
                0x00009cd8       0xe4 ./source/FFT.o
 .rodata.s_adc16Bases
                0x00009dbc        0x8 ./drivers/fsl_adc16.o
 .rodata.s_adc16Clocks
                0x00009dc4        0x8 ./drivers/fsl_adc16.o
 .rodata.ADC16_GetInstance.str1.4
                0x00009dcc       0x36 ./drivers/fsl_adc16.o
 *fill*         0x00009e02        0x2 ff
 .rodata.ADC16_Init.str1.4
                0x00009e04       0x21 ./drivers/fsl_adc16.o
 *fill*         0x00009e25        0x3 ff
 .rodata.ADC16_SetChannelConfig.str1.4
                0x00009e28       0x52 ./drivers/fsl_adc16.o
 *fill*         0x00009e7a        0x2 ff
 .rodata.ADC16_GetChannelStatusFlags.str1.4
                0x00009e7c       0x30 ./drivers/fsl_adc16.o
 .rodata.CLOCK_GetMcgExtClkFreq.str1.4
                0x00009eac       0x4e ./drivers/fsl_clock.o
 *fill*         0x00009efa        0x2 ff
 .rodata.CLOCK_GetPll0Freq.str1.4
                0x00009efc       0x1e ./drivers/fsl_clock.o
 *fill*         0x00009f1a        0x2 ff
 .rodata.CLOCK_EnablePll0.str1.4
                0x00009f1c       0x1b ./drivers/fsl_clock.o
 *fill*         0x00009f37        0x1 ff
 .rodata.CLOCK_SetPbeMode.str1.4
                0x00009f38       0x1b ./drivers/fsl_clock.o
 *fill*         0x00009f53        0x1 ff
 .rodata.CLOCK_BootToPeeMode.str1.4
                0x00009f54       0x1b ./drivers/fsl_clock.o
 *fill*         0x00009f6f        0x1 ff
 .rodata.fllFactorTable.1
                0x00009f70       0x10 ./drivers/fsl_clock.o
 .rodata.s_dacBases
                0x00009f80        0x8 ./drivers/fsl_dac.o
 .rodata.s_dacClocks
                0x00009f88        0x8 ./drivers/fsl_dac.o
 .rodata.DAC_GetInstance.str1.4
                0x00009f90       0x32 ./drivers/fsl_dac.o
 *fill*         0x00009fc2        0x2 ff
 .rodata.DAC_Init.str1.4
                0x00009fc4       0x1f ./drivers/fsl_dac.o
 *fill*         0x00009fe3        0x1 ff
 .rodata.DAC_SetBufferValue.str1.4
                0x00009fe4       0x28 ./drivers/fsl_dac.o
 .rodata.DAC_SetBufferReadPointer.str1.4
                0x0000a00c       0x28 ./drivers/fsl_dac.o
 .rodata.s_portBases
                0x0000a034       0x14 ./drivers/fsl_gpio.o
 .rodata.s_gpioBases
                0x0000a048       0x14 ./drivers/fsl_gpio.o
 .rodata.GPIO_GetInstance.str1.4
                0x0000a05c       0x34 ./drivers/fsl_gpio.o
 .rodata.GPIO_PinInit.str1.4
                0x0000a090       0x21 ./drivers/fsl_gpio.o
 *fill*         0x0000a0b1        0x3 ff
 .rodata.PIT_GetInstance.str1.4
                0x0000a0b4       0x32 ./drivers/fsl_pit.o
 *fill*         0x0000a0e6        0x2 ff
 .rodata.PIT_Init.str1.4
                0x0000a0e8       0x1f ./drivers/fsl_pit.o
 *fill*         0x0000a107        0x1 ff
 .rodata.s_uartBases
                0x0000a108       0x18 ./drivers/fsl_uart.o
 .rodata.s_uartClock
                0x0000a120       0x18 ./drivers/fsl_uart.o
 .rodata.UART_GetInstance.str1.4
                0x0000a138       0x2c ./drivers/fsl_uart.o
 .rodata.UART_Init.str1.4
                0x0000a164      0x104 ./drivers/fsl_uart.o
 .rodata.UART_GetDefaultConfig.str1.4
                0x0000a268       0x21 ./drivers/fsl_uart.o
 *fill*         0x0000a289        0x3 ff
 .rodata.UART_ReadBlocking.str1.4
                0x0000a28c       0x1f ./drivers/fsl_uart.o
 *fill*         0x0000a2ab        0x1 ff
 .rodata.s_UartAdapterBase
                0x0000a2ac       0x18 ./component/uart/fsl_adapter_uart.o
 .rodata.HAL_UartInit.str1.4
                0x0000a2c4       0xe6 ./component/uart/fsl_adapter_uart.o
 *fill*         0x0000a3aa        0x2 ff
 .rodata.HAL_UartReceiveBlocking.str1.4
                0x0000a3ac       0x65 ./component/uart/fsl_adapter_uart.o
 *fill*         0x0000a411        0x3 ff
 .rodata.HAL_UartSendBlocking.str1.4
                0x0000a414       0x65 ./component/uart/fsl_adapter_uart.o
 *fill*         0x0000a479        0x3 ff
 .rodata.mcgConfig_BOARD_BootClockRUN
                0x0000a47c        0xb ./board/clock_config.o
                0x0000a47c                mcgConfig_BOARD_BootClockRUN
 *fill*         0x0000a487        0x1 ff
 .rodata.simConfig_BOARD_BootClockRUN
                0x0000a488        0x8 ./board/clock_config.o
                0x0000a488                simConfig_BOARD_BootClockRUN
 .rodata.oscConfig_BOARD_BootClockRUN
                0x0000a490        0x8 ./board/clock_config.o
                0x0000a490                oscConfig_BOARD_BootClockRUN
 .rodata.PIT_SetTimerPeriod.str1.4
                0x0000a498       0x77 ./board/peripherals.o
 .rodata.PIT_config
                0x0000a498        0x1 ./board/peripherals.o
                0x0000a498                PIT_config
 *fill*         0x0000a499        0x3 ff
 .rodata.ADC0_config
                0x0000a49c        0xa ./board/peripherals.o
                0x0000a49c                ADC0_config
 *fill*         0x0000a4a6        0x2 ff
 .rodata.DAC0_config
                0x0000a4a8        0x2 ./board/peripherals.o
                0x0000a4a8                DAC0_config
 *fill*         0x0000a4aa        0x2 ff
 .rodata.twiddleCoef_16_q15
                0x0000a4ac       0x30 ./CMSIS/DSP/Source/CommonTables/CommonTables.o
                0x0000a4ac                twiddleCoef_16_q15
 .rodata.twiddleCoef_32_q15
                0x0000a4dc       0x60 ./CMSIS/DSP/Source/CommonTables/CommonTables.o
                0x0000a4dc                twiddleCoef_32_q15
 .rodata.twiddleCoef_64_q15
                0x0000a53c       0xc0 ./CMSIS/DSP/Source/CommonTables/CommonTables.o
                0x0000a53c                twiddleCoef_64_q15
 .rodata.twiddleCoef_128_q15
                0x0000a5fc      0x180 ./CMSIS/DSP/Source/CommonTables/CommonTables.o
                0x0000a5fc                twiddleCoef_128_q15
 .rodata.twiddleCoef_256_q15
                0x0000a77c      0x300 ./CMSIS/DSP/Source/CommonTables/CommonTables.o
                0x0000a77c                twiddleCoef_256_q15
 .rodata.twiddleCoef_512_q15
                0x0000aa7c      0x600 ./CMSIS/DSP/Source/CommonTables/CommonTables.o
                0x0000aa7c                twiddleCoef_512_q15
 .rodata.twiddleCoef_1024_q15
                0x0000b07c      0xc00 ./CMSIS/DSP/Source/CommonTables/CommonTables.o
                0x0000b07c                twiddleCoef_1024_q15
 .rodata.twiddleCoef_2048_q15
                0x0000bc7c     0x1800 ./CMSIS/DSP/Source/CommonTables/CommonTables.o
                0x0000bc7c                twiddleCoef_2048_q15
 .rodata.twiddleCoef_4096_q15
                0x0000d47c     0x3000 ./CMSIS/DSP/Source/CommonTables/CommonTables.o
                0x0000d47c                twiddleCoef_4096_q15
 .rodata.armBitRevIndexTable_fixed_16
                0x0001047c       0x18 ./CMSIS/DSP/Source/CommonTables/CommonTables.o
                0x0001047c                armBitRevIndexTable_fixed_16
 .rodata.armBitRevIndexTable_fixed_32
                0x00010494       0x30 ./CMSIS/DSP/Source/CommonTables/CommonTables.o
                0x00010494                armBitRevIndexTable_fixed_32
 .rodata.armBitRevIndexTable_fixed_64
                0x000104c4       0x70 ./CMSIS/DSP/Source/CommonTables/CommonTables.o
                0x000104c4                armBitRevIndexTable_fixed_64
 .rodata.armBitRevIndexTable_fixed_128
                0x00010534       0xe0 ./CMSIS/DSP/Source/CommonTables/CommonTables.o
                0x00010534                armBitRevIndexTable_fixed_128
 .rodata.armBitRevIndexTable_fixed_256
                0x00010614      0x1e0 ./CMSIS/DSP/Source/CommonTables/CommonTables.o
                0x00010614                armBitRevIndexTable_fixed_256
 .rodata.armBitRevIndexTable_fixed_512
                0x000107f4      0x3c0 ./CMSIS/DSP/Source/CommonTables/CommonTables.o
                0x000107f4                armBitRevIndexTable_fixed_512
 .rodata.armBitRevIndexTable_fixed_1024
                0x00010bb4      0x7c0 ./CMSIS/DSP/Source/CommonTables/CommonTables.o
                0x00010bb4                armBitRevIndexTable_fixed_1024
 .rodata.armBitRevIndexTable_fixed_2048
                0x00011374      0xf80 ./CMSIS/DSP/Source/CommonTables/CommonTables.o
                0x00011374                armBitRevIndexTable_fixed_2048
 .rodata.armBitRevIndexTable_fixed_4096
                0x000122f4     0x1f80 ./CMSIS/DSP/Source/CommonTables/CommonTables.o
                0x000122f4                armBitRevIndexTable_fixed_4096
 .rodata.realCoefAQ15
                0x00014274     0x4000 ./CMSIS/DSP/Source/CommonTables/CommonTables.o
                0x00014274                realCoefAQ15
 .rodata.realCoefBQ15
                0x00018274     0x4000 ./CMSIS/DSP/Source/CommonTables/CommonTables.o
                0x00018274                realCoefBQ15
 .rodata.arm_cfft_sR_q15_len16
                0x0001c274       0x10 ./CMSIS/DSP/Source/CommonTables/CommonTables.o
                0x0001c274                arm_cfft_sR_q15_len16
 .rodata.arm_cfft_sR_q15_len32
                0x0001c284       0x10 ./CMSIS/DSP/Source/CommonTables/CommonTables.o
                0x0001c284                arm_cfft_sR_q15_len32
 .rodata.arm_cfft_sR_q15_len64
                0x0001c294       0x10 ./CMSIS/DSP/Source/CommonTables/CommonTables.o
                0x0001c294                arm_cfft_sR_q15_len64
 .rodata.arm_cfft_sR_q15_len128
                0x0001c2a4       0x10 ./CMSIS/DSP/Source/CommonTables/CommonTables.o
                0x0001c2a4                arm_cfft_sR_q15_len128
 .rodata.arm_cfft_sR_q15_len256
                0x0001c2b4       0x10 ./CMSIS/DSP/Source/CommonTables/CommonTables.o
                0x0001c2b4                arm_cfft_sR_q15_len256
 .rodata.arm_cfft_sR_q15_len512
                0x0001c2c4       0x10 ./CMSIS/DSP/Source/CommonTables/CommonTables.o
                0x0001c2c4                arm_cfft_sR_q15_len512
 .rodata.arm_cfft_sR_q15_len1024
                0x0001c2d4       0x10 ./CMSIS/DSP/Source/CommonTables/CommonTables.o
                0x0001c2d4                arm_cfft_sR_q15_len1024
 .rodata.arm_cfft_sR_q15_len2048
                0x0001c2e4       0x10 ./CMSIS/DSP/Source/CommonTables/CommonTables.o
                0x0001c2e4                arm_cfft_sR_q15_len2048
 .rodata.arm_cfft_sR_q15_len4096
                0x0001c2f4       0x10 ./CMSIS/DSP/Source/CommonTables/CommonTables.o
                0x0001c2f4                arm_cfft_sR_q15_len4096
 .rodata.__num_Ciob_streams
                0x0001c304        0x4 c:/nxp/mcuxpressoide_11.4.0_6224/ide/plugins/com.nxp.mcuxpresso.tools.win32_11.4.0.202103011116/tools/bin/../lib/gcc/arm-none-eabi/10.2.1/../../../../arm-none-eabi/lib/thumb/v7e-m+fp/hard\libcr_nohost_nf.a(__ciob.o)
                0x0001c304                __num_Ciob_streams
 .rodata._initio.str1.1
                0x0001c308        0x4 c:/nxp/mcuxpressoide_11.4.0_6224/ide/plugins/com.nxp.mcuxpresso.tools.win32_11.4.0.202103011116/tools/bin/../lib/gcc/arm-none-eabi/10.2.1/../../../../arm-none-eabi/lib/thumb/v7e-m+fp/hard\libcr_c.a(initio.o)
                0x0001c310                . = ALIGN (0x8)
 *fill*         0x0001c30c        0x4 ff

.glue_7         0x0001c310        0x0
 .glue_7        0x0001c310        0x0 linker stubs

.glue_7t        0x0001c310        0x0
 .glue_7t       0x0001c310        0x0 linker stubs

.vfp11_veneer   0x0001c310        0x0
 .vfp11_veneer  0x0001c310        0x0 linker stubs

.v4_bx          0x0001c310        0x0
 .v4_bx         0x0001c310        0x0 linker stubs

.iplt           0x0001c310        0x0
 .iplt          0x0001c310        0x0 ./utilities/fsl_assert.o

.rel.dyn        0x0001c310        0x0
 .rel.iplt      0x0001c310        0x0 ./utilities/fsl_assert.o

.ARM.extab
 *(SORT_BY_ALIGNMENT(.ARM.extab*) SORT_BY_ALIGNMENT(.gnu.linkonce.armextab.*))

.ARM.exidx      0x0001c310        0x0
                0x0001c310                __exidx_start = .
 *(SORT_BY_ALIGNMENT(.ARM.exidx*) SORT_BY_ALIGNMENT(.gnu.linkonce.armexidx.*))
                0x0001c310                __exidx_end = .
                0x0001c310                _etext = .

.m_usb_data
 *(SORT_BY_ALIGNMENT(m_usb_bdt))

.data_RAM2      0x1fff0000        0x0 load address 0x0001c310
 FILL mask 0xff
                [!provide]                PROVIDE (__start_data_RAM2 = .)
                [!provide]                PROVIDE (__start_data_SRAM_LOWER = .)
 *(SORT_BY_ALIGNMENT(.ramfunc.$RAM2))
 *(SORT_BY_ALIGNMENT(.ramfunc.$SRAM_LOWER))
 *(SORT_BY_ALIGNMENT(.data.$RAM2))
 *(SORT_BY_ALIGNMENT(.data.$SRAM_LOWER))
 *(SORT_BY_ALIGNMENT(.data.$RAM2.*))
 *(SORT_BY_ALIGNMENT(.data.$SRAM_LOWER.*))
                0x1fff0000                . = ALIGN (0x8)
                [!provide]                PROVIDE (__end_data_RAM2 = .)
                [!provide]                PROVIDE (__end_data_SRAM_LOWER = .)

.data_RAM3      0x14000000        0x0 load address 0x0001c310
 FILL mask 0xff
                [!provide]                PROVIDE (__start_data_RAM3 = .)
                [!provide]                PROVIDE (__start_data_FLEX_RAM = .)
 *(SORT_BY_ALIGNMENT(.ramfunc.$RAM3))
 *(SORT_BY_ALIGNMENT(.ramfunc.$FLEX_RAM))
 *(SORT_BY_ALIGNMENT(.data.$RAM3))
 *(SORT_BY_ALIGNMENT(.data.$FLEX_RAM))
 *(SORT_BY_ALIGNMENT(.data.$RAM3.*))
 *(SORT_BY_ALIGNMENT(.data.$FLEX_RAM.*))
                0x14000000                . = ALIGN (0x8)
                [!provide]                PROVIDE (__end_data_RAM3 = .)
                [!provide]                PROVIDE (__end_data_FLEX_RAM = .)

.uninit_RESERVED
                0x20000000        0x0
                0x20000000                _start_uninit_RESERVED = .
 *(SORT_BY_ALIGNMENT(.bss.$RESERVED*))
                0x20000000                . = ALIGN (0x8)
                0x20000000                _end_uninit_RESERVED = .

.data           0x20000000       0x18 load address 0x0001c310
 FILL mask 0xff
                0x20000000                _data = .
                [!provide]                PROVIDE (__start_data_RAM = .)
                [!provide]                PROVIDE (__start_data_SRAM_UPPER = .)
 *(SORT_BY_ALIGNMENT(vtable))
 *(SORT_BY_ALIGNMENT(.ramfunc*))
 *(SORT_BY_ALIGNMENT(CodeQuickAccess))
 *(SORT_BY_ALIGNMENT(DataQuickAccess))
 *(SORT_BY_ALIGNMENT(RamFunction))
 *(SORT_BY_ALIGNMENT(.data*))
 .data.s_slowIrcFreq
                0x20000000        0x4 ./drivers/fsl_clock.o
 .data.s_fastIrcFreq
                0x20000004        0x4 ./drivers/fsl_clock.o
 .data.SystemCoreClock
                0x20000008        0x4 ./device/system_MK64F12.o
                0x20000008                SystemCoreClock
 .data.ADC0_channelsConfig
                0x2000000c        0x8 ./board/peripherals.o
                0x2000000c                ADC0_channelsConfig
 .data.fft_is_active
                0x20000014        0x1 ./source/FFT.o
                0x20000014                fft_is_active
                0x20000018                . = ALIGN (0x8)
 *fill*         0x20000015        0x3 ff
                0x20000018                _edata = .
                [!provide]                PROVIDE (__end_data_RAM = .)
                [!provide]                PROVIDE (__end_data_SRAM_UPPER = .)

.igot.plt       0x20000018        0x0 load address 0x0001c328
 .igot.plt      0x20000018        0x0 ./utilities/fsl_assert.o

.bss_RAM2       0x1fff0000        0x0
                [!provide]                PROVIDE (__start_bss_RAM2 = .)
                [!provide]                PROVIDE (__start_bss_SRAM_LOWER = .)
 *(SORT_BY_ALIGNMENT(.bss.$RAM2))
 *(SORT_BY_ALIGNMENT(.bss.$SRAM_LOWER))
 *(SORT_BY_ALIGNMENT(.bss.$RAM2.*))
 *(SORT_BY_ALIGNMENT(.bss.$SRAM_LOWER.*))
                0x1fff0000                . = ALIGN ((. != 0x0)?0x8:0x1)
                [!provide]                PROVIDE (__end_bss_RAM2 = .)
                [!provide]                PROVIDE (__end_bss_SRAM_LOWER = .)

.bss_RAM3       0x14000000        0x0
                [!provide]                PROVIDE (__start_bss_RAM3 = .)
                [!provide]                PROVIDE (__start_bss_FLEX_RAM = .)
 *(SORT_BY_ALIGNMENT(.bss.$RAM3))
 *(SORT_BY_ALIGNMENT(.bss.$FLEX_RAM))
 *(SORT_BY_ALIGNMENT(.bss.$RAM3.*))
 *(SORT_BY_ALIGNMENT(.bss.$FLEX_RAM.*))
                0x14000000                . = ALIGN ((. != 0x0)?0x8:0x1)
                [!provide]                PROVIDE (__end_bss_RAM3 = .)
                [!provide]                PROVIDE (__end_bss_FLEX_RAM = .)

.bss            0x20000018     0x3950
                0x20000018                _bss = .
                [!provide]                PROVIDE (__start_bss_RAM = .)
                [!provide]                PROVIDE (__start_bss_SRAM_UPPER = .)
 *(SORT_BY_ALIGNMENT(.bss*))
 .bss.s_debugConsole
                0x20000018       0x14 ./utilities/fsl_debug_console.o
 .bss.input_buffer_512
                0x2000002c      0x400 ./source/FFT.o
                0x2000002c                input_buffer_512
 .bss.output_buffer_512
                0x2000042c      0x400 ./source/FFT.o
                0x2000042c                output_buffer_512
 .bss.input_buffer_1024
                0x2000082c      0x800 ./source/FFT.o
                0x2000082c                input_buffer_1024
 .bss.output_buffer_1024
                0x2000102c      0x800 ./source/FFT.o
                0x2000102c                output_buffer_1024
 .bss.input_buffer_2048
                0x2000182c     0x1000 ./source/FFT.o
                0x2000182c                input_buffer_2048
 .bss.output_buffer_2048
                0x2000282c     0x1000 ./source/FFT.o
                0x2000282c                output_buffer_2048
 .bss.input_buffer_ptr
                0x2000382c        0x4 ./source/FFT.o
                0x2000382c                input_buffer_ptr
 .bss.output_buffer_ptr
                0x20003830        0x4 ./source/FFT.o
                0x20003830                output_buffer_ptr
 .bss.fft_512   0x20003834       0x18 ./source/FFT.o
                0x20003834                fft_512
 .bss.fft_1024  0x2000384c       0x18 ./source/FFT.o
                0x2000384c                fft_1024
 .bss.fft_2048  0x20003864       0x18 ./source/FFT.o
                0x20003864                fft_2048
 .bss.g_xtal0Freq
                0x2000387c        0x4 ./drivers/fsl_clock.o
                0x2000387c                g_xtal0Freq
 .bss.g_xtal32Freq
                0x20003880        0x4 ./drivers/fsl_clock.o
                0x20003880                g_xtal32Freq
 .bss.s_uartHandle
                0x20003884       0x18 ./drivers/fsl_uart.o
                0x20003884                s_uartHandle
 .bss.s_uartIsr
                0x2000389c        0x4 ./drivers/fsl_uart.o
                0x2000389c                s_uartIsr
 .bss.errno     0x200038a0        0x4 c:/nxp/mcuxpressoide_11.4.0_6224/ide/plugins/com.nxp.mcuxpresso.tools.win32_11.4.0.202103011116/tools/bin/../lib/gcc/arm-none-eabi/10.2.1/../../../../arm-none-eabi/lib/thumb/v7e-m+fp/hard\libcr_c.a(errno.o)
                0x200038a0                errno
 .bss.__Ciob    0x200038a4       0xb4 c:/nxp/mcuxpressoide_11.4.0_6224/ide/plugins/com.nxp.mcuxpresso.tools.win32_11.4.0.202103011116/tools/bin/../lib/gcc/arm-none-eabi/10.2.1/../../../../arm-none-eabi/lib/thumb/v7e-m+fp/hard\libcr_nohost_nf.a(__ciob.o)
                0x200038a4                __Ciob
 .bss.input_value_fixed
                0x20003958        0x2 ./source/FFT.o
                0x20003958                input_value_fixed
 .bss.samples_counter
                0x2000395a        0x2 ./source/FFT.o
                0x2000395a                samples_counter
 .bss.buffer_limit
                0x2000395c        0x2 ./source/FFT.o
                0x2000395c                buffer_limit
 .bss.counter   0x2000395e        0x1 ./source/FFT.o
                0x2000395e                counter
 .bss.adc_finished
                0x2000395f        0x1 ./source/FFT.o
                0x2000395f                adc_finished
 .bss.buffer_is_full
                0x20003960        0x1 ./source/FFT.o
                0x20003960                buffer_is_full
 .bss.upscale_bits
                0x20003961        0x1 ./source/FFT.o
                0x20003961                upscale_bits
 *(SORT_BY_ALIGNMENT(COMMON))
                0x20003968                . = ALIGN (0x8)
 *fill*         0x20003962        0x6 
                0x20003968                _ebss = .
                [!provide]                PROVIDE (__end_bss_RAM = .)
                [!provide]                PROVIDE (__end_bss_SRAM_UPPER = .)
                [!provide]                PROVIDE (end = .)

.noinit_RAM2    0x1fff0000        0x0
                [!provide]                PROVIDE (__start_noinit_RAM2 = .)
                [!provide]                PROVIDE (__start_noinit_SRAM_LOWER = .)
 *(SORT_BY_ALIGNMENT(.noinit.$RAM2))
 *(SORT_BY_ALIGNMENT(.noinit.$SRAM_LOWER))
 *(SORT_BY_ALIGNMENT(.noinit.$RAM2.*))
 *(SORT_BY_ALIGNMENT(.noinit.$SRAM_LOWER.*))
                0x1fff0000                . = ALIGN (0x8)
                [!provide]                PROVIDE (__end_noinit_RAM2 = .)
                [!provide]                PROVIDE (__end_noinit_SRAM_LOWER = .)

.noinit_RAM3    0x14000000        0x0
                [!provide]                PROVIDE (__start_noinit_RAM3 = .)
                [!provide]                PROVIDE (__start_noinit_FLEX_RAM = .)
 *(SORT_BY_ALIGNMENT(.noinit.$RAM3))
 *(SORT_BY_ALIGNMENT(.noinit.$FLEX_RAM))
 *(SORT_BY_ALIGNMENT(.noinit.$RAM3.*))
 *(SORT_BY_ALIGNMENT(.noinit.$FLEX_RAM.*))
                0x14000000                . = ALIGN (0x8)
                [!provide]                PROVIDE (__end_noinit_RAM3 = .)
                [!provide]                PROVIDE (__end_noinit_FLEX_RAM = .)

.noinit         0x20003968        0x0
                0x20003968                _noinit = .
                [!provide]                PROVIDE (__start_noinit_RAM = .)
                [!provide]                PROVIDE (__start_noinit_SRAM_UPPER = .)
 *(SORT_BY_ALIGNMENT(.noinit*))
                0x20003968                . = ALIGN (0x8)
                0x20003968                _end_noinit = .
                [!provide]                PROVIDE (__end_noinit_RAM = .)
                [!provide]                PROVIDE (__end_noinit_SRAM_UPPER = .)
                0x00001000                _HeapSize = 0x1000

.heap           0x20003968     0x1000
                0x20003968                _pvHeapStart = .
                0x20004968                . = (. + _HeapSize)
 *fill*         0x20003968     0x1000 
                0x20004968                . = ALIGN (0x8)
                0x20004968                _pvHeapLimit = .
                0x00001000                _StackSize = 0x1000

.heap2stackfill
                0x20004968     0x1000
                0x20005968                . = (. + _StackSize)
 *fill*         0x20004968     0x1000 

.stack          0x2002f000        0x0
                0x2002f000                _vStackBase = .
                0x2002f000                . = ALIGN (0x8)
                0x20030000                _vStackTop = (. + _StackSize)
                0x00000000                _image_start = LOADADDR (.text)
                0x0001c328                _image_end = (LOADADDR (.data) + SIZEOF (.data))
                0x0001c328                _image_size = (_image_end - _image_start)
OUTPUT(FFT.axf elf32-littlearm)
LOAD linker stubs

.debug_info     0x00000000    0x15d84
 .debug_info    0x00000000       0xa3 ./utilities/fsl_assert.o
 .debug_info    0x000000a3      0xdef ./utilities/fsl_debug_console.o
 .debug_info    0x00000e92      0x93a ./startup/startup_mk64f12.o
 .debug_info    0x000017cc      0xe45 ./source/FFT.o
 .debug_info    0x00002611      0xe56 ./drivers/fsl_adc16.o
 .debug_info    0x00003467     0x21ab ./drivers/fsl_clock.o
 .debug_info    0x00005612      0xa90 ./drivers/fsl_dac.o
 .debug_info    0x000060a2      0x68a ./drivers/fsl_gpio.o
 .debug_info    0x0000672c      0x759 ./drivers/fsl_pit.o
 .debug_info    0x00006e85     0x1f78 ./drivers/fsl_uart.o
 .debug_info    0x00008dfd      0x649 ./device/system_MK64F12.o
 .debug_info    0x00009446      0xa66 ./component/uart/fsl_adapter_uart.o
 .debug_info    0x00009eac       0xbd ./board/board.o
 .debug_info    0x00009f69      0xbc7 ./board/clock_config.o
 .debug_info    0x0000ab30     0x1040 ./board/peripherals.o
 .debug_info    0x0000bb70      0x822 ./board/pin_mux.o
 .debug_info    0x0000c392     0x82e7 ./CMSIS/DSP/Source/TransformFunctions/TransformFunctions.o
 .debug_info    0x00014679     0x170b ./CMSIS/DSP/Source/CommonTables/CommonTables.o

.debug_abbrev   0x00000000     0x2501
 .debug_abbrev  0x00000000       0x66 ./utilities/fsl_assert.o
 .debug_abbrev  0x00000066      0x224 ./utilities/fsl_debug_console.o
 .debug_abbrev  0x0000028a      0x185 ./startup/startup_mk64f12.o
 .debug_abbrev  0x0000040f      0x355 ./source/FFT.o
 .debug_abbrev  0x00000764      0x267 ./drivers/fsl_adc16.o
 .debug_abbrev  0x000009cb      0x359 ./drivers/fsl_clock.o
 .debug_abbrev  0x00000d24      0x221 ./drivers/fsl_dac.o
 .debug_abbrev  0x00000f45      0x186 ./drivers/fsl_gpio.o
 .debug_abbrev  0x000010cb      0x1eb ./drivers/fsl_pit.o
 .debug_abbrev  0x000012b6      0x42e ./drivers/fsl_uart.o
 .debug_abbrev  0x000016e4      0x148 ./device/system_MK64F12.o
 .debug_abbrev  0x0000182c      0x1c9 ./component/uart/fsl_adapter_uart.o
 .debug_abbrev  0x000019f5       0x85 ./board/board.o
 .debug_abbrev  0x00001a7a      0x214 ./board/clock_config.o
 .debug_abbrev  0x00001c8e      0x26b ./board/peripherals.o
 .debug_abbrev  0x00001ef9      0x1d8 ./board/pin_mux.o
 .debug_abbrev  0x000020d1      0x327 ./CMSIS/DSP/Source/TransformFunctions/TransformFunctions.o
 .debug_abbrev  0x000023f8      0x109 ./CMSIS/DSP/Source/CommonTables/CommonTables.o

.debug_aranges  0x00000000      0xdb0
 .debug_aranges
                0x00000000       0x20 ./utilities/fsl_assert.o
 .debug_aranges
                0x00000020       0x78 ./utilities/fsl_debug_console.o
 .debug_aranges
                0x00000098      0x330 ./startup/startup_mk64f12.o
 .debug_aranges
                0x000003c8       0x88 ./source/FFT.o
 .debug_aranges
                0x00000450       0x88 ./drivers/fsl_adc16.o
 .debug_aranges
                0x000004d8      0x1f8 ./drivers/fsl_clock.o
 .debug_aranges
                0x000006d0       0x90 ./drivers/fsl_dac.o
 .debug_aranges
                0x00000760       0x40 ./drivers/fsl_gpio.o
 .debug_aranges
                0x000007a0       0x40 ./drivers/fsl_pit.o
 .debug_aranges
                0x000007e0      0x1b8 ./drivers/fsl_uart.o
 .debug_aranges
                0x00000998       0x30 ./device/system_MK64F12.o
 .debug_aranges
                0x000009c8       0x50 ./component/uart/fsl_adapter_uart.o
 .debug_aranges
                0x00000a18       0x20 ./board/board.o
 .debug_aranges
                0x00000a38       0x58 ./board/clock_config.o
 .debug_aranges
                0x00000a90       0x88 ./board/peripherals.o
 .debug_aranges
                0x00000b18       0x40 ./board/pin_mux.o
 .debug_aranges
                0x00000b58      0x240 ./CMSIS/DSP/Source/TransformFunctions/TransformFunctions.o
 .debug_aranges
                0x00000d98       0x18 ./CMSIS/DSP/Source/CommonTables/CommonTables.o

.debug_ranges   0x00000000      0xc88
 .debug_ranges  0x00000000       0x10 ./utilities/fsl_assert.o
 .debug_ranges  0x00000010       0x68 ./utilities/fsl_debug_console.o
 .debug_ranges  0x00000078      0x320 ./startup/startup_mk64f12.o
 .debug_ranges  0x00000398       0x78 ./source/FFT.o
 .debug_ranges  0x00000410       0x78 ./drivers/fsl_adc16.o
 .debug_ranges  0x00000488      0x1e8 ./drivers/fsl_clock.o
 .debug_ranges  0x00000670       0x80 ./drivers/fsl_dac.o
 .debug_ranges  0x000006f0       0x30 ./drivers/fsl_gpio.o
 .debug_ranges  0x00000720       0x30 ./drivers/fsl_pit.o
 .debug_ranges  0x00000750      0x1a8 ./drivers/fsl_uart.o
 .debug_ranges  0x000008f8       0x20 ./device/system_MK64F12.o
 .debug_ranges  0x00000918       0x40 ./component/uart/fsl_adapter_uart.o
 .debug_ranges  0x00000958       0x10 ./board/board.o
 .debug_ranges  0x00000968       0x48 ./board/clock_config.o
 .debug_ranges  0x000009b0       0x78 ./board/peripherals.o
 .debug_ranges  0x00000a28       0x30 ./board/pin_mux.o
 .debug_ranges  0x00000a58      0x230 ./CMSIS/DSP/Source/TransformFunctions/TransformFunctions.o

.debug_macro    0x00000000    0x1442e
 .debug_macro   0x00000000      0x115 ./utilities/fsl_assert.o
 .debug_macro   0x00000115      0xac0 ./utilities/fsl_assert.o
 .debug_macro   0x00000bd5       0x10 ./utilities/fsl_assert.o
 .debug_macro   0x00000be5       0x1c ./utilities/fsl_assert.o
 .debug_macro   0x00000c01       0x22 ./utilities/fsl_assert.o
 .debug_macro   0x00000c23      0x12e ./utilities/fsl_assert.o
 .debug_macro   0x00000d51      0x5b3 ./utilities/fsl_assert.o
 .debug_macro   0x00001304       0x22 ./utilities/fsl_assert.o
 .debug_macro   0x00001326       0x10 ./utilities/fsl_assert.o
 .debug_macro   0x00001336       0x58 ./utilities/fsl_assert.o
 .debug_macro   0x0000138e       0x1c ./utilities/fsl_assert.o
 .debug_macro   0x000013aa       0x22 ./utilities/fsl_assert.o
 .debug_macro   0x000013cc       0xfb ./utilities/fsl_assert.o
 .debug_macro   0x000014c7      0xeeb ./utilities/fsl_assert.o
 .debug_macro   0x000023b2       0x40 ./utilities/fsl_assert.o
 .debug_macro   0x000023f2     0xec5f ./utilities/fsl_assert.o
 .debug_macro   0x00011051     0x12e8 ./utilities/fsl_assert.o
 .debug_macro   0x00012339       0x7a ./utilities/fsl_assert.o
 .debug_macro   0x000123b3       0xa1 ./utilities/fsl_assert.o
 .debug_macro   0x00012454      0x174 ./utilities/fsl_assert.o
 .debug_macro   0x000125c8       0x40 ./utilities/fsl_assert.o
 .debug_macro   0x00012608      0x13b ./utilities/fsl_debug_console.o
 .debug_macro   0x00012743       0x16 ./utilities/fsl_debug_console.o
 .debug_macro   0x00012759       0x10 ./utilities/fsl_debug_console.o
 .debug_macro   0x00012769       0x28 ./utilities/fsl_debug_console.o
 .debug_macro   0x00012791       0xc4 ./utilities/fsl_debug_console.o
 .debug_macro   0x00012855       0x16 ./utilities/fsl_debug_console.o
 .debug_macro   0x0001286b       0x3a ./utilities/fsl_debug_console.o
 .debug_macro   0x000128a5       0x40 ./utilities/fsl_debug_console.o
 .debug_macro   0x000128e5       0x29 ./startup/startup_mk64f12.o
 .debug_macro   0x0001290e      0x20c ./source/FFT.o
 .debug_macro   0x00012b1a       0xdc ./source/FFT.o
 .debug_macro   0x00012bf6       0x16 ./source/FFT.o
 .debug_macro   0x00012c0c       0x16 ./source/FFT.o
 .debug_macro   0x00012c22       0x16 ./source/FFT.o
 .debug_macro   0x00012c38      0x181 ./source/FFT.o
 .debug_macro   0x00012db9       0x10 ./source/FFT.o
 .debug_macro   0x00012dc9       0x10 ./source/FFT.o
 .debug_macro   0x00012dd9       0x10 ./source/FFT.o
 .debug_macro   0x00012de9       0x8e ./source/FFT.o
 .debug_macro   0x00012e77      0x16f ./source/FFT.o
 .debug_macro   0x00012fe6       0xc8 ./source/FFT.o
 .debug_macro   0x000130ae       0xd2 ./source/FFT.o
 .debug_macro   0x00013180      0x122 ./drivers/fsl_adc16.o
 .debug_macro   0x000132a2      0x1d8 ./drivers/fsl_clock.o
 .debug_macro   0x0001347a      0x122 ./drivers/fsl_dac.o
 .debug_macro   0x0001359c      0x121 ./drivers/fsl_gpio.o
 .debug_macro   0x000136bd       0x10 ./drivers/fsl_gpio.o
 .debug_macro   0x000136cd      0x122 ./drivers/fsl_pit.o
 .debug_macro   0x000137ef      0x127 ./drivers/fsl_uart.o
 .debug_macro   0x00013916       0x10 ./drivers/fsl_uart.o
 .debug_macro   0x00013926       0x98 ./device/system_MK64F12.o
 .debug_macro   0x000139be      0x11e ./component/uart/fsl_adapter_uart.o
 .debug_macro   0x00013adc       0x16 ./component/uart/fsl_adapter_uart.o
 .debug_macro   0x00013af2      0x145 ./board/board.o
 .debug_macro   0x00013c37      0x1ab ./board/board.o
 .debug_macro   0x00013de2      0x153 ./board/clock_config.o
 .debug_macro   0x00013f35      0x148 ./board/peripherals.o
 .debug_macro   0x0001407d      0x127 ./board/pin_mux.o
 .debug_macro   0x000141a4      0x13d ./CMSIS/DSP/Source/TransformFunctions/TransformFunctions.o
 .debug_macro   0x000142e1       0x88 ./CMSIS/DSP/Source/TransformFunctions/TransformFunctions.o
 .debug_macro   0x00014369       0xc5 ./CMSIS/DSP/Source/CommonTables/CommonTables.o

.debug_line     0x00000000    0x117d8
 .debug_line    0x00000000      0x3af ./utilities/fsl_assert.o
 .debug_line    0x000003af     0x1008 ./utilities/fsl_debug_console.o
 .debug_line    0x000013b7      0x911 ./startup/startup_mk64f12.o
 .debug_line    0x00001cc8      0x922 ./source/FFT.o
 .debug_line    0x000025ea      0x6bc ./drivers/fsl_adc16.o
 .debug_line    0x00002ca6     0x14f6 ./drivers/fsl_clock.o
 .debug_line    0x0000419c      0x5d9 ./drivers/fsl_dac.o
 .debug_line    0x00004775      0x422 ./drivers/fsl_gpio.o
 .debug_line    0x00004b97      0x42f ./drivers/fsl_pit.o
 .debug_line    0x00004fc6     0x14d2 ./drivers/fsl_uart.o
 .debug_line    0x00006498      0x3f7 ./device/system_MK64F12.o
 .debug_line    0x0000688f      0x554 ./component/uart/fsl_adapter_uart.o
 .debug_line    0x00006de3      0x43b ./board/board.o
 .debug_line    0x0000721e      0x499 ./board/clock_config.o
 .debug_line    0x000076b7      0x592 ./board/peripherals.o
 .debug_line    0x00007c49      0x4ad ./board/pin_mux.o
 .debug_line    0x000080f6     0x93ea ./CMSIS/DSP/Source/TransformFunctions/TransformFunctions.o
 .debug_line    0x000114e0      0x2f8 ./CMSIS/DSP/Source/CommonTables/CommonTables.o

.debug_str      0x00000000    0x843ef
 .debug_str     0x00000000    0x79c21 ./utilities/fsl_assert.o
                              0x79cac (size before relaxing)
 .debug_str     0x00079c21     0x172c ./utilities/fsl_debug_console.o
                              0x7b454 (size before relaxing)
 .debug_str     0x0007b34d      0x7c0 ./startup/startup_mk64f12.o
                               0x3670 (size before relaxing)
 .debug_str     0x0007bb0d     0x2461 ./source/FFT.o
                              0x7cfcc (size before relaxing)
 .debug_str     0x0007df6e      0xb18 ./drivers/fsl_adc16.o
                              0x7b17b (size before relaxing)
 .debug_str     0x0007ea86     0x1b64 ./drivers/fsl_clock.o
                              0x7c363 (size before relaxing)
 .debug_str     0x000805ea      0x3e1 ./drivers/fsl_dac.o
                              0x7ab66 (size before relaxing)
 .debug_str     0x000809cb      0x181 ./drivers/fsl_gpio.o
                              0x7a643 (size before relaxing)
 .debug_str     0x00080b4c       0xa2 ./drivers/fsl_pit.o
                              0x7a801 (size before relaxing)
 .debug_str     0x00080bee     0x12c9 ./drivers/fsl_uart.o
                              0x7bc9d (size before relaxing)
 .debug_str     0x00081eb7      0x11f ./device/system_MK64F12.o
                              0x78455 (size before relaxing)
 .debug_str     0x00081fd6       0xe9 ./component/uart/fsl_adapter_uart.o
                              0x7abff (size before relaxing)
 .debug_str     0x000820bf       0x37 ./board/board.o
                              0x7a9a2 (size before relaxing)
 .debug_str     0x000820f6      0x3b7 ./board/clock_config.o
                              0x7acca (size before relaxing)
 .debug_str     0x000824ad      0x11a ./board/peripherals.o
                              0x7b731 (size before relaxing)
 .debug_str     0x000825c7      0x326 ./board/pin_mux.o
                              0x7a7c2 (size before relaxing)
 .debug_str     0x000828ed     0x14d3 ./CMSIS/DSP/Source/TransformFunctions/TransformFunctions.o
                               0x7147 (size before relaxing)
 .debug_str     0x00083dc0      0x62f ./CMSIS/DSP/Source/CommonTables/CommonTables.o
                               0x6c45 (size before relaxing)

.comment        0x00000000       0x4d
 .comment       0x00000000       0x4d ./utilities/fsl_assert.o