Archive member included to satisfy reference by file (symbol)

c:/nxp/mcuxpressoide_11.4.0_6224/ide/plugins/com.nxp.mcuxpresso.tools.win32_11.4.0.202103011116/tools/bin/../lib/gcc/arm-none-eabi/10.2.1/../../../../arm-none-eabi/lib/thumb/v7e-m+fp/hard\libcr_nohost_nf.a(_cr__main.o)
                              ./startup/startup_mk64f12.o (__main)
c:/nxp/mcuxpressoide_11.4.0_6224/ide/plugins/com.nxp.mcuxpresso.tools.win32_11.4.0.202103011116/tools/bin/../lib/gcc/arm-none-eabi/10.2.1/../../../../arm-none-eabi/lib/thumb/v7e-m+fp/hard\libcr_c.a(fabsf.o)
                              ./CMSIS/DSP/Source/BasicMathFunctions/BasicMathFunctions.o (fabsf)
c:/nxp/mcuxpressoide_11.4.0_6224/ide/plugins/com.nxp.mcuxpresso.tools.win32_11.4.0.202103011116/tools/bin/../lib/gcc/arm-none-eabi/10.2.1/../../../../arm-none-eabi/lib/thumb/v7e-m+fp/hard\libcr_c.a(sqrtf_m4_hardfp.o)
                              ./CMSIS/DSP/Source/StatisticsFunctions/StatisticsFunctions.o (sqrtf)
c:/nxp/mcuxpressoide_11.4.0_6224/ide/plugins/com.nxp.mcuxpresso.tools.win32_11.4.0.202103011116/tools/bin/../lib/gcc/arm-none-eabi/10.2.1/../../../../arm-none-eabi/lib/thumb/v7e-m+fp/hard\libcr_c.a(memcpy.o)
                              ./drivers/fsl_ftfx_cache.o (memcpy)
c:/nxp/mcuxpressoide_11.4.0_6224/ide/plugins/com.nxp.mcuxpresso.tools.win32_11.4.0.202103011116/tools/bin/../lib/gcc/arm-none-eabi/10.2.1/../../../../arm-none-eabi/lib/thumb/v7e-m+fp/hard\libcr_c.a(memset.o)
                              ./drivers/fsl_adc16.o (memset)
c:/nxp/mcuxpressoide_11.4.0_6224/ide/plugins/com.nxp.mcuxpresso.tools.win32_11.4.0.202103011116/tools/bin/../lib/gcc/arm-none-eabi/10.2.1/../../../../arm-none-eabi/lib/thumb/v7e-m+fp/hard\libcr_c.a(alloc.o)
                              ./drivers/fsl_common.o (malloc)
c:/nxp/mcuxpressoide_11.4.0_6224/ide/plugins/com.nxp.mcuxpresso.tools.win32_11.4.0.202103011116/tools/bin/../lib/gcc/arm-none-eabi/10.2.1/../../../../arm-none-eabi/lib/thumb/v7e-m+fp/hard\libcr_c.a(initio.o)
                              c:/nxp/mcuxpressoide_11.4.0_6224/ide/plugins/com.nxp.mcuxpresso.tools.win32_11.4.0.202103011116/tools/bin/../lib/gcc/arm-none-eabi/10.2.1/../../../../arm-none-eabi/lib/thumb/v7e-m+fp/hard\libcr_nohost_nf.a(_cr__main.o) (_initio)
c:/nxp/mcuxpressoide_11.4.0_6224/ide/plugins/com.nxp.mcuxpresso.tools.win32_11.4.0.202103011116/tools/bin/../lib/gcc/arm-none-eabi/10.2.1/../../../../arm-none-eabi/lib/thumb/v7e-m+fp/hard\libcr_c.a(setvbuf.o)
                              c:/nxp/mcuxpressoide_11.4.0_6224/ide/plugins/com.nxp.mcuxpresso.tools.win32_11.4.0.202103011116/tools/bin/../lib/gcc/arm-none-eabi/10.2.1/../../../../arm-none-eabi/lib/thumb/v7e-m+fp/hard\libcr_c.a(initio.o) (setvbuf)
c:/nxp/mcuxpressoide_11.4.0_6224/ide/plugins/com.nxp.mcuxpresso.tools.win32_11.4.0.202103011116/tools/bin/../lib/gcc/arm-none-eabi/10.2.1/../../../../arm-none-eabi/lib/thumb/v7e-m+fp/hard\libcr_c.a(strlen.o)
                              ./utilities/fsl_debug_console.o (strlen)
c:/nxp/mcuxpressoide_11.4.0_6224/ide/plugins/com.nxp.mcuxpresso.tools.win32_11.4.0.202103011116/tools/bin/../lib/gcc/arm-none-eabi/10.2.1/../../../../arm-none-eabi/lib/thumb/v7e-m+fp/hard\libcr_c.a(__init_alloc.o)
                              c:/nxp/mcuxpressoide_11.4.0_6224/ide/plugins/com.nxp.mcuxpresso.tools.win32_11.4.0.202103011116/tools/bin/../lib/gcc/arm-none-eabi/10.2.1/../../../../arm-none-eabi/lib/thumb/v7e-m+fp/hard\libcr_c.a(alloc.o) (__heaps)
c:/nxp/mcuxpressoide_11.4.0_6224/ide/plugins/com.nxp.mcuxpresso.tools.win32_11.4.0.202103011116/tools/bin/../lib/gcc/arm-none-eabi/10.2.1/../../../../arm-none-eabi/lib/thumb/v7e-m+fp/hard\libcr_c.a(_cr_sbrk.o)
                              c:/nxp/mcuxpressoide_11.4.0_6224/ide/plugins/com.nxp.mcuxpresso.tools.win32_11.4.0.202103011116/tools/bin/../lib/gcc/arm-none-eabi/10.2.1/../../../../arm-none-eabi/lib/thumb/v7e-m+fp/hard\libcr_c.a(alloc.o) (_sbrk)
c:/nxp/mcuxpressoide_11.4.0_6224/ide/plugins/com.nxp.mcuxpresso.tools.win32_11.4.0.202103011116/tools/bin/../lib/gcc/arm-none-eabi/10.2.1/../../../../arm-none-eabi/lib/thumb/v7e-m+fp/hard\libcr_c.a(_fdopen.o)
                              c:/nxp/mcuxpressoide_11.4.0_6224/ide/plugins/com.nxp.mcuxpresso.tools.win32_11.4.0.202103011116/tools/bin/../lib/gcc/arm-none-eabi/10.2.1/../../../../arm-none-eabi/lib/thumb/v7e-m+fp/hard\libcr_c.a(initio.o) (_fdopen)
c:/nxp/mcuxpressoide_11.4.0_6224/ide/plugins/com.nxp.mcuxpresso.tools.win32_11.4.0.202103011116/tools/bin/../lib/gcc/arm-none-eabi/10.2.1/../../../../arm-none-eabi/lib/thumb/v7e-m+fp/hard\libcr_c.a(errno.o)
                              c:/nxp/mcuxpressoide_11.4.0_6224/ide/plugins/com.nxp.mcuxpresso.tools.win32_11.4.0.202103011116/tools/bin/../lib/gcc/arm-none-eabi/10.2.1/../../../../arm-none-eabi/lib/thumb/v7e-m+fp/hard\libcr_c.a(_cr_sbrk.o) (errno)
[...]
Memory Configuration

Name             Origin             Length             Attributes
PROGRAM_FLASH    0x00000000         0x00100000         xr
SRAM_UPPER       0x20000000         0x00030000         xrw
SRAM_LOWER       0x1fff0000         0x00010000         xrw
FLEX_RAM         0x14000000         0x00001000         xrw
*default*        0x00000000         0xffffffff

Linker script and memory map

LOAD ./utilities/fsl_assert.o
LOAD ./utilities/fsl_debug_console.o
LOAD ./startup/startup_mk64f12.o
LOAD ./source/TP1.o
LOAD ./source/semihost_hardfault.o
LOAD ./drivers/fsl_adc16.o
LOAD ./drivers/fsl_clock.o
LOAD ./drivers/fsl_common.o
LOAD ./drivers/fsl_common_arm.o
LOAD ./drivers/fsl_dac.o
LOAD ./drivers/fsl_ftfx_cache.o
LOAD ./drivers/fsl_ftfx_controller.o
LOAD ./drivers/fsl_ftfx_flash.o
LOAD ./drivers/fsl_ftfx_flexnvm.o
LOAD ./drivers/fsl_gpio.o
LOAD ./drivers/fsl_pit.o
LOAD ./drivers/fsl_smc.o
LOAD ./drivers/fsl_uart.o
LOAD ./device/system_MK64F12.o
LOAD ./component/uart/fsl_adapter_uart.o
LOAD ./component/lists/fsl_component_generic_list.o
LOAD ./board/board.o
LOAD ./board/clock_config.o
LOAD ./board/peripherals.o
LOAD ./board/pin_mux.o
LOAD ./CMSIS/DSP/Source/TransformFunctions/TransformFunctions.o
LOAD ./CMSIS/DSP/Source/SupportFunctions/SupportFunctions.o
LOAD ./CMSIS/DSP/Source/StatisticsFunctions/StatisticsFunctions.o
LOAD ./CMSIS/DSP/Source/MatrixFunctions/MatrixFunctions.o
LOAD ./CMSIS/DSP/Source/FilteringFunctions/FilteringFunctions.o
LOAD ./CMSIS/DSP/Source/FastMathFunctions/FastMathFunctions.o
LOAD ./CMSIS/DSP/Source/ControllerFunctions/ControllerFunctions.o
LOAD ./CMSIS/DSP/Source/ComplexMathFunctions/ComplexMathFunctions.o
LOAD ./CMSIS/DSP/Source/CommonTables/CommonTables.o
LOAD ./CMSIS/DSP/Source/BasicMathFunctions/BasicMathFunctions.o
LOAD C:\Users\santi\Desktop\Datardos\Facultad\Segundo semestre Quinto\DSP\workspace\TP1\CMSIS\DSP\libarm_cortexM4lf_math.a
START GROUP
LOAD c:/nxp/mcuxpressoide_11.4.0_6224/ide/plugins/com.nxp.mcuxpresso.tools.win32_11.4.0.202103011116/tools/bin/../lib/gcc/arm-none-eabi/10.2.1/../../../../arm-none-eabi/lib/thumb/v7e-m+fp/hard\libcr_nohost_nf.a
LOAD c:/nxp/mcuxpressoide_11.4.0_6224/ide/plugins/com.nxp.mcuxpresso.tools.win32_11.4.0.202103011116/tools/bin/../lib/gcc/arm-none-eabi/10.2.1/../../../../arm-none-eabi/lib/thumb/v7e-m+fp/hard\libcr_c.a
LOAD c:/nxp/mcuxpressoide_11.4.0_6224/ide/plugins/com.nxp.mcuxpresso.tools.win32_11.4.0.202103011116/tools/bin/../lib/gcc/arm-none-eabi/10.2.1/thumb/v7e-m+fp/hard\libcr_eabihelpers.a
LOAD c:/nxp/mcuxpressoide_11.4.0_6224/ide/plugins/com.nxp.mcuxpresso.tools.win32_11.4.0.202103011116/tools/bin/../lib/gcc/arm-none-eabi/10.2.1/thumb/v7e-m+fp/hard\libgcc.a
END GROUP
                0x00000000                __base_PROGRAM_FLASH = 0x0
                0x00000000                __base_Flash = 0x0
                0x00100000                __top_PROGRAM_FLASH = 0x100000
                0x00100000                __top_Flash = 0x100000
                0x20000000                __base_SRAM_UPPER = 0x20000000
                0x20000000                __base_RAM = 0x20000000
                0x20030000                __top_SRAM_UPPER = 0x20030000
                0x20030000                __top_RAM = 0x20030000
                0x1fff0000                __base_SRAM_LOWER = 0x1fff0000
                0x1fff0000                __base_RAM2 = 0x1fff0000
                0x20000000                __top_SRAM_LOWER = 0x20000000
                0x20000000                __top_RAM2 = 0x20000000
                0x14000000                __base_FLEX_RAM = 0x14000000
                0x14000000                __base_RAM3 = 0x14000000
                0x14001000                __top_FLEX_RAM = 0x14001000
                0x14001000                __top_RAM3 = 0x14001000

.text           0x00000000     0x3f18
 FILL mask 0xff
                0x00000000                __vectors_start__ = ABSOLUTE (.)
 *(SORT_BY_ALIGNMENT(.isr_vector))
 .isr_vector    0x00000000      0x198 ./startup/startup_mk64f12.o
                0x00000000                g_pfnVectors
                0x00000000                __Vectors
                0x00000198                . = ALIGN (0x4)
                0x00000198                __section_table_start = .
                0x00000198                __data_section_table = .
                0x00000198        0x4 LONG 0x3f18 LOADADDR (.data)
                0x0000019c        0x4 LONG 0x20000000 ADDR (.data)
                0x000001a0        0x4 LONG 0x18 SIZEOF (.data)
                0x000001a4        0x4 LONG 0x3f18 LOADADDR (.data_RAM2)
                0x000001a8        0x4 LONG 0x1fff0000 ADDR (.data_RAM2)
                0x000001ac        0x4 LONG 0x0 SIZEOF (.data_RAM2)
                0x000001b0        0x4 LONG 0x3f18 LOADADDR (.data_RAM3)
                0x000001b4        0x4 LONG 0x14000000 ADDR (.data_RAM3)
                0x000001b8        0x4 LONG 0x0 SIZEOF (.data_RAM3)
                0x000001bc                __data_section_table_end = .
                0x000001bc                __bss_section_table = .
                0x000001bc        0x4 LONG 0x20000018 ADDR (.bss)
                0x000001c0        0x4 LONG 0x4f8 SIZEOF (.bss)
                0x000001c4        0x4 LONG 0x1fff0000 ADDR (.bss_RAM2)
                0x000001c8        0x4 LONG 0x0 SIZEOF (.bss_RAM2)
                0x000001cc        0x4 LONG 0x14000000 ADDR (.bss_RAM3)
                0x000001d0        0x4 LONG 0x0 SIZEOF (.bss_RAM3)
                0x000001d4                __bss_section_table_end = .
                0x000001d4                __section_table_end = .
 *(SORT_BY_ALIGNMENT(.after_vectors*))
 .after_vectors.reset
                0x000001d4       0x4c ./startup/startup_mk64f12.o
                0x000001d4                ResetISR
 .after_vectors.init_data
                0x00000220       0x1e ./startup/startup_mk64f12.o
                0x00000220                data_init
 .after_vectors.init_bss
                0x0000023e       0x12 ./startup/startup_mk64f12.o
                0x0000023e                bss_init
 .after_vectors
                0x00000250       0x14 ./startup/startup_mk64f12.o
                0x00000250                NMI_Handler
                0x00000254                MemManage_Handler
                0x00000256                BusFault_Handler
                0x00000258                UsageFault_Handler
                0x0000025a                SVC_Handler
                0x0000025c                DebugMon_Handler
                0x0000025e                PendSV_Handler
                0x00000260                SysTick_Handler
                0x00000262                DMA_Error_DriverIRQHandler
                0x00000262                LPTMR0_DriverIRQHandler
                0x00000262                FTM1_DriverIRQHandler
                0x00000262                FTM2_DriverIRQHandler
                0x00000262                PIT2_DriverIRQHandler
                0x00000262                SDHC_DriverIRQHandler
                0x00000262                I2S0_Tx_DriverIRQHandler
                0x00000262                RTC_Seconds_DriverIRQHandler
                0x00000262                DMA6_DriverIRQHandler
                0x00000262                LLWU_DriverIRQHandler
                0x00000262                MCM_DriverIRQHandler
                0x00000262                MCG_DriverIRQHandler
                0x00000262                ENET_1588_Timer_DriverIRQHandler
                0x00000262                I2C2_DriverIRQHandler
                0x00000262                DAC1_DriverIRQHandler
                0x00000262                SPI1_DriverIRQHandler
                0x00000262                CMP1_DriverIRQHandler
                0x00000262                FTM0_DriverIRQHandler
                0x00000262                IntDefaultHandler
                0x00000262                USB0_DriverIRQHandler
                0x00000262                UART5_ERR_DriverIRQHandler
                0x00000262                PORTC_DriverIRQHandler
                0x00000262                DMA11_DriverIRQHandler
                0x00000262                DAC0_DriverIRQHandler
                0x00000262                DMA10_DriverIRQHandler
                0x00000262                CMP2_DriverIRQHandler
                0x00000262                UART2_ERR_DriverIRQHandler
                0x00000262                SPI2_DriverIRQHandler
                0x00000262                LVD_LVW_DriverIRQHandler
                0x00000262                PIT0_DriverIRQHandler
                0x00000262                DMA12_DriverIRQHandler
                0x00000262                DMA5_DriverIRQHandler
                0x00000262                DMA4_DriverIRQHandler
                0x00000262                USBDCD_DriverIRQHandler
                0x00000262                UART3_ERR_DriverIRQHandler
                0x00000262                DMA3_DriverIRQHandler
                0x00000262                DMA8_DriverIRQHandler
                0x00000262                DMA9_DriverIRQHandler
                0x00000262                UART0_ERR_DriverIRQHandler
                0x00000262                CMT_DriverIRQHandler
                0x00000262                Reserved71_DriverIRQHandler
                0x00000262                ADC1_DriverIRQHandler
                0x00000262                PORTA_DriverIRQHandler
                0x00000262                DMA14_DriverIRQHandler
                0x00000262                PIT3_DriverIRQHandler
                0x00000262                PIT1_DriverIRQHandler
                0x00000262                WDOG_EWM_DriverIRQHandler
                0x00000262                PDB0_DriverIRQHandler
                0x00000262                RTC_DriverIRQHandler
                0x00000262                I2S0_Rx_DriverIRQHandler
                0x00000262                Read_Collision_DriverIRQHandler
                0x00000262                SWI_DriverIRQHandler
                0x00000262                UART4_ERR_DriverIRQHandler
                0x00000262                PORTB_DriverIRQHandler
                0x00000262                UART0_LON_DriverIRQHandler
                0x00000262                DMA0_DriverIRQHandler
                0x00000262                DMA1_DriverIRQHandler
                0x00000262                I2C1_DriverIRQHandler
                0x00000262                ENET_Receive_DriverIRQHandler
                0x00000262                DMA13_DriverIRQHandler
                0x00000262                ENET_Error_DriverIRQHandler
                0x00000262                DMA15_DriverIRQHandler
                0x00000262                SPI0_DriverIRQHandler
                0x00000262                ADC0_DriverIRQHandler
                0x00000262                CMP0_DriverIRQHandler
                0x00000262                CAN0_DriverIRQHandler
                0x00000262                FTM3_DriverIRQHandler
                0x00000262                RNG_DriverIRQHandler
                0x00000262                UART1_ERR_DriverIRQHandler
                0x00000262                DMA2_DriverIRQHandler
                0x00000262                ENET_Transmit_DriverIRQHandler
                0x00000262                PORTD_DriverIRQHandler
                0x00000262                PORTE_DriverIRQHandler
                0x00000262                FTFE_DriverIRQHandler
                0x00000262                I2C0_DriverIRQHandler
                0x00000262                DMA7_DriverIRQHandler
                0x00000400                . = 0x400
 *fill*         0x00000264      0x19c ff
                0x00000400                PROVIDE (__FLASH_CONFIG_START__ = .)
 *(SORT_BY_ALIGNMENT(.FlashConfig))
 .FlashConfig   0x00000400       0x10 ./startup/startup_mk64f12.o
                0x00000400                Flash_Config
                0x00000410                PROVIDE (__FLASH_CONFIG_END__ = .)
                0x00000001                ASSERT (! ((__FLASH_CONFIG_START__ == __FLASH_CONFIG_END__)), Linker Flash Config Support Enabled, but no .FlashConfig section provided within application)
 *(SORT_BY_ALIGNMENT(.text*))
 .text.__assertion_failed
                0x00000410       0x18 ./utilities/fsl_assert.o
                0x00000410                __assertion_failed
 .text.DbgConsole_Init
                0x00000428       0x74 ./utilities/fsl_debug_console.o
                0x00000428                DbgConsole_Init
 .text.DbgConsole_Printf
                0x0000049c       0x40 ./utilities/fsl_debug_console.o
                0x0000049c                DbgConsole_Printf
 .text.DbgConsole_Putchar
                0x000004dc       0x30 ./utilities/fsl_debug_console.o
                0x000004dc                DbgConsole_Putchar
 .text.DbgConsole_PrintfFormattedData
                0x0000050c      0x3bc ./utilities/fsl_debug_console.o
 .text.PIT_SetTimerPeriod
                0x000008c8       0x38 ./source/TP1.o
 .text.ADC16_GetChannelConversionValue
                0x00000900       0x2c ./source/TP1.o
 .text.PORTC_IRQHandler
                0x0000092c      0x118 ./source/TP1.o
                0x0000092c                PORTC_IRQHandler
 .text.PORTA_IRQHandler
                0x00000a44      0x14c ./source/TP1.o
                0x00000a44                PORTA_IRQHandler
 .text.PIT0_IRQHandler
                0x00000b90       0x40 ./source/TP1.o
                0x00000b90                PIT0_IRQHandler
 .text.ADC0_IRQHandler
                0x00000bd0       0xa4 ./source/TP1.o
                0x00000bd0                ADC0_IRQHandler
 .text.main     0x00000c74       0x48 ./source/TP1.o
                0x00000c74                main
 .text.ADC16_GetInstance
                0x00000cbc       0x4c ./drivers/fsl_adc16.o
 .text.ADC16_Init
                0x00000d08      0x118 ./drivers/fsl_adc16.o
                0x00000d08                ADC16_Init
 .text.ADC16_SetChannelConfig
                0x00000e20       0x68 ./drivers/fsl_adc16.o
                0x00000e20                ADC16_SetChannelConfig
 .text.ADC16_GetChannelStatusFlags
                0x00000e88       0x40 ./drivers/fsl_adc16.o
                0x00000e88                ADC16_GetChannelStatusFlags
 .text.CLOCK_SetEr32kClock
                0x00000ec8       0x30 ./drivers/fsl_clock.o
 .text.CLOCK_SetPllFllSelClock
                0x00000ef8       0x38 ./drivers/fsl_clock.o
 .text.CLOCK_GetMcgExtClkFreq
                0x00000f30       0x7c ./drivers/fsl_clock.o
 .text.CLOCK_GetFllExtRefClkFreq
                0x00000fac       0xb0 ./drivers/fsl_clock.o
 .text.CLOCK_GetInternalRefClkSelectFreq
                0x0000105c       0x4c ./drivers/fsl_clock.o
 .text.CLOCK_GetFllRefClkFreq
                0x000010a8       0x34 ./drivers/fsl_clock.o
 .text.CLOCK_GetOscRangeFromFreq
                0x000010dc       0x3c ./drivers/fsl_clock.o
 .text.CLOCK_GetCoreSysClkFreq
                0x00001118       0x28 ./drivers/fsl_clock.o
                0x00001118                CLOCK_GetCoreSysClkFreq
 .text.CLOCK_SetSimConfig
                0x00001140       0x34 ./drivers/fsl_clock.o
                0x00001140                CLOCK_SetSimConfig
 .text.CLOCK_GetOutClkFreq
                0x00001174       0x64 ./drivers/fsl_clock.o
                0x00001174                CLOCK_GetOutClkFreq
 .text.CLOCK_GetFllFreq
                0x000011d8       0x84 ./drivers/fsl_clock.o
                0x000011d8                CLOCK_GetFllFreq
 .text.CLOCK_GetPll0Freq
                0x0000125c       0x78 ./drivers/fsl_clock.o
                0x0000125c                CLOCK_GetPll0Freq
 .text.CLOCK_SetExternalRefClkConfig
                0x000012d4       0x6c ./drivers/fsl_clock.o
                0x000012d4                CLOCK_SetExternalRefClkConfig
 .text.CLOCK_SetInternalRefClkConfig
                0x00001340      0x104 ./drivers/fsl_clock.o
                0x00001340                CLOCK_SetInternalRefClkConfig
 .text.CLOCK_EnablePll0
                0x00001444       0x88 ./drivers/fsl_clock.o
                0x00001444                CLOCK_EnablePll0
 .text.CLOCK_InitOsc0
                0x000014cc       0x8c ./drivers/fsl_clock.o
                0x000014cc                CLOCK_InitOsc0
 .text.CLOCK_SetPbeMode
                0x00001558       0xa8 ./drivers/fsl_clock.o
                0x00001558                CLOCK_SetPbeMode
 .text.CLOCK_BootToPeeMode
                0x00001600       0x64 ./drivers/fsl_clock.o
                0x00001600                CLOCK_BootToPeeMode
 .text.DAC_GetInstance
                0x00001664       0x4c ./drivers/fsl_dac.o
 .text.DAC_Init
                0x000016b0       0x70 ./drivers/fsl_dac.o
                0x000016b0                DAC_Init
 .text.DAC_SetBufferValue
                0x00001720       0x50 ./drivers/fsl_dac.o
                0x00001720                DAC_SetBufferValue
 .text.DAC_SetBufferReadPointer
                0x00001770       0x48 ./drivers/fsl_dac.o
                0x00001770                DAC_SetBufferReadPointer
 .text.GPIO_GetInstance
                0x000017b8       0x4c ./drivers/fsl_gpio.o
 .text.GPIO_PinInit
                0x00001804       0x64 ./drivers/fsl_gpio.o
                0x00001804                GPIO_PinInit
 .text.GPIO_PortGetInterruptFlags
                0x00001868       0x30 ./drivers/fsl_gpio.o
                0x00001868                GPIO_PortGetInterruptFlags
 .text.GPIO_PortClearInterruptFlags
                0x00001898       0x34 ./drivers/fsl_gpio.o
                0x00001898                GPIO_PortClearInterruptFlags
 .text.PIT_GetInstance
                0x000018cc       0x44 ./drivers/fsl_pit.o
 .text.PIT_Init
                0x00001910       0x94 ./drivers/fsl_pit.o
                0x00001910                PIT_Init
 .text.UART_GetInstance
                0x000019a4       0x54 ./drivers/fsl_uart.o
                0x000019a4                UART_GetInstance
 .text.UART_Init
                0x000019f8      0x2f4 ./drivers/fsl_uart.o
                0x000019f8                UART_Init
 .text.UART_GetDefaultConfig
                0x00001cec       0x68 ./drivers/fsl_uart.o
                0x00001cec                UART_GetDefaultConfig
 .text.UART_ReadBlocking
                0x00001d54       0xfc ./drivers/fsl_uart.o
                0x00001d54                UART_ReadBlocking
 .text.UART0_DriverIRQHandler
                0x00001e50       0x28 ./drivers/fsl_uart.o
                0x00001e50                UART0_DriverIRQHandler
 .text.UART1_DriverIRQHandler
                0x00001e78       0x28 ./drivers/fsl_uart.o
                0x00001e78                UART1_DriverIRQHandler
 .text.UART2_DriverIRQHandler
                0x00001ea0       0x28 ./drivers/fsl_uart.o
                0x00001ea0                UART2_DriverIRQHandler
 .text.UART3_DriverIRQHandler
                0x00001ec8       0x28 ./drivers/fsl_uart.o
                0x00001ec8                UART3_DriverIRQHandler
 .text.UART4_DriverIRQHandler
                0x00001ef0       0x28 ./drivers/fsl_uart.o
                0x00001ef0                UART4_DriverIRQHandler
 .text.UART5_DriverIRQHandler
                0x00001f18       0x28 ./drivers/fsl_uart.o
                0x00001f18                UART5_DriverIRQHandler
 .text.SystemInit
                0x00001f40       0x3c ./device/system_MK64F12.o
                0x00001f40                SystemInit
 .text.HAL_UartInit
                0x00001f7c      0x128 ./component/uart/fsl_adapter_uart.o
                0x00001f7c                HAL_UartInit
 .text.HAL_UartReceiveBlocking
                0x000020a4       0x6c ./component/uart/fsl_adapter_uart.o
                0x000020a4                HAL_UartReceiveBlocking
 .text.HAL_UartSendBlocking
                0x00002110       0x64 ./component/uart/fsl_adapter_uart.o
                0x00002110                HAL_UartSendBlocking
 .text.CLOCK_SetSimSafeDivs
                0x00002174       0x20 ./board/clock_config.o
 .text.CLOCK_SetXtal0Freq
                0x00002194       0x20 ./board/clock_config.o
 .text.CLOCK_CONFIG_SetFllExtRefDiv
                0x000021b4       0x3c ./board/clock_config.o
 .text.BOARD_BootClockRUN
                0x000021f0       0x60 ./board/clock_config.o
                0x000021f0                BOARD_BootClockRUN
 .text.__NVIC_EnableIRQ
                0x00002250       0x3c ./board/peripherals.o
 .text.PIT_SetTimerPeriod
                0x0000228c       0x38 ./board/peripherals.o
 .text.PIT_init
                0x000022c4       0x3c ./board/peripherals.o
 .text.ADC0_init
                0x00002300       0x44 ./board/peripherals.o
 .text.DAC0_init
                0x00002344       0x34 ./board/peripherals.o
 .text.BOARD_InitPins
                0x00002378      0x16c ./board/pin_mux.o
                0x00002378                BOARD_InitPins
 .text._initio  0x000024e4       0x78 c:/nxp/mcuxpressoide_11.4.0_6224/ide/plugins/com.nxp.mcuxpresso.tools.win32_11.4.0.202103011116/tools/bin/../lib/gcc/arm-none-eabi/10.2.1/../../../../arm-none-eabi/lib/thumb/v7e-m+fp/hard\libcr_c.a(initio.o)
                0x000024e4                _initio
 .text.fflush   0x0000255c       0x3c c:/nxp/mcuxpressoide_11.4.0_6224/ide/plugins/com.nxp.mcuxpresso.tools.win32_11.4.0.202103011116/tools/bin/../lib/gcc/arm-none-eabi/10.2.1/../../../../arm-none-eabi/lib/thumb/v7e-m+fp/hard\libcr_c.a(fflush.o)
                0x0000255c                fflush
 .text.fseek    0x00002598      0x100 c:/nxp/mcuxpressoide_11.4.0_6224/ide/plugins/com.nxp.mcuxpresso.tools.win32_11.4.0.202103011116/tools/bin/../lib/gcc/arm-none-eabi/10.2.1/../../../../arm-none-eabi/lib/thumb/v7e-m+fp/hard\libcr_c.a(fseek.o)
                0x00002598                fseek
 .text.ftell    0x00002698       0x44 c:/nxp/mcuxpressoide_11.4.0_6224/ide/plugins/com.nxp.mcuxpresso.tools.win32_11.4.0.202103011116/tools/bin/../lib/gcc/arm-none-eabi/10.2.1/../../../../arm-none-eabi/lib/thumb/v7e-m+fp/hard\libcr_c.a(ftell.o)
                0x00002698                ftell
 .text._Cwritebuf
                0x000026dc       0x6c c:/nxp/mcuxpressoide_11.4.0_6224/ide/plugins/com.nxp.mcuxpresso.tools.win32_11.4.0.202103011116/tools/bin/../lib/gcc/arm-none-eabi/10.2.1/../../../../arm-none-eabi/lib/thumb/v7e-m+fp/hard\libcr_c.a(_writebuf.o)
                0x000026dc                _Cwritebuf
 .text.DbgConsole_PrintfPaddingCharacter
                0x00002748       0x40 ./utilities/fsl_debug_console.o
 .text.DbgConsole_ConvertRadixNumToString
                0x00002788      0x114 ./utilities/fsl_debug_console.o
 .text.DMA0_IRQHandler
                0x0000289c        0x8 ./startup/startup_mk64f12.o
                0x0000289c                DMA0_IRQHandler
 .text.DMA1_IRQHandler
                0x000028a4        0x8 ./startup/startup_mk64f12.o
                0x000028a4                DMA1_IRQHandler
 .text.DMA2_IRQHandler
                0x000028ac        0x8 ./startup/startup_mk64f12.o
                0x000028ac                DMA2_IRQHandler
 .text.DMA3_IRQHandler
                0x000028b4        0x8 ./startup/startup_mk64f12.o
                0x000028b4                DMA3_IRQHandler
 .text.DMA4_IRQHandler
                0x000028bc        0x8 ./startup/startup_mk64f12.o
                0x000028bc                DMA4_IRQHandler
 .text.DMA5_IRQHandler
                0x000028c4        0x8 ./startup/startup_mk64f12.o
                0x000028c4                DMA5_IRQHandler
 .text.DMA6_IRQHandler
                0x000028cc        0x8 ./startup/startup_mk64f12.o
                0x000028cc                DMA6_IRQHandler
 .text.DMA7_IRQHandler
                0x000028d4        0x8 ./startup/startup_mk64f12.o
                0x000028d4                DMA7_IRQHandler
 .text.DMA8_IRQHandler
                0x000028dc        0x8 ./startup/startup_mk64f12.o
                0x000028dc                DMA8_IRQHandler
 .text.DMA9_IRQHandler
                0x000028e4        0x8 ./startup/startup_mk64f12.o
                0x000028e4                DMA9_IRQHandler
 .text.DMA10_IRQHandler
                0x000028ec        0x8 ./startup/startup_mk64f12.o
                0x000028ec                DMA10_IRQHandler
 .text.DMA11_IRQHandler
                0x000028f4        0x8 ./startup/startup_mk64f12.o
                0x000028f4                DMA11_IRQHandler
 .text.DMA12_IRQHandler
                0x000028fc        0x8 ./startup/startup_mk64f12.o
                0x000028fc                DMA12_IRQHandler
 .text.DMA13_IRQHandler
                0x00002904        0x8 ./startup/startup_mk64f12.o
                0x00002904                DMA13_IRQHandler
 .text.DMA14_IRQHandler
                0x0000290c        0x8 ./startup/startup_mk64f12.o
                0x0000290c                DMA14_IRQHandler
 .text.DMA15_IRQHandler
                0x00002914        0x8 ./startup/startup_mk64f12.o
                0x00002914                DMA15_IRQHandler
 .text.DMA_Error_IRQHandler
                0x0000291c        0x8 ./startup/startup_mk64f12.o
                0x0000291c                DMA_Error_IRQHandler
 .text.MCM_IRQHandler
                0x00002924        0x8 ./startup/startup_mk64f12.o
                0x00002924                MCM_IRQHandler
 .text.FTFE_IRQHandler
                0x0000292c        0x8 ./startup/startup_mk64f12.o
                0x0000292c                FTFE_IRQHandler
 .text.Read_Collision_IRQHandler
                0x00002934        0x8 ./startup/startup_mk64f12.o
                0x00002934                Read_Collision_IRQHandler
 .text.LVD_LVW_IRQHandler
                0x0000293c        0x8 ./startup/startup_mk64f12.o
                0x0000293c                LVD_LVW_IRQHandler
 .text.LLWU_IRQHandler
                0x00002944        0x8 ./startup/startup_mk64f12.o
                0x00002944                LLWU_IRQHandler
 .text.WDOG_EWM_IRQHandler
                0x0000294c        0x8 ./startup/startup_mk64f12.o
                0x0000294c                WDOG_EWM_IRQHandler
 .text.RNG_IRQHandler
                0x00002954        0x8 ./startup/startup_mk64f12.o
                0x00002954                RNG_IRQHandler
 .text.I2C0_IRQHandler
                0x0000295c        0x8 ./startup/startup_mk64f12.o
                0x0000295c                I2C0_IRQHandler
 .text.I2C1_IRQHandler
                0x00002964        0x8 ./startup/startup_mk64f12.o
                0x00002964                I2C1_IRQHandler
 .text.SPI0_IRQHandler
                0x0000296c        0x8 ./startup/startup_mk64f12.o
                0x0000296c                SPI0_IRQHandler
 .text.SPI1_IRQHandler
                0x00002974        0x8 ./startup/startup_mk64f12.o
                0x00002974                SPI1_IRQHandler
 .text.I2S0_Tx_IRQHandler
                0x0000297c        0x8 ./startup/startup_mk64f12.o
                0x0000297c                I2S0_Tx_IRQHandler
 .text.I2S0_Rx_IRQHandler
                0x00002984        0x8 ./startup/startup_mk64f12.o
                0x00002984                I2S0_Rx_IRQHandler
 .text.UART0_LON_IRQHandler
                0x0000298c        0x8 ./startup/startup_mk64f12.o
                0x0000298c                UART0_LON_IRQHandler
 .text.UART0_RX_TX_IRQHandler
                0x00002994        0x8 ./startup/startup_mk64f12.o
                0x00002994                UART0_RX_TX_IRQHandler
 .text.UART0_ERR_IRQHandler
                0x0000299c        0x8 ./startup/startup_mk64f12.o
                0x0000299c                UART0_ERR_IRQHandler
 .text.UART1_RX_TX_IRQHandler
                0x000029a4        0x8 ./startup/startup_mk64f12.o
                0x000029a4                UART1_RX_TX_IRQHandler
 .text.UART1_ERR_IRQHandler
                0x000029ac        0x8 ./startup/startup_mk64f12.o
                0x000029ac                UART1_ERR_IRQHandler
 .text.UART2_RX_TX_IRQHandler
                0x000029b4        0x8 ./startup/startup_mk64f12.o
                0x000029b4                UART2_RX_TX_IRQHandler
 .text.UART2_ERR_IRQHandler
                0x000029bc        0x8 ./startup/startup_mk64f12.o
                0x000029bc                UART2_ERR_IRQHandler
 .text.UART3_RX_TX_IRQHandler
                0x000029c4        0x8 ./startup/startup_mk64f12.o
                0x000029c4                UART3_RX_TX_IRQHandler
 .text.UART3_ERR_IRQHandler
                0x000029cc        0x8 ./startup/startup_mk64f12.o
                0x000029cc                UART3_ERR_IRQHandler
 .text.CMP0_IRQHandler
                0x000029d4        0x8 ./startup/startup_mk64f12.o
                0x000029d4                CMP0_IRQHandler
 .text.CMP1_IRQHandler
                0x000029dc        0x8 ./startup/startup_mk64f12.o
                0x000029dc                CMP1_IRQHandler
 .text.FTM0_IRQHandler
                0x000029e4        0x8 ./startup/startup_mk64f12.o
                0x000029e4                FTM0_IRQHandler
 .text.FTM1_IRQHandler
                0x000029ec        0x8 ./startup/startup_mk64f12.o
                0x000029ec                FTM1_IRQHandler
 .text.FTM2_IRQHandler
                0x000029f4        0x8 ./startup/startup_mk64f12.o
                0x000029f4                FTM2_IRQHandler
 .text.CMT_IRQHandler
                0x000029fc        0x8 ./startup/startup_mk64f12.o
                0x000029fc                CMT_IRQHandler
 .text.RTC_IRQHandler
                0x00002a04        0x8 ./startup/startup_mk64f12.o
                0x00002a04                RTC_IRQHandler
 .text.RTC_Seconds_IRQHandler
                0x00002a0c        0x8 ./startup/startup_mk64f12.o
                0x00002a0c                RTC_Seconds_IRQHandler
 .text.PIT1_IRQHandler
                0x00002a14        0x8 ./startup/startup_mk64f12.o
                0x00002a14                PIT1_IRQHandler
 .text.PIT2_IRQHandler
                0x00002a1c        0x8 ./startup/startup_mk64f12.o
                0x00002a1c                PIT2_IRQHandler
 .text.PIT3_IRQHandler
                0x00002a24        0x8 ./startup/startup_mk64f12.o
                0x00002a24                PIT3_IRQHandler
 .text.PDB0_IRQHandler
                0x00002a2c        0x8 ./startup/startup_mk64f12.o
                0x00002a2c                PDB0_IRQHandler
 .text.USB0_IRQHandler
                0x00002a34        0x8 ./startup/startup_mk64f12.o
                0x00002a34                USB0_IRQHandler
 .text.USBDCD_IRQHandler
                0x00002a3c        0x8 ./startup/startup_mk64f12.o
                0x00002a3c                USBDCD_IRQHandler
 .text.Reserved71_IRQHandler
                0x00002a44        0x8 ./startup/startup_mk64f12.o
                0x00002a44                Reserved71_IRQHandler
 .text.DAC0_IRQHandler
                0x00002a4c        0x8 ./startup/startup_mk64f12.o
                0x00002a4c                DAC0_IRQHandler
 .text.MCG_IRQHandler
                0x00002a54        0x8 ./startup/startup_mk64f12.o
                0x00002a54                MCG_IRQHandler
 .text.LPTMR0_IRQHandler
                0x00002a5c        0x8 ./startup/startup_mk64f12.o
                0x00002a5c                LPTMR0_IRQHandler
 .text.PORTB_IRQHandler
                0x00002a64        0x8 ./startup/startup_mk64f12.o
                0x00002a64                PORTB_IRQHandler
 .text.PORTD_IRQHandler
                0x00002a6c        0x8 ./startup/startup_mk64f12.o
                0x00002a6c                PORTD_IRQHandler
 .text.PORTE_IRQHandler
                0x00002a74        0x8 ./startup/startup_mk64f12.o
                0x00002a74                PORTE_IRQHandler
 .text.SWI_IRQHandler
                0x00002a7c        0x8 ./startup/startup_mk64f12.o
                0x00002a7c                SWI_IRQHandler
 .text.SPI2_IRQHandler
                0x00002a84        0x8 ./startup/startup_mk64f12.o
                0x00002a84                SPI2_IRQHandler
 .text.UART4_RX_TX_IRQHandler
                0x00002a8c        0x8 ./startup/startup_mk64f12.o
                0x00002a8c                UART4_RX_TX_IRQHandler
 .text.UART4_ERR_IRQHandler
                0x00002a94        0x8 ./startup/startup_mk64f12.o
                0x00002a94                UART4_ERR_IRQHandler
 .text.UART5_RX_TX_IRQHandler
                0x00002a9c        0x8 ./startup/startup_mk64f12.o
                0x00002a9c                UART5_RX_TX_IRQHandler
 .text.UART5_ERR_IRQHandler
                0x00002aa4        0x8 ./startup/startup_mk64f12.o
                0x00002aa4                UART5_ERR_IRQHandler
 .text.CMP2_IRQHandler
                0x00002aac        0x8 ./startup/startup_mk64f12.o
                0x00002aac                CMP2_IRQHandler
 .text.FTM3_IRQHandler
                0x00002ab4        0x8 ./startup/startup_mk64f12.o
                0x00002ab4                FTM3_IRQHandler
 .text.DAC1_IRQHandler
                0x00002abc        0x8 ./startup/startup_mk64f12.o
                0x00002abc                DAC1_IRQHandler
 .text.ADC1_IRQHandler
                0x00002ac4        0x8 ./startup/startup_mk64f12.o
                0x00002ac4                ADC1_IRQHandler
 .text.I2C2_IRQHandler
                0x00002acc        0x8 ./startup/startup_mk64f12.o
                0x00002acc                I2C2_IRQHandler
 .text.CAN0_ORed_Message_buffer_IRQHandler
                0x00002ad4        0x8 ./startup/startup_mk64f12.o
                0x00002ad4                CAN0_ORed_Message_buffer_IRQHandler
 .text.CAN0_Bus_Off_IRQHandler
                0x00002adc        0x8 ./startup/startup_mk64f12.o
                0x00002adc                CAN0_Bus_Off_IRQHandler
 .text.CAN0_Error_IRQHandler
                0x00002ae4        0x8 ./startup/startup_mk64f12.o
                0x00002ae4                CAN0_Error_IRQHandler
 .text.CAN0_Tx_Warning_IRQHandler
                0x00002aec        0x8 ./startup/startup_mk64f12.o
                0x00002aec                CAN0_Tx_Warning_IRQHandler
 .text.CAN0_Rx_Warning_IRQHandler
                0x00002af4        0x8 ./startup/startup_mk64f12.o
                0x00002af4                CAN0_Rx_Warning_IRQHandler
 .text.CAN0_Wake_Up_IRQHandler
                0x00002afc        0x8 ./startup/startup_mk64f12.o
                0x00002afc                CAN0_Wake_Up_IRQHandler
 .text.SDHC_IRQHandler
                0x00002b04        0x8 ./startup/startup_mk64f12.o
                0x00002b04                SDHC_IRQHandler
 .text.ENET_1588_Timer_IRQHandler
                0x00002b0c        0x8 ./startup/startup_mk64f12.o
                0x00002b0c                ENET_1588_Timer_IRQHandler
 .text.ENET_Transmit_IRQHandler
                0x00002b14        0x8 ./startup/startup_mk64f12.o
                0x00002b14                ENET_Transmit_IRQHandler
 .text.ENET_Receive_IRQHandler
                0x00002b1c        0x8 ./startup/startup_mk64f12.o
                0x00002b1c                ENET_Receive_IRQHandler
 .text.ENET_Error_IRQHandler
                0x00002b24        0x8 ./startup/startup_mk64f12.o
                0x00002b24                ENET_Error_IRQHandler
 .text.GPIO_PortSet
                0x00002b2c       0x1c ./source/TP1.o
 .text.GPIO_PortClear
                0x00002b48       0x1c ./source/TP1.o
 .text.GPIO_PortToggle
                0x00002b64       0x1c ./source/TP1.o
 .text.PIT_GetStatusFlags
                0x00002b80       0x2a ./source/TP1.o
 .text.PIT_ClearStatusFlags
                0x00002baa       0x2a ./source/TP1.o
 .text.PIT_StartTimer
                0x00002bd4       0x38 ./source/TP1.o
 .text.PIT_StopTimer
                0x00002c0c       0x38 ./source/TP1.o
 .text.HardFault_Handler
                0x00002c44       0x2c ./source/semihost_hardfault.o
                0x00002c44                HardFault_Handler
 .text.CLOCK_EnableClock
                0x00002c70       0x34 ./drivers/fsl_adc16.o
 .text.ADC16_DoAutoCalibration
                0x00002ca4      0x130 ./drivers/fsl_adc16.o
                0x00002ca4                ADC16_DoAutoCalibration
 .text.ADC16_SetChannelMuxMode
                0x00002dd4       0x38 ./drivers/fsl_adc16.o
                0x00002dd4                ADC16_SetChannelMuxMode
 .text.ADC16_SetHardwareAverage
                0x00002e0c       0x3e ./drivers/fsl_adc16.o
                0x00002e0c                ADC16_SetHardwareAverage
 .text.ADC16_GetStatusFlags
                0x00002e4a       0x42 ./drivers/fsl_adc16.o
                0x00002e4a                ADC16_GetStatusFlags
 .text.OSC_SetExtRefClkConfig
                0x00002e8c       0x34 ./drivers/fsl_clock.o
 .text.OSC_SetCapLoad
                0x00002ec0       0x34 ./drivers/fsl_clock.o
 .text.CLOCK_GetPll0RefFreq
                0x00002ef4        0xe ./drivers/fsl_clock.o
 .text.CLOCK_EnableClock
                0x00002f02       0x34 ./drivers/fsl_dac.o
 .text.GPIO_PinWrite
                0x00002f36       0x36 ./drivers/fsl_gpio.o
 .text.CLOCK_EnableClock
                0x00002f6c       0x34 ./drivers/fsl_pit.o
 .text.CLOCK_EnableClock
                0x00002fa0       0x34 ./drivers/fsl_uart.o
 .text.UART_GetStatusFlags
                0x00002fd4       0x48 ./drivers/fsl_uart.o
                0x00002fd4                UART_GetStatusFlags
 .text.UART_ClearStatusFlags
                0x0000301c       0x80 ./drivers/fsl_uart.o
                0x0000301c                UART_ClearStatusFlags
 .text.UART_WriteBlocking
                0x0000309c       0x50 ./drivers/fsl_uart.o
                0x0000309c                UART_WriteBlocking
 .text.UART0_RX_TX_DriverIRQHandler
                0x000030ec       0x12 ./drivers/fsl_uart.o
                0x000030ec                UART0_RX_TX_DriverIRQHandler
 .text.UART1_RX_TX_DriverIRQHandler
                0x000030fe       0x12 ./drivers/fsl_uart.o
                0x000030fe                UART1_RX_TX_DriverIRQHandler
 .text.UART2_RX_TX_DriverIRQHandler
                0x00003110       0x12 ./drivers/fsl_uart.o
                0x00003110                UART2_RX_TX_DriverIRQHandler
 .text.UART3_RX_TX_DriverIRQHandler
                0x00003122       0x12 ./drivers/fsl_uart.o
                0x00003122                UART3_RX_TX_DriverIRQHandler
 .text.UART4_RX_TX_DriverIRQHandler
                0x00003134       0x12 ./drivers/fsl_uart.o
                0x00003134                UART4_RX_TX_DriverIRQHandler
 .text.UART5_RX_TX_DriverIRQHandler
                0x00003146       0x12 ./drivers/fsl_uart.o
                0x00003146                UART5_RX_TX_DriverIRQHandler
 .text.SystemInitHook
                0x00003158        0xe ./device/system_MK64F12.o
                0x00003158                SystemInitHook
 .text.HAL_UartGetStatus
                0x00003166       0x22 ./component/uart/fsl_adapter_uart.o
 .text.BOARD_InitDebugConsole
                0x00003188       0x22 ./board/board.o
                0x00003188                BOARD_InitDebugConsole
 .text.BOARD_InitBootClocks
                0x000031aa        0xc ./board/clock_config.o
                0x000031aa                BOARD_InitBootClocks
 .text.EnableIRQ
                0x000031b6       0x32 ./board/peripherals.o
 .text.PIT_EnableInterrupts
                0x000031e8       0x3a ./board/peripherals.o
 .text.PIT_StartTimer
                0x00003222       0x38 ./board/peripherals.o
 .text.ADC16_EnableHardwareTrigger
                0x0000325a       0x38 ./board/peripherals.o
 .text.DAC_Enable
                0x00003292       0x48 ./board/peripherals.o
 .text.GPIOA_init
                0x000032da        0xe ./board/peripherals.o
 .text.GPIOC_init
                0x000032e8        0xe ./board/peripherals.o
 .text.BOARD_InitPeripherals
                0x000032f6       0x1c ./board/peripherals.o
                0x000032f6                BOARD_InitPeripherals
 .text.BOARD_InitBootPeripherals
                0x00003312        0xc ./board/peripherals.o
                0x00003312                BOARD_InitBootPeripherals
 .text.CLOCK_EnableClock
                0x0000331e       0x34 ./board/pin_mux.o
 .text.PORT_SetPinMux
                0x00003352       0x3a ./board/pin_mux.o
 .text.PORT_SetPinInterruptConfig
                0x0000338c       0x3a ./board/pin_mux.o
 .text.BOARD_InitBootPins
                0x000033c6        0xc ./board/pin_mux.o
                0x000033c6                BOARD_InitBootPins
 .text.__main   0x000033d2        0xe c:/nxp/mcuxpressoide_11.4.0_6224/ide/plugins/com.nxp.mcuxpresso.tools.win32_11.4.0.202103011116/tools/bin/../lib/gcc/arm-none-eabi/10.2.1/../../../../arm-none-eabi/lib/thumb/v7e-m+fp/hard\libcr_nohost_nf.a(_cr__main.o)
                0x000033d2                __main
 .text.memset   0x000033e0        0x4 c:/nxp/mcuxpressoide_11.4.0_6224/ide/plugins/com.nxp.mcuxpresso.tools.win32_11.4.0.202103011116/tools/bin/../lib/gcc/arm-none-eabi/10.2.1/../../../../arm-none-eabi/lib/thumb/v7e-m+fp/hard\libcr_c.a(memset.o)
                0x000033e0                memset
 .text.free     0x000033e4       0x30 c:/nxp/mcuxpressoide_11.4.0_6224/ide/plugins/com.nxp.mcuxpresso.tools.win32_11.4.0.202103011116/tools/bin/../lib/gcc/arm-none-eabi/10.2.1/../../../../arm-none-eabi/lib/thumb/v7e-m+fp/hard\libcr_c.a(alloc.o)
                0x000033e4                free
 .text.setvbuf  0x00003414       0x3e c:/nxp/mcuxpressoide_11.4.0_6224/ide/plugins/com.nxp.mcuxpresso.tools.win32_11.4.0.202103011116/tools/bin/../lib/gcc/arm-none-eabi/10.2.1/../../../../arm-none-eabi/lib/thumb/v7e-m+fp/hard\libcr_c.a(setvbuf.o)
                0x00003414                setvbuf
 .text.strlen   0x00003452       0x48 c:/nxp/mcuxpressoide_11.4.0_6224/ide/plugins/com.nxp.mcuxpresso.tools.win32_11.4.0.202103011116/tools/bin/../lib/gcc/arm-none-eabi/10.2.1/../../../../arm-none-eabi/lib/thumb/v7e-m+fp/hard\libcr_c.a(strlen.o)
                0x00003452                strlen
 .text._fdopen  0x0000349a       0x68 c:/nxp/mcuxpressoide_11.4.0_6224/ide/plugins/com.nxp.mcuxpresso.tools.win32_11.4.0.202103011116/tools/bin/../lib/gcc/arm-none-eabi/10.2.1/../../../../arm-none-eabi/lib/thumb/v7e-m+fp/hard\libcr_c.a(_fdopen.o)
                0x0000349a                _fdopen
 .text.fclose   0x00003502       0x58 c:/nxp/mcuxpressoide_11.4.0_6224/ide/plugins/com.nxp.mcuxpresso.tools.win32_11.4.0.202103011116/tools/bin/../lib/gcc/arm-none-eabi/10.2.1/../../../../arm-none-eabi/lib/thumb/v7e-m+fp/hard\libcr_c.a(fclose.o)
                0x00003502                fclose
 .text.remove   0x0000355a       0x14 c:/nxp/mcuxpressoide_11.4.0_6224/ide/plugins/com.nxp.mcuxpresso.tools.win32_11.4.0.202103011116/tools/bin/../lib/gcc/arm-none-eabi/10.2.1/../../../../arm-none-eabi/lib/thumb/v7e-m+fp/hard\libcr_c.a(remove.o)
                0x0000355a                remove
 .text._do_fflush
                0x0000356e       0x40 c:/nxp/mcuxpressoide_11.4.0_6224/ide/plugins/com.nxp.mcuxpresso.tools.win32_11.4.0.202103011116/tools/bin/../lib/gcc/arm-none-eabi/10.2.1/../../../../arm-none-eabi/lib/thumb/v7e-m+fp/hard\libcr_c.a(_do_fflush.o)
                0x0000356e                _do_fflush
 .text._fflush  0x000035ae       0x52 c:/nxp/mcuxpressoide_11.4.0_6224/ide/plugins/com.nxp.mcuxpresso.tools.win32_11.4.0.202103011116/tools/bin/../lib/gcc/arm-none-eabi/10.2.1/../../../../arm-none-eabi/lib/thumb/v7e-m+fp/hard\libcr_c.a(_fflush.o)
                0x000035ae                _fflush
 .text._deferredlazyseek
                0x00003600       0x40 c:/nxp/mcuxpressoide_11.4.0_6224/ide/plugins/com.nxp.mcuxpresso.tools.win32_11.4.0.202103011116/tools/bin/../lib/gcc/arm-none-eabi/10.2.1/../../../../arm-none-eabi/lib/thumb/v7e-m+fp/hard\libcr_c.a(_deferredlazyseek.o)
                0x00003600                _deferredlazyseek
 .text.__aeabi_memset_lowlevel
                0x00003640       0x32 c:/nxp/mcuxpressoide_11.4.0_6224/ide/plugins/com.nxp.mcuxpresso.tools.win32_11.4.0.202103011116/tools/bin/../lib/gcc/arm-none-eabi/10.2.1/thumb/v7e-m+fp/hard\libcr_eabihelpers.a(memcpy.o)
                0x00003640                __aeabi_lowlevel_memset
 .text.__sys_close
                0x00003672        0x6 c:/nxp/mcuxpressoide_11.4.0_6224/ide/plugins/com.nxp.mcuxpresso.tools.win32_11.4.0.202103011116/tools/bin/../lib/gcc/arm-none-eabi/10.2.1/../../../../arm-none-eabi/lib/thumb/v7e-m+fp/hard\libcr_nohost_nf.a(__sys_close.o)
                0x00003672                __sys_close
 .text.__sys_flen
                0x00003678        0x6 c:/nxp/mcuxpressoide_11.4.0_6224/ide/plugins/com.nxp.mcuxpresso.tools.win32_11.4.0.202103011116/tools/bin/../lib/gcc/arm-none-eabi/10.2.1/../../../../arm-none-eabi/lib/thumb/v7e-m+fp/hard\libcr_nohost_nf.a(__sys_flen.o)
                0x00003678                __sys_flen
 .text.__sys_istty
                0x0000367e        0x6 c:/nxp/mcuxpressoide_11.4.0_6224/ide/plugins/com.nxp.mcuxpresso.tools.win32_11.4.0.202103011116/tools/bin/../lib/gcc/arm-none-eabi/10.2.1/../../../../arm-none-eabi/lib/thumb/v7e-m+fp/hard\libcr_nohost_nf.a(__sys_istty.o)
                0x0000367e                __sys_istty
 .text.__sys_remove
                0x00003684        0x6 c:/nxp/mcuxpressoide_11.4.0_6224/ide/plugins/com.nxp.mcuxpresso.tools.win32_11.4.0.202103011116/tools/bin/../lib/gcc/arm-none-eabi/10.2.1/../../../../arm-none-eabi/lib/thumb/v7e-m+fp/hard\libcr_nohost_nf.a(__sys_remove.o)
                0x00003684                __sys_remove
 .text.__sys_seek
                0x0000368a        0x6 c:/nxp/mcuxpressoide_11.4.0_6224/ide/plugins/com.nxp.mcuxpresso.tools.win32_11.4.0.202103011116/tools/bin/../lib/gcc/arm-none-eabi/10.2.1/../../../../arm-none-eabi/lib/thumb/v7e-m+fp/hard\libcr_nohost_nf.a(__sys_seek.o)
                0x0000368a                __sys_seek
 .text.__sys_tmpnam
                0x00003690        0x6 c:/nxp/mcuxpressoide_11.4.0_6224/ide/plugins/com.nxp.mcuxpresso.tools.win32_11.4.0.202103011116/tools/bin/../lib/gcc/arm-none-eabi/10.2.1/../../../../arm-none-eabi/lib/thumb/v7e-m+fp/hard\libcr_nohost_nf.a(__sys_tmpnam.o)
                0x00003690                __sys_tmpnam
 .text.__sys_write
                0x00003696        0x4 c:/nxp/mcuxpressoide_11.4.0_6224/ide/plugins/com.nxp.mcuxpresso.tools.win32_11.4.0.202103011116/tools/bin/../lib/gcc/arm-none-eabi/10.2.1/../../../../arm-none-eabi/lib/thumb/v7e-m+fp/hard\libcr_nohost_nf.a(__sys_write.o)
                0x00003696                __sys_write
 *(SORT_BY_ALIGNMENT(.rodata) SORT_BY_ALIGNMENT(.rodata.*) SORT_BY_ALIGNMENT(.constdata) SORT_BY_ALIGNMENT(.constdata.*))
 *fill*         0x0000369a        0x2 ff
 .rodata.__assertion_failed.str1.4
                0x0000369c       0x14 ./utilities/fsl_assert.o
 .rodata.PIT_SetTimerPeriod.str1.4
                0x000036b0       0x77 ./source/TP1.o
 *fill*         0x00003727        0x1 ff
 .rodata.ADC16_GetChannelConversionValue.str1.4
                0x00003728       0xb1 ./source/TP1.o
 *fill*         0x000037d9        0x3 ff
 .rodata.PORTA_IRQHandler.str1.4
                0x000037dc       0x15 ./source/TP1.o
 *fill*         0x000037f1        0x3 ff
 .rodata.ADC0_IRQHandler.str1.4
                0x000037f4       0x13 ./source/TP1.o
 *fill*         0x00003807        0x1 ff
 .rodata.main.str1.4
                0x00003808       0x18 ./source/TP1.o
 .rodata.s_adc16Bases
                0x00003820        0x8 ./drivers/fsl_adc16.o
 .rodata.s_adc16Clocks
                0x00003828        0x8 ./drivers/fsl_adc16.o
 .rodata.ADC16_GetInstance.str1.4
                0x00003830       0x36 ./drivers/fsl_adc16.o
 *fill*         0x00003866        0x2 ff
 .rodata.ADC16_Init.str1.4
                0x00003868       0x21 ./drivers/fsl_adc16.o
 *fill*         0x00003889        0x3 ff
 .rodata.ADC16_SetChannelConfig.str1.4
                0x0000388c       0x52 ./drivers/fsl_adc16.o
 *fill*         0x000038de        0x2 ff
 .rodata.ADC16_GetChannelStatusFlags.str1.4
                0x000038e0       0x30 ./drivers/fsl_adc16.o
 .rodata.CLOCK_GetMcgExtClkFreq.str1.4
                0x00003910       0x4e ./drivers/fsl_clock.o
 *fill*         0x0000395e        0x2 ff
 .rodata.CLOCK_GetPll0Freq.str1.4
                0x00003960       0x1e ./drivers/fsl_clock.o
 *fill*         0x0000397e        0x2 ff
 .rodata.CLOCK_EnablePll0.str1.4
                0x00003980       0x1b ./drivers/fsl_clock.o
 *fill*         0x0000399b        0x1 ff
 .rodata.CLOCK_SetPbeMode.str1.4
                0x0000399c       0x1b ./drivers/fsl_clock.o
 *fill*         0x000039b7        0x1 ff
 .rodata.CLOCK_BootToPeeMode.str1.4
                0x000039b8       0x1b ./drivers/fsl_clock.o
 *fill*         0x000039d3        0x1 ff
 .rodata.fllFactorTable.1
                0x000039d4       0x10 ./drivers/fsl_clock.o
 .rodata.s_dacBases
                0x000039e4        0x8 ./drivers/fsl_dac.o
 .rodata.s_dacClocks
                0x000039ec        0x8 ./drivers/fsl_dac.o
 .rodata.DAC_GetInstance.str1.4
                0x000039f4       0x32 ./drivers/fsl_dac.o
 *fill*         0x00003a26        0x2 ff
 .rodata.DAC_Init.str1.4
                0x00003a28       0x1f ./drivers/fsl_dac.o
 *fill*         0x00003a47        0x1 ff
 .rodata.DAC_SetBufferValue.str1.4
                0x00003a48       0x28 ./drivers/fsl_dac.o
 .rodata.DAC_SetBufferReadPointer.str1.4
                0x00003a70       0x28 ./drivers/fsl_dac.o
 .rodata.s_portBases
                0x00003a98       0x14 ./drivers/fsl_gpio.o
 .rodata.s_gpioBases
                0x00003aac       0x14 ./drivers/fsl_gpio.o
 .rodata.GPIO_GetInstance.str1.4
                0x00003ac0       0x34 ./drivers/fsl_gpio.o
 .rodata.GPIO_PinInit.str1.4
                0x00003af4       0x21 ./drivers/fsl_gpio.o
 *fill*         0x00003b15        0x3 ff
 .rodata.PIT_GetInstance.str1.4
                0x00003b18       0x32 ./drivers/fsl_pit.o
 *fill*         0x00003b4a        0x2 ff
 .rodata.PIT_Init.str1.4
                0x00003b4c       0x1f ./drivers/fsl_pit.o
 *fill*         0x00003b6b        0x1 ff
 .rodata.s_uartBases
                0x00003b6c       0x18 ./drivers/fsl_uart.o
 .rodata.s_uartClock
                0x00003b84       0x18 ./drivers/fsl_uart.o
 .rodata.UART_GetInstance.str1.4
                0x00003b9c       0x2c ./drivers/fsl_uart.o
 .rodata.UART_Init.str1.4
                0x00003bc8      0x104 ./drivers/fsl_uart.o
 .rodata.UART_GetDefaultConfig.str1.4
                0x00003ccc       0x21 ./drivers/fsl_uart.o
 *fill*         0x00003ced        0x3 ff
 .rodata.UART_ReadBlocking.str1.4
                0x00003cf0       0x1f ./drivers/fsl_uart.o
 *fill*         0x00003d0f        0x1 ff
 .rodata.s_UartAdapterBase
                0x00003d10       0x18 ./component/uart/fsl_adapter_uart.o
 .rodata.HAL_UartInit.str1.4
                0x00003d28       0xe6 ./component/uart/fsl_adapter_uart.o
 *fill*         0x00003e0e        0x2 ff
 .rodata.HAL_UartReceiveBlocking.str1.4
                0x00003e10       0x65 ./component/uart/fsl_adapter_uart.o
 *fill*         0x00003e75        0x3 ff
 .rodata.HAL_UartSendBlocking.str1.4
                0x00003e78       0x65 ./component/uart/fsl_adapter_uart.o
 *fill*         0x00003edd        0x3 ff
 .rodata.mcgConfig_BOARD_BootClockRUN
                0x00003ee0        0xb ./board/clock_config.o
                0x00003ee0                mcgConfig_BOARD_BootClockRUN
 *fill*         0x00003eeb        0x1 ff
 .rodata.simConfig_BOARD_BootClockRUN
                0x00003eec        0x8 ./board/clock_config.o
                0x00003eec                simConfig_BOARD_BootClockRUN
 .rodata.oscConfig_BOARD_BootClockRUN
                0x00003ef4        0x8 ./board/clock_config.o
                0x00003ef4                oscConfig_BOARD_BootClockRUN
 .rodata.PIT_SetTimerPeriod.str1.4
                0x00003efc       0x77 ./board/peripherals.o
 .rodata.PIT_config
                0x00003efc        0x1 ./board/peripherals.o
                0x00003efc                PIT_config
 *fill*         0x00003efd        0x3 ff
 .rodata.ADC0_config
                0x00003f00        0xa ./board/peripherals.o
                0x00003f00                ADC0_config
 *fill*         0x00003f0a        0x2 ff
 .rodata.DAC0_config
                0x00003f0c        0x2 ./board/peripherals.o
                0x00003f0c                DAC0_config
 *fill*         0x00003f0e        0x2 ff
 .rodata.__num_Ciob_streams
                0x00003f10        0x4 c:/nxp/mcuxpressoide_11.4.0_6224/ide/plugins/com.nxp.mcuxpresso.tools.win32_11.4.0.202103011116/tools/bin/../lib/gcc/arm-none-eabi/10.2.1/../../../../arm-none-eabi/lib/thumb/v7e-m+fp/hard\libcr_nohost_nf.a(__ciob.o)
                0x00003f10                __num_Ciob_streams
 .rodata._initio.str1.1
                0x00003f14        0x4 c:/nxp/mcuxpressoide_11.4.0_6224/ide/plugins/com.nxp.mcuxpresso.tools.win32_11.4.0.202103011116/tools/bin/../lib/gcc/arm-none-eabi/10.2.1/../../../../arm-none-eabi/lib/thumb/v7e-m+fp/hard\libcr_c.a(initio.o)
                0x00003f18                . = ALIGN (0x8)

.glue_7         0x00003f18        0x0
 .glue_7        0x00003f18        0x0 linker stubs

.glue_7t        0x00003f18        0x0
 .glue_7t       0x00003f18        0x0 linker stubs

.vfp11_veneer   0x00003f18        0x0
 .vfp11_veneer  0x00003f18        0x0 linker stubs

.v4_bx          0x00003f18        0x0
 .v4_bx         0x00003f18        0x0 linker stubs

.iplt           0x00003f18        0x0
 .iplt          0x00003f18        0x0 ./utilities/fsl_assert.o

.rel.dyn        0x00003f18        0x0
 .rel.iplt      0x00003f18        0x0 ./utilities/fsl_assert.o

.ARM.extab
 *(SORT_BY_ALIGNMENT(.ARM.extab*) SORT_BY_ALIGNMENT(.gnu.linkonce.armextab.*))

.ARM.exidx      0x00003f18        0x0
                0x00003f18                __exidx_start = .
 *(SORT_BY_ALIGNMENT(.ARM.exidx*) SORT_BY_ALIGNMENT(.gnu.linkonce.armexidx.*))
                0x00003f18                __exidx_end = .
                0x00003f18                _etext = .

.m_usb_data
 *(SORT_BY_ALIGNMENT(m_usb_bdt))

.data_RAM2      0x1fff0000        0x0 load address 0x00003f18
 FILL mask 0xff
                [!provide]                PROVIDE (__start_data_RAM2 = .)
                [!provide]                PROVIDE (__start_data_SRAM_LOWER = .)
 *(SORT_BY_ALIGNMENT(.ramfunc.$RAM2))
 *(SORT_BY_ALIGNMENT(.ramfunc.$SRAM_LOWER))
 *(SORT_BY_ALIGNMENT(.data.$RAM2))
 *(SORT_BY_ALIGNMENT(.data.$SRAM_LOWER))
 *(SORT_BY_ALIGNMENT(.data.$RAM2.*))
 *(SORT_BY_ALIGNMENT(.data.$SRAM_LOWER.*))
                0x1fff0000                . = ALIGN (0x8)
                [!provide]                PROVIDE (__end_data_RAM2 = .)
                [!provide]                PROVIDE (__end_data_SRAM_LOWER = .)

.data_RAM3      0x14000000        0x0 load address 0x00003f18
 FILL mask 0xff
                [!provide]                PROVIDE (__start_data_RAM3 = .)
                [!provide]                PROVIDE (__start_data_FLEX_RAM = .)
 *(SORT_BY_ALIGNMENT(.ramfunc.$RAM3))
 *(SORT_BY_ALIGNMENT(.ramfunc.$FLEX_RAM))
 *(SORT_BY_ALIGNMENT(.data.$RAM3))
 *(SORT_BY_ALIGNMENT(.data.$FLEX_RAM))
 *(SORT_BY_ALIGNMENT(.data.$RAM3.*))
 *(SORT_BY_ALIGNMENT(.data.$FLEX_RAM.*))
                0x14000000                . = ALIGN (0x8)
                [!provide]                PROVIDE (__end_data_RAM3 = .)
                [!provide]                PROVIDE (__end_data_FLEX_RAM = .)

.uninit_RESERVED
                0x20000000        0x0
                0x20000000                _start_uninit_RESERVED = .
 *(SORT_BY_ALIGNMENT(.bss.$RESERVED*))
                0x20000000                . = ALIGN (0x8)
                0x20000000                _end_uninit_RESERVED = .

.data           0x20000000       0x18 load address 0x00003f18
 FILL mask 0xff
                0x20000000                _data = .
                [!provide]                PROVIDE (__start_data_RAM = .)
                [!provide]                PROVIDE (__start_data_SRAM_UPPER = .)
 *(SORT_BY_ALIGNMENT(vtable))
 *(SORT_BY_ALIGNMENT(.ramfunc*))
 *(SORT_BY_ALIGNMENT(CodeQuickAccess))
 *(SORT_BY_ALIGNMENT(DataQuickAccess))
 *(SORT_BY_ALIGNMENT(RamFunction))
 *(SORT_BY_ALIGNMENT(.data*))
 .data.s_slowIrcFreq
                0x20000000        0x4 ./drivers/fsl_clock.o
 .data.s_fastIrcFreq
                0x20000004        0x4 ./drivers/fsl_clock.o
 .data.SystemCoreClock
                0x20000008        0x4 ./device/system_MK64F12.o
                0x20000008                SystemCoreClock
 .data.ADC0_channelsConfig
                0x2000000c        0x8 ./board/peripherals.o
                0x2000000c                ADC0_channelsConfig
 .data.is_activo
                0x20000014        0x1 ./source/TP1.o
                0x20000014                is_activo
                0x20000018                . = ALIGN (0x8)
 *fill*         0x20000015        0x3 ff
                0x20000018                _edata = .
                [!provide]                PROVIDE (__end_data_RAM = .)
                [!provide]                PROVIDE (__end_data_SRAM_UPPER = .)

.igot.plt       0x20000018        0x0 load address 0x00003f30
 .igot.plt      0x20000018        0x0 ./utilities/fsl_assert.o

.bss_RAM2       0x1fff0000        0x0
                [!provide]                PROVIDE (__start_bss_RAM2 = .)
                [!provide]                PROVIDE (__start_bss_SRAM_LOWER = .)
 *(SORT_BY_ALIGNMENT(.bss.$RAM2))
 *(SORT_BY_ALIGNMENT(.bss.$SRAM_LOWER))
 *(SORT_BY_ALIGNMENT(.bss.$RAM2.*))
 *(SORT_BY_ALIGNMENT(.bss.$SRAM_LOWER.*))
                0x1fff0000                . = ALIGN ((. != 0x0)?0x8:0x1)
                [!provide]                PROVIDE (__end_bss_RAM2 = .)
                [!provide]                PROVIDE (__end_bss_SRAM_LOWER = .)

.bss_RAM3       0x14000000        0x0
                [!provide]                PROVIDE (__start_bss_RAM3 = .)
                [!provide]                PROVIDE (__start_bss_FLEX_RAM = .)
 *(SORT_BY_ALIGNMENT(.bss.$RAM3))
 *(SORT_BY_ALIGNMENT(.bss.$FLEX_RAM))
 *(SORT_BY_ALIGNMENT(.bss.$RAM3.*))
 *(SORT_BY_ALIGNMENT(.bss.$FLEX_RAM.*))
                0x14000000                . = ALIGN ((. != 0x0)?0x8:0x1)
                [!provide]                PROVIDE (__end_bss_RAM3 = .)
                [!provide]                PROVIDE (__end_bss_FLEX_RAM = .)

.bss            0x20000018      0x4f8
                0x20000018                _bss = .
                [!provide]                PROVIDE (__start_bss_RAM = .)
                [!provide]                PROVIDE (__start_bss_SRAM_UPPER = .)
 *(SORT_BY_ALIGNMENT(.bss*))
 .bss.s_debugConsole
                0x20000018       0x14 ./utilities/fsl_debug_console.o
 .bss.buffer    0x2000002c      0x400 ./source/TP1.o
                0x2000002c                buffer
 .bss.g_xtal0Freq
                0x2000042c        0x4 ./drivers/fsl_clock.o
                0x2000042c                g_xtal0Freq
 .bss.g_xtal32Freq
                0x20000430        0x4 ./drivers/fsl_clock.o
                0x20000430                g_xtal32Freq
 .bss.s_uartHandle
                0x20000434       0x18 ./drivers/fsl_uart.o
                0x20000434                s_uartHandle
 .bss.s_uartIsr
                0x2000044c        0x4 ./drivers/fsl_uart.o
                0x2000044c                s_uartIsr
 .bss.errno     0x20000450        0x4 c:/nxp/mcuxpressoide_11.4.0_6224/ide/plugins/com.nxp.mcuxpresso.tools.win32_11.4.0.202103011116/tools/bin/../lib/gcc/arm-none-eabi/10.2.1/../../../../arm-none-eabi/lib/thumb/v7e-m+fp/hard\libcr_c.a(errno.o)
                0x20000450                errno
 .bss.__Ciob    0x20000454       0xb4 c:/nxp/mcuxpressoide_11.4.0_6224/ide/plugins/com.nxp.mcuxpresso.tools.win32_11.4.0.202103011116/tools/bin/../lib/gcc/arm-none-eabi/10.2.1/../../../../arm-none-eabi/lib/thumb/v7e-m+fp/hard\libcr_nohost_nf.a(__ciob.o)
                0x20000454                __Ciob
 .bss.buffer_index
                0x20000508        0x2 ./source/TP1.o
                0x20000508                buffer_index
 .bss.contador  0x2000050a        0x1 ./source/TP1.o
                0x2000050a                contador
 *(SORT_BY_ALIGNMENT(COMMON))
                0x20000510                . = ALIGN (0x8)
 *fill*         0x2000050b        0x5 
                0x20000510                _ebss = .
                [!provide]                PROVIDE (__end_bss_RAM = .)
                [!provide]                PROVIDE (__end_bss_SRAM_UPPER = .)
                [!provide]                PROVIDE (end = .)

.noinit_RAM2    0x1fff0000        0x0
                [!provide]                PROVIDE (__start_noinit_RAM2 = .)
                [!provide]                PROVIDE (__start_noinit_SRAM_LOWER = .)
 *(SORT_BY_ALIGNMENT(.noinit.$RAM2))
 *(SORT_BY_ALIGNMENT(.noinit.$SRAM_LOWER))
 *(SORT_BY_ALIGNMENT(.noinit.$RAM2.*))
 *(SORT_BY_ALIGNMENT(.noinit.$SRAM_LOWER.*))
                0x1fff0000                . = ALIGN (0x8)
                [!provide]                PROVIDE (__end_noinit_RAM2 = .)
                [!provide]                PROVIDE (__end_noinit_SRAM_LOWER = .)

.noinit_RAM3    0x14000000        0x0
                [!provide]                PROVIDE (__start_noinit_RAM3 = .)
                [!provide]                PROVIDE (__start_noinit_FLEX_RAM = .)
 *(SORT_BY_ALIGNMENT(.noinit.$RAM3))
 *(SORT_BY_ALIGNMENT(.noinit.$FLEX_RAM))
 *(SORT_BY_ALIGNMENT(.noinit.$RAM3.*))
 *(SORT_BY_ALIGNMENT(.noinit.$FLEX_RAM.*))
                0x14000000                . = ALIGN (0x8)
                [!provide]                PROVIDE (__end_noinit_RAM3 = .)
                [!provide]                PROVIDE (__end_noinit_FLEX_RAM = .)

.noinit         0x20000510        0x0
                0x20000510                _noinit = .
                [!provide]                PROVIDE (__start_noinit_RAM = .)
                [!provide]                PROVIDE (__start_noinit_SRAM_UPPER = .)
 *(SORT_BY_ALIGNMENT(.noinit*))
                0x20000510                . = ALIGN (0x8)
                0x20000510                _end_noinit = .
                [!provide]                PROVIDE (__end_noinit_RAM = .)
                [!provide]                PROVIDE (__end_noinit_SRAM_UPPER = .)
                0x00001000                _HeapSize = 0x1000

.heap           0x20000510     0x1000
                0x20000510                _pvHeapStart = .
                0x20001510                . = (. + _HeapSize)
 *fill*         0x20000510     0x1000 
                0x20001510                . = ALIGN (0x8)
                0x20001510                _pvHeapLimit = .
                0x00001000                _StackSize = 0x1000

.heap2stackfill
                0x20001510     0x1000
                0x20002510                . = (. + _StackSize)
 *fill*         0x20001510     0x1000 

.stack          0x2002f000        0x0
                0x2002f000                _vStackBase = .
                0x2002f000                . = ALIGN (0x8)
                0x20030000                _vStackTop = (. + _StackSize)
                0x00000000                _image_start = LOADADDR (.text)
                0x00003f30                _image_end = (LOADADDR (.data) + SIZEOF (.data))
                0x00003f30                _image_size = (_image_end - _image_start)
OUTPUT(TP1.axf elf32-littlearm)
LOAD linker stubs

.debug_info     0x00000000     0xbeba
 .debug_info    0x00000000       0xa3 ./utilities/fsl_assert.o
 .debug_info    0x000000a3      0xc17 ./utilities/fsl_debug_console.o
 .debug_info    0x00000cba      0x93a ./startup/startup_mk64f12.o
 .debug_info    0x000015f4      0xb09 ./source/TP1.o
 .debug_info    0x000020fd       0x3c ./source/semihost_hardfault.o
 .debug_info    0x00002139      0xe56 ./drivers/fsl_adc16.o
 .debug_info    0x00002f8f     0x21ab ./drivers/fsl_clock.o
 .debug_info    0x0000513a      0xa90 ./drivers/fsl_dac.o
 .debug_info    0x00005bca      0x68a ./drivers/fsl_gpio.o
 .debug_info    0x00006254      0x759 ./drivers/fsl_pit.o
 .debug_info    0x000069ad     0x1f78 ./drivers/fsl_uart.o
 .debug_info    0x00008925      0x649 ./device/system_MK64F12.o
 .debug_info    0x00008f6e      0xa66 ./component/uart/fsl_adapter_uart.o
 .debug_info    0x000099d4       0xbd ./board/board.o
 .debug_info    0x00009a91      0xbc7 ./board/clock_config.o
 .debug_info    0x0000a658     0x1040 ./board/peripherals.o
 .debug_info    0x0000b698      0x822 ./board/pin_mux.o

.debug_abbrev   0x00000000     0x2032
 .debug_abbrev  0x00000000       0x66 ./utilities/fsl_assert.o
 .debug_abbrev  0x00000066      0x224 ./utilities/fsl_debug_console.o
 .debug_abbrev  0x0000028a      0x185 ./startup/startup_mk64f12.o
 .debug_abbrev  0x0000040f      0x285 ./source/TP1.o
 .debug_abbrev  0x00000694       0x31 ./source/semihost_hardfault.o
 .debug_abbrev  0x000006c5      0x267 ./drivers/fsl_adc16.o
 .debug_abbrev  0x0000092c      0x359 ./drivers/fsl_clock.o
 .debug_abbrev  0x00000c85      0x221 ./drivers/fsl_dac.o
 .debug_abbrev  0x00000ea6      0x186 ./drivers/fsl_gpio.o
 .debug_abbrev  0x0000102c      0x1eb ./drivers/fsl_pit.o
 .debug_abbrev  0x00001217      0x42e ./drivers/fsl_uart.o
 .debug_abbrev  0x00001645      0x148 ./device/system_MK64F12.o
 .debug_abbrev  0x0000178d      0x1c9 ./component/uart/fsl_adapter_uart.o
 .debug_abbrev  0x00001956       0x85 ./board/board.o
 .debug_abbrev  0x000019db      0x214 ./board/clock_config.o
 .debug_abbrev  0x00001bef      0x26b ./board/peripherals.o
 .debug_abbrev  0x00001e5a      0x1d8 ./board/pin_mux.o

.debug_aranges  0x00000000      0xb70
 .debug_aranges
                0x00000000       0x20 ./utilities/fsl_assert.o
 .debug_aranges
                0x00000020       0x70 ./utilities/fsl_debug_console.o
 .debug_aranges
                0x00000090      0x330 ./startup/startup_mk64f12.o
 .debug_aranges
                0x000003c0       0x88 ./source/TP1.o
 .debug_aranges
                0x00000448       0x20 ./source/semihost_hardfault.o
 .debug_aranges
                0x00000468       0x88 ./drivers/fsl_adc16.o
 .debug_aranges
                0x000004f0      0x1f8 ./drivers/fsl_clock.o
 .debug_aranges
                0x000006e8       0x90 ./drivers/fsl_dac.o
 .debug_aranges
                0x00000778       0x40 ./drivers/fsl_gpio.o
 .debug_aranges
                0x000007b8       0x40 ./drivers/fsl_pit.o
 .debug_aranges
                0x000007f8      0x1b8 ./drivers/fsl_uart.o
 .debug_aranges
                0x000009b0       0x30 ./device/system_MK64F12.o
 .debug_aranges
                0x000009e0       0x50 ./component/uart/fsl_adapter_uart.o
 .debug_aranges
                0x00000a30       0x20 ./board/board.o
 .debug_aranges
                0x00000a50       0x58 ./board/clock_config.o
 .debug_aranges
                0x00000aa8       0x88 ./board/peripherals.o
 .debug_aranges
                0x00000b30       0x40 ./board/pin_mux.o

.debug_ranges   0x00000000      0xa60
 .debug_ranges  0x00000000       0x10 ./utilities/fsl_assert.o
 .debug_ranges  0x00000010       0x60 ./utilities/fsl_debug_console.o
 .debug_ranges  0x00000070      0x320 ./startup/startup_mk64f12.o
 .debug_ranges  0x00000390       0x78 ./source/TP1.o
 .debug_ranges  0x00000408       0x10 ./source/semihost_hardfault.o
 .debug_ranges  0x00000418       0x78 ./drivers/fsl_adc16.o
 .debug_ranges  0x00000490      0x1e8 ./drivers/fsl_clock.o
 .debug_ranges  0x00000678       0x80 ./drivers/fsl_dac.o
 .debug_ranges  0x000006f8       0x30 ./drivers/fsl_gpio.o
 .debug_ranges  0x00000728       0x30 ./drivers/fsl_pit.o
 .debug_ranges  0x00000758      0x1a8 ./drivers/fsl_uart.o
 .debug_ranges  0x00000900       0x20 ./device/system_MK64F12.o
 .debug_ranges  0x00000920       0x40 ./component/uart/fsl_adapter_uart.o
 .debug_ranges  0x00000960       0x10 ./board/board.o
 .debug_ranges  0x00000970       0x48 ./board/clock_config.o
 .debug_ranges  0x000009b8       0x78 ./board/peripherals.o
 .debug_ranges  0x00000a30       0x30 ./board/pin_mux.o

.debug_macro    0x00000000    0x1409a
 .debug_macro   0x00000000      0x115 ./utilities/fsl_assert.o
 .debug_macro   0x00000115      0xaba ./utilities/fsl_assert.o
 .debug_macro   0x00000bcf       0x10 ./utilities/fsl_assert.o
 .debug_macro   0x00000bdf       0x1c ./utilities/fsl_assert.o
 .debug_macro   0x00000bfb       0x22 ./utilities/fsl_assert.o
 .debug_macro   0x00000c1d      0x12e ./utilities/fsl_assert.o
 .debug_macro   0x00000d4b      0x5b3 ./utilities/fsl_assert.o
 .debug_macro   0x000012fe       0x22 ./utilities/fsl_assert.o
 .debug_macro   0x00001320       0x10 ./utilities/fsl_assert.o
 .debug_macro   0x00001330       0x58 ./utilities/fsl_assert.o
 .debug_macro   0x00001388       0x1c ./utilities/fsl_assert.o
 .debug_macro   0x000013a4       0x22 ./utilities/fsl_assert.o
 .debug_macro   0x000013c6       0xfb ./utilities/fsl_assert.o
 .debug_macro   0x000014c1      0xeeb ./utilities/fsl_assert.o
 .debug_macro   0x000023ac       0x40 ./utilities/fsl_assert.o
 .debug_macro   0x000023ec     0xec5f ./utilities/fsl_assert.o
 .debug_macro   0x0001104b     0x12e8 ./utilities/fsl_assert.o
 .debug_macro   0x00012333       0x7a ./utilities/fsl_assert.o
 .debug_macro   0x000123ad       0xa1 ./utilities/fsl_assert.o
 .debug_macro   0x0001244e      0x174 ./utilities/fsl_assert.o
 .debug_macro   0x000125c2       0x46 ./utilities/fsl_assert.o
 .debug_macro   0x00012608      0x13b ./utilities/fsl_debug_console.o
 .debug_macro   0x00012743       0x16 ./utilities/fsl_debug_console.o
 .debug_macro   0x00012759       0x10 ./utilities/fsl_debug_console.o
 .debug_macro   0x00012769       0x28 ./utilities/fsl_debug_console.o
 .debug_macro   0x00012791       0xc4 ./utilities/fsl_debug_console.o
 .debug_macro   0x00012855       0x16 ./utilities/fsl_debug_console.o
 .debug_macro   0x0001286b       0x40 ./utilities/fsl_debug_console.o
 .debug_macro   0x000128ab       0x40 ./utilities/fsl_debug_console.o
 .debug_macro   0x000128eb       0x29 ./startup/startup_mk64f12.o
 .debug_macro   0x00012914      0x1bd ./source/TP1.o
 .debug_macro   0x00012ad1       0xdc ./source/TP1.o
 .debug_macro   0x00012bad       0x16 ./source/TP1.o
 .debug_macro   0x00012bc3       0x16 ./source/TP1.o
 .debug_macro   0x00012bd9       0x16 ./source/TP1.o
 .debug_macro   0x00012bef      0x181 ./source/TP1.o
 .debug_macro   0x00012d70       0x10 ./source/TP1.o
 .debug_macro   0x00012d80       0x10 ./source/TP1.o
 .debug_macro   0x00012d90       0x10 ./source/TP1.o
 .debug_macro   0x00012da0       0x8e ./source/TP1.o
 .debug_macro   0x00012e2e      0x16f ./source/TP1.o
 .debug_macro   0x00012f9d       0xc8 ./source/TP1.o
 .debug_macro   0x00013065       0x11 ./source/semihost_hardfault.o
 .debug_macro   0x00013076      0x122 ./drivers/fsl_adc16.o
 .debug_macro   0x00013198      0x1d8 ./drivers/fsl_clock.o
 .debug_macro   0x00013370      0x122 ./drivers/fsl_dac.o
 .debug_macro   0x00013492      0x121 ./drivers/fsl_gpio.o
 .debug_macro   0x000135b3       0x10 ./drivers/fsl_gpio.o
 .debug_macro   0x000135c3      0x122 ./drivers/fsl_pit.o
 .debug_macro   0x000136e5      0x127 ./drivers/fsl_uart.o
 .debug_macro   0x0001380c       0x10 ./drivers/fsl_uart.o
 .debug_macro   0x0001381c       0x98 ./device/system_MK64F12.o
 .debug_macro   0x000138b4      0x11e ./component/uart/fsl_adapter_uart.o
 .debug_macro   0x000139d2       0x16 ./component/uart/fsl_adapter_uart.o
 .debug_macro   0x000139e8      0x145 ./board/board.o
 .debug_macro   0x00013b2d      0x1ab ./board/board.o
 .debug_macro   0x00013cd8      0x153 ./board/clock_config.o
 .debug_macro   0x00013e2b      0x148 ./board/peripherals.o
 .debug_macro   0x00013f73      0x127 ./board/pin_mux.o

.debug_line     0x00000000     0x7cc6
 .debug_line    0x00000000      0x3af ./utilities/fsl_assert.o
 .debug_line    0x000003af      0xc71 ./utilities/fsl_debug_console.o
 .debug_line    0x00001020      0x911 ./startup/startup_mk64f12.o
 .debug_line    0x00001931      0x830 ./source/TP1.o
 .debug_line    0x00002161       0x59 ./source/semihost_hardfault.o
 .debug_line    0x000021ba      0x6bc ./drivers/fsl_adc16.o
 .debug_line    0x00002876     0x14f6 ./drivers/fsl_clock.o
 .debug_line    0x00003d6c      0x5d9 ./drivers/fsl_dac.o
 .debug_line    0x00004345      0x422 ./drivers/fsl_gpio.o
 .debug_line    0x00004767      0x42f ./drivers/fsl_pit.o
 .debug_line    0x00004b96     0x14d2 ./drivers/fsl_uart.o
 .debug_line    0x00006068      0x3f7 ./device/system_MK64F12.o
 .debug_line    0x0000645f      0x554 ./component/uart/fsl_adapter_uart.o
 .debug_line    0x000069b3      0x43b ./board/board.o
 .debug_line    0x00006dee      0x499 ./board/clock_config.o
 .debug_line    0x00007287      0x592 ./board/peripherals.o
 .debug_line    0x00007819      0x4ad ./board/pin_mux.o

.debug_str      0x00000000    0x82226
 .debug_str     0x00000000    0x79c22 ./utilities/fsl_assert.o
                              0x79cad (size before relaxing)
 .debug_str     0x00079c22     0x1614 ./utilities/fsl_debug_console.o
                              0x7b31f (size before relaxing)
 .debug_str     0x0007b236      0x820 ./startup/startup_mk64f12.o
                               0x365e (size before relaxing)
 .debug_str     0x0007ba56     0x1ddc ./source/TP1.o
                              0x7c906 (size before relaxing)
 .debug_str     0x0007d832       0x1f ./source/semihost_hardfault.o
                               0x2e03 (size before relaxing)
 .debug_str     0x0007d851      0xb18 ./drivers/fsl_adc16.o
                              0x7b162 (size before relaxing)
 .debug_str     0x0007e369     0x1b64 ./drivers/fsl_clock.o
                              0x7c34a (size before relaxing)
 .debug_str     0x0007fecd      0x3db ./drivers/fsl_dac.o
                              0x7ab4d (size before relaxing)
 .debug_str     0x000802a8      0x181 ./drivers/fsl_gpio.o
                              0x7a62a (size before relaxing)
 .debug_str     0x00080429       0xa2 ./drivers/fsl_pit.o
                              0x7a7e8 (size before relaxing)
 .debug_str     0x000804cb     0x1334 ./drivers/fsl_uart.o
                              0x7bc84 (size before relaxing)
 .debug_str     0x000817ff      0x11f ./device/system_MK64F12.o
                              0x7843c (size before relaxing)
 .debug_str     0x0008191e       0xe9 ./component/uart/fsl_adapter_uart.o
                              0x7abe6 (size before relaxing)
 .debug_str     0x00081a07       0x37 ./board/board.o
                              0x7a9a3 (size before relaxing)
 .debug_str     0x00081a3e      0x3b7 ./board/clock_config.o
                              0x7acb1 (size before relaxing)
 .debug_str     0x00081df5      0x10b ./board/peripherals.o
                              0x7b718 (size before relaxing)
 .debug_str     0x00081f00      0x326 ./board/pin_mux.o
                              0x7a7a9 (size before relaxing)

.comment        0x00000000       0x4d
 .comment       0x00000000       0x4d ./utilities/fsl_assert.o
                                 0x4e (size before relaxing)
 .comment       0x0000004d       0x4e ./utilities/fsl_debug_console.o
 .comment       0x0000004d       0x4e ./startup/startup_mk64f12.o
 .comment       0x0000004d       0x4e ./source/TP1.o
 .comment       0x0000004d       0x4e ./source/semihost_hardfault.o
 .comment       0x0000004d       0x4e ./drivers/fsl_adc16.o
 .comment       0x0000004d       0x4e ./drivers/fsl_clock.o
 .comment       0x0000004d       0x4e ./drivers/fsl_dac.o
 .comment       0x0000004d       0x4e ./drivers/fsl_gpio.o
 .comment       0x0000004d       0x4e ./drivers/fsl_pit.o
 .comment       0x0000004d       0x4e ./drivers/fsl_uart.o
 .comment       0x0000004d       0x4e ./device/system_MK64F12.o
 .comment       0x0000004d       0x4e ./component/uart/fsl_adapter_uart.o
 .comment       0x0000004d       0x4e ./board/board.o
 .comment       0x0000004d       0x4e ./board/clock_config.o
 .comment       0x0000004d       0x4e ./board/peripherals.o
 .comment       0x0000004d       0x4e ./board/pin_mux.o
 .comment       0x0000004d       0x4e c:/nxp/mcuxpressoide_11.4.0_6224/ide/plugins/com.nxp.mcuxpresso.tools.win32_11.4.0.202103011116/tools/bin/../lib/gcc/arm-none-eabi/10.2.1/../../../../arm-none-eabi/lib/thumb/v7e-m+fp/hard\libcr_nohost_nf.a(_cr__main.o)
 .comment       0x0000004d       0x4e c:/nxp/mcuxpressoide_11.4.0_6224/ide/plugins/com.nxp.mcuxpresso.tools.win32_11.4.0.202103011116/tools/bin/../lib/gcc/arm-none-eabi/10.2.1/../../../../arm-none-eabi/lib/thumb/v7e-m+fp/hard\libcr_c.a(memset.o)
 .comment       0x0000004d       0x4e c:/nxp/mcuxpressoide_11.4.0_6224/ide/plugins/com.nxp.mcuxpresso.tools.win32_11.4.0.202103011116/tools/bin/../lib/gcc/arm-none-eabi/10.2.1/../../../../arm-none-eabi/lib/thumb/v7e-m+fp/hard\libcr_c.a(alloc.o)
 .comment       0x0000004d       0x4e c:/nxp/mcuxpressoide_11.4.0_6224/ide/plugins/com.nxp.mcuxpresso.tools.win32_11.4.0.202103011116/tools/bin/../lib/gcc/arm-none-eabi/10.2.1/../../../../arm-none-eabi/lib/thumb/v7e-m+fp/hard\libcr_c.a(initio.o)
 .comment       0x0000004d       0x4e c:/nxp/mcuxpressoide_11.4.0_6224/ide/plugins/com.nxp.mcuxpresso.tools.win32_11.4.0.202103011116/tools/bin/../lib/gcc/arm-none-eabi/10.2.1/../../../../arm-none-eabi/lib/thumb/v7e-m+fp/hard\libcr_c.a(setvbuf.o)
 .comment       0x0000004d       0x4e c:/nxp/mcuxpressoide_11.4.0_6224/ide/plugins/com.nxp.mcuxpresso.tools.win32_11.4.0.202103011116/tools/bin/../lib/gcc/arm-none-eabi/10.2.1/../../../../arm-none-eabi/lib/thumb/v7e-m+fp/hard\libcr_c.a(strlen.o)
 .comment       0x0000004d       0x4e c:/nxp/mcuxpressoide_11.4.0_6224/ide/plugins/com.nxp.mcuxpresso.tools.win32_11.4.0.202103011116/tools/bin/../lib/gcc/arm-none-eabi/10.2.1/../../../../arm-none-eabi/lib/thumb/v7e-m+fp/hard\libcr_c.a(_fdopen.o)
 .comment       0x0000004d       0x4e c:/nxp/mcuxpressoide_11.4.0_6224/ide/plugins/com.nxp.mcuxpresso.tools.win32_11.4.0.202103011116/tools/bin/../lib/gcc/arm-none-eabi/10.2.1/../../../../arm-none-eabi/lib/thumb/v7e-m+fp/hard\libcr_c.a(errno.o)
 .comment       0x0000004d       0x4e c:/nxp/mcuxpressoide_11.4.0_6224/ide/plugins/com.nxp.mcuxpresso.tools.win32_11.4.0.202103011116/tools/bin/../lib/gcc/arm-none-eabi/10.2.1/../../../../arm-none-eabi/lib/thumb/v7e-m+fp/hard\libcr_c.a(fclose.o)
 .comment       0x0000004d       0x4e c:/nxp/mcuxpressoide_11.4.0_6224/ide/plugins/com.nxp.mcuxpresso.tools.win32_11.4.0.202103011116/tools/bin/../lib/gcc/arm-none-eabi/10.2.1/../../../../arm-none-eabi/lib/thumb/v7e-m+fp/hard\libcr_c.a(fflush.o)
 .comment       0x0000004d       0x4e c:/nxp/mcuxpressoide_11.4.0_6224/ide/plugins/com.nxp.mcuxpresso.tools.win32_11.4.0.202103011116/tools/bin/../lib/gcc/arm-none-eabi/10.2.1/../../../../arm-none-eabi/lib/thumb/v7e-m+fp/hard\libcr_c.a(fseek.o)
 .comment       0x0000004d       0x4e c:/nxp/mcuxpressoide_11.4.0_6224/ide/plugins/com.nxp.mcuxpresso.tools.win32_11.4.0.202103011116/tools/bin/../lib/gcc/arm-none-eabi/10.2.1/../../../../arm-none-eabi/lib/thumb/v7e-m+fp/hard\libcr_c.a(ftell.o)
 .comment       0x0000004d       0x4e c:/nxp/mcuxpressoide_11.4.0_6224/ide/plugins/com.nxp.mcuxpresso.tools.win32_11.4.0.202103011116/tools/bin/../lib/gcc/arm-none-eabi/10.2.1/../../../../arm-none-eabi/lib/thumb/v7e-m+fp/hard\libcr_c.a(remove.o)
 .comment       0x0000004d       0x4e c:/nxp/mcuxpressoide_11.4.0_6224/ide/plugins/com.nxp.mcuxpresso.tools.win32_11.4.0.202103011116/tools/bin/../lib/gcc/arm-none-eabi/10.2.1/../../../../arm-none-eabi/lib/thumb/v7e-m+fp/hard\libcr_c.a(_do_fflush.o)
 .comment       0x0000004d       0x4e c:/nxp/mcuxpressoide_11.4.0_6224/ide/plugins/com.nxp.mcuxpresso.tools.win32_11.4.0.202103011116/tools/bin/../lib/gcc/arm-none-eabi/10.2.1/../../../../arm-none-eabi/lib/thumb/v7e-m+fp/hard\libcr_c.a(_fflush.o)
 .comment       0x0000004d       0x4e c:/nxp/mcuxpressoide_11.4.0_6224/ide/plugins/com.nxp.mcuxpresso.tools.win32_11.4.0.202103011116/tools/bin/../lib/gcc/arm-none-eabi/10.2.1/../../../../arm-none-eabi/lib/thumb/v7e-m+fp/hard\libcr_c.a(_writebuf.o)
 .comment       0x0000004d       0x4e c:/nxp/mcuxpressoide_11.4.0_6224/ide/plugins/com.nxp.mcuxpresso.tools.win32_11.4.0.202103011116/tools/bin/../lib/gcc/arm-none-eabi/10.2.1/../../../../arm-none-eabi/lib/thumb/v7e-m+fp/hard\libcr_c.a(_deferredlazyseek.o)
 .comment       0x0000004d       0x4e c:/nxp/mcuxpressoide_11.4.0_6224/ide/plugins/com.nxp.mcuxpresso.tools.win32_11.4.0.202103011116/tools/bin/../lib/gcc/arm-none-eabi/10.2.1/../../../../arm-none-eabi/lib/thumb/v7e-m+fp/hard\libcr_nohost_nf.a(__ciob.o)
 .comment       0x0000004d       0x4e c:/nxp/mcuxpressoide_11.4.0_6224/ide/plugins/com.nxp.mcuxpresso.tools.win32_11.4.0.202103011116/tools/bin/../lib/gcc/arm-none-eabi/10.2.1/../../../../arm-none-eabi/lib/thumb/v7e-m+fp/hard\libcr_nohost_nf.a(__sys_close.o)
 .comment       0x0000004d       0x4e c:/nxp/mcuxpressoide_11.4.0_6224/ide/plugins/com.nxp.mcuxpresso.tools.win32_11.4.0.202103011116/tools/bin/../lib/gcc/arm-none-eabi/10.2.1/../../../../arm-none-eabi/lib/thumb/v7e-m+fp/hard\libcr_nohost_nf.a(__sys_flen.o)
 .comment       0x0000004d       0x4e c:/nxp/mcuxpressoide_11.4.0_6224/ide/plugins/com.nxp.mcuxpresso.tools.win32_11.4.0.202103011116/tools/bin/../lib/gcc/arm-none-eabi/10.2.1/../../../../arm-none-eabi/lib/thumb/v7e-m+fp/hard\libcr_nohost_nf.a(__sys_istty.o)
 .comment       0x0000004d       0x4e c:/nxp/mcuxpressoide_11.4.0_6224/ide/plugins/com.nxp.mcuxpresso.tools.win32_11.4.0.202103011116/tools/bin/../lib/gcc/arm-none-eabi/10.2.1/../../../../arm-none-eabi/lib/thumb/v7e-m+fp/hard\libcr_nohost_nf.a(__sys_remove.o)
 .comment       0x0000004d       0x4e c:/nxp/mcuxpressoide_11.4.0_6224/ide/plugins/com.nxp.mcuxpresso.tools.win32_11.4.0.202103011116/tools/bin/../lib/gcc/arm-none-eabi/10.2.1/../../../../arm-none-eabi/lib/thumb/v7e-m+fp/hard\libcr_nohost_nf.a(__sys_seek.o)
 .comment       0x0000004d       0x4e c:/nxp/mcuxpressoide_11.4.0_6224/ide/plugins/com.nxp.mcuxpresso.tools.win32_11.4.0.202103011116/tools/bin/../lib/gcc/arm-none-eabi/10.2.1/../../../../arm-none-eabi/lib/thumb/v7e-m+fp/hard\libcr_nohost_nf.a(__sys_tmpnam.o)
 .comment       0x0000004d       0x4e c:/nxp/mcuxpressoide_11.4.0_6224/ide/plugins/com.nxp.mcuxpresso.tools.win32_11.4.0.202103011116/tools/bin/../lib/gcc/arm-none-eabi/10.2.1/../../../../arm-none-eabi/lib/thumb/v7e-m+fp/hard\libcr_nohost_nf.a(__sys_write.o)

.ARM.attributes
                0x00000000       0x32
 .ARM.attributes
                0x00000000       0x34 ./utilities/fsl_assert.o
 .ARM.attributes
                0x00000034       0x34 ./utilities/fsl_debug_console.o
 .ARM.attributes
                0x00000068       0x34 ./startup/startup_mk64f12.o
 .ARM.attributes
                0x0000009c       0x34 ./source/TP1.o
 .ARM.attributes
                0x000000d0       0x34 ./source/semihost_hardfault.o
 .ARM.attributes
                0x00000104       0x34 ./drivers/fsl_adc16.o
 .ARM.attributes
                0x00000138       0x34 ./drivers/fsl_clock.o
 .ARM.attributes
                0x0000016c       0x34 ./drivers/fsl_dac.o
 .ARM.attributes
                0x000001a0       0x34 ./drivers/fsl_gpio.o
 .ARM.attributes
                0x000001d4       0x34 ./drivers/fsl_pit.o
 .ARM.attributes
                0x00000208       0x34 ./drivers/fsl_uart.o
 .ARM.attributes
                0x0000023c       0x34 ./device/system_MK64F12.o
 .ARM.attributes
                0x00000270       0x34 ./component/uart/fsl_adapter_uart.o
 .ARM.attributes
                0x000002a4       0x34 ./board/board.o
 .ARM.attributes
                0x000002d8       0x34 ./board/clock_config.o
 .ARM.attributes
                0x0000030c       0x34 ./board/peripherals.o
 .ARM.attributes
                0x00000340       0x34 ./board/pin_mux.o
 .ARM.attributes
                0x00000374       0x34 c:/nxp/mcuxpressoide_11.4.0_6224/ide/plugins/com.nxp.mcuxpresso.tools.win32_11.4.0.202103011116/tools/bin/../lib/gcc/arm-none-eabi/10.2.1/../../../../arm-none-eabi/lib/thumb/v7e-m+fp/hard\libcr_nohost_nf.a(_cr__main.o)
 .ARM.attributes
                0x000003a8       0x34 c:/nxp/mcuxpressoide_11.4.0_6224/ide/plugins/com.nxp.mcuxpresso.tools.win32_11.4.0.202103011116/tools/bin/../lib/gcc/arm-none-eabi/10.2.1/../../../../arm-none-eabi/lib/thumb/v7e-m+fp/hard\libcr_c.a(memset.o)
 .ARM.attributes
                0x000003dc       0x34 c:/nxp/mcuxpressoide_11.4.0_6224/ide/plugins/com.nxp.mcuxpresso.tools.win32_11.4.0.202103011116/tools/bin/../lib/gcc/arm-none-eabi/10.2.1/../../../../arm-none-eabi/lib/thumb/v7e-m+fp/hard\libcr_c.a(alloc.o)
 .ARM.attributes
                0x00000410       0x34 c:/nxp/mcuxpressoide_11.4.0_6224/ide/plugins/com.nxp.mcuxpresso.tools.win32_11.4.0.202103011116/tools/bin/../lib/gcc/arm-none-eabi/10.2.1/../../../../arm-none-eabi/lib/thumb/v7e-m+fp/hard\libcr_c.a(initio.o)
 .ARM.attributes
                0x00000444       0x34 c:/nxp/mcuxpressoide_11.4.0_6224/ide/plugins/com.nxp.mcuxpresso.tools.win32_11.4.0.202103011116/tools/bin/../lib/gcc/arm-none-eabi/10.2.1/../../../../arm-none-eabi/lib/thumb/v7e-m+fp/hard\libcr_c.a(setvbuf.o)
 .ARM.attributes
                0x00000478       0x34 c:/nxp/mcuxpressoide_11.4.0_6224/ide/plugins/com.nxp.mcuxpresso.tools.win32_11.4.0.202103011116/tools/bin/../lib/gcc/arm-none-eabi/10.2.1/../../../../arm-none-eabi/lib/thumb/v7e-m+fp/hard\libcr_c.a(strlen.o)
 .ARM.attributes
                0x000004ac       0x34 c:/nxp/mcuxpressoide_11.4.0_6224/ide/plugins/com.nxp.mcuxpresso.tools.win32_11.4.0.202103011116/tools/bin/../lib/gcc/arm-none-eabi/10.2.1/../../../../arm-none-eabi/lib/thumb/v7e-m+fp/hard\libcr_c.a(_fdopen.o)
 .ARM.attributes
                0x000004e0       0x39 c:/nxp/mcuxpressoide_11.4.0_6224/ide/plugins/com.nxp.mcuxpresso.tools.win32_11.4.0.202103011116/tools/bin/../lib/gcc/arm-none-eabi/10.2.1/../../../../arm-none-eabi/lib/thumb/v7e-m+fp/hard\libcr_c.a(errno.o)
 .ARM.attributes
                0x00000519       0x34 c:/nxp/mcuxpressoide_11.4.0_6224/ide/plugins/com.nxp.mcuxpresso.tools.win32_11.4.0.202103011116/tools/bin/../lib/gcc/arm-none-eabi/10.2.1/../../../../arm-none-eabi/lib/thumb/v7e-m+fp/hard\libcr_c.a(fclose.o)
 .ARM.attributes
                0x0000054d       0x34 c:/nxp/mcuxpressoide_11.4.0_6224/ide/plugins/com.nxp.mcuxpresso.tools.win32_11.4.0.202103011116/tools/bin/../lib/gcc/arm-none-eabi/10.2.1/../../../../arm-none-eabi/lib/thumb/v7e-m+fp/hard\libcr_c.a(fflush.o)
 .ARM.attributes
                0x00000581       0x34 c:/nxp/mcuxpressoide_11.4.0_6224/ide/plugins/com.nxp.mcuxpresso.tools.win32_11.4.0.202103011116/tools/bin/../lib/gcc/arm-none-eabi/10.2.1/../../../../arm-none-eabi/lib/thumb/v7e-m+fp/hard\libcr_c.a(fseek.o)
 .ARM.attributes
                0x000005b5       0x34 c:/nxp/mcuxpressoide_11.4.0_6224/ide/plugins/com.nxp.mcuxpresso.tools.win32_11.4.0.202103011116/tools/bin/../lib/gcc/arm-none-eabi/10.2.1/../../../../arm-none-eabi/lib/thumb/v7e-m+fp/hard\libcr_c.a(ftell.o)
 .ARM.attributes
                0x000005e9       0x34 c:/nxp/mcuxpressoide_11.4.0_6224/ide/plugins/com.nxp.mcuxpresso.tools.win32_11.4.0.202103011116/tools/bin/../lib/gcc/arm-none-eabi/10.2.1/../../../../arm-none-eabi/lib/thumb/v7e-m+fp/hard\libcr_c.a(remove.o)
 .ARM.attributes
                0x0000061d       0x34 c:/nxp/mcuxpressoide_11.4.0_6224/ide/plugins/com.nxp.mcuxpresso.tools.win32_11.4.0.202103011116/tools/bin/../lib/gcc/arm-none-eabi/10.2.1/../../../../arm-none-eabi/lib/thumb/v7e-m+fp/hard\libcr_c.a(_do_fflush.o)
 .ARM.attributes
                0x00000651       0x34 c:/nxp/mcuxpressoide_11.4.0_6224/ide/plugins/com.nxp.mcuxpresso.tools.win32_11.4.0.202103011116/tools/bin/../lib/gcc/arm-none-eabi/10.2.1/../../../../arm-none-eabi/lib/thumb/v7e-m+fp/hard\libcr_c.a(_fflush.o)
 .ARM.attributes
                0x00000685       0x34 c:/nxp/mcuxpressoide_11.4.0_6224/ide/plugins/com.nxp.mcuxpresso.tools.win32_11.4.0.202103011116/tools/bin/../lib/gcc/arm-none-eabi/10.2.1/../../../../arm-none-eabi/lib/thumb/v7e-m+fp/hard\libcr_c.a(_writebuf.o)
 .ARM.attributes
                0x000006b9       0x34 c:/nxp/mcuxpressoide_11.4.0_6224/ide/plugins/com.nxp.mcuxpresso.tools.win32_11.4.0.202103011116/tools/bin/../lib/gcc/arm-none-eabi/10.2.1/../../../../arm-none-eabi/lib/thumb/v7e-m+fp/hard\libcr_c.a(_deferredlazyseek.o)
 .ARM.attributes
                0x000006ed       0x20 c:/nxp/mcuxpressoide_11.4.0_6224/ide/plugins/com.nxp.mcuxpresso.tools.win32_11.4.0.202103011116/tools/bin/../lib/gcc/arm-none-eabi/10.2.1/thumb/v7e-m+fp/hard\libcr_eabihelpers.a(memcpy.o)
 .ARM.attributes
                0x0000070d       0x39 c:/nxp/mcuxpressoide_11.4.0_6224/ide/plugins/com.nxp.mcuxpresso.tools.win32_11.4.0.202103011116/tools/bin/../lib/gcc/arm-none-eabi/10.2.1/../../../../arm-none-eabi/lib/thumb/v7e-m+fp/hard\libcr_nohost_nf.a(__ciob.o)
 .ARM.attributes
                0x00000746       0x34 c:/nxp/mcuxpressoide_11.4.0_6224/ide/plugins/com.nxp.mcuxpresso.tools.win32_11.4.0.202103011116/tools/bin/../lib/gcc/arm-none-eabi/10.2.1/../../../../arm-none-eabi/lib/thumb/v7e-m+fp/hard\libcr_nohost_nf.a(__sys_close.o)
 .ARM.attributes
                0x0000077a       0x34 c:/nxp/mcuxpressoide_11.4.0_6224/ide/plugins/com.nxp.mcuxpresso.tools.win32_11.4.0.202103011116/tools/bin/../lib/gcc/arm-none-eabi/10.2.1/../../../../arm-none-eabi/lib/thumb/v7e-m+fp/hard\libcr_nohost_nf.a(__sys_flen.o)
 .ARM.attributes
                0x000007ae       0x34 c:/nxp/mcuxpressoide_11.4.0_6224/ide/plugins/com.nxp.mcuxpresso.tools.win32_11.4.0.202103011116/tools/bin/../lib/gcc/arm-none-eabi/10.2.1/../../../../arm-none-eabi/lib/thumb/v7e-m+fp/hard\libcr_nohost_nf.a(__sys_istty.o)
 .ARM.attributes
                0x000007e2       0x34 c:/nxp/mcuxpressoide_11.4.0_6224/ide/plugins/com.nxp.mcuxpresso.tools.win32_11.4.0.202103011116/tools/bin/../lib/gcc/arm-none-eabi/10.2.1/../../../../arm-none-eabi/lib/thumb/v7e-m+fp/hard\libcr_nohost_nf.a(__sys_remove.o)
 .ARM.attributes
                0x00000816       0x34 c:/nxp/mcuxpressoide_11.4.0_6224/ide/plugins/com.nxp.mcuxpresso.tools.win32_11.4.0.202103011116/tools/bin/../lib/gcc/arm-none-eabi/10.2.1/../../../../arm-none-eabi/lib/thumb/v7e-m+fp/hard\libcr_nohost_nf.a(__sys_seek.o)
 .ARM.attributes
                0x0000084a       0x34 c:/nxp/mcuxpressoide_11.4.0_6224/ide/plugins/com.nxp.mcuxpresso.tools.win32_11.4.0.202103011116/tools/bin/../lib/gcc/arm-none-eabi/10.2.1/../../../../arm-none-eabi/lib/thumb/v7e-m+fp/hard\libcr_nohost_nf.a(__sys_tmpnam.o)
 .ARM.attributes
                0x0000087e       0x34 c:/nxp/mcuxpressoide_11.4.0_6224/ide/plugins/com.nxp.mcuxpresso.tools.win32_11.4.0.202103011116/tools/bin/../lib/gcc/arm-none-eabi/10.2.1/../../../../arm-none-eabi/lib/thumb/v7e-m+fp/hard\libcr_nohost_nf.a(__sys_write.o)

.debug_frame    0x00000000     0x289c
 .debug_frame   0x00000000       0x30 ./utilities/fsl_assert.o
 .debug_frame   0x00000030      0x1d4 ./utilities/fsl_debug_console.o
 .debug_frame   0x00000204      0x8fc ./startup/startup_mk64f12.o
 .debug_frame   0x00000b00      0x21c ./source/TP1.o
 .debug_frame   0x00000d1c       0x20 ./source/semihost_hardfault.o
 .debug_frame   0x00000d3c      0x220 ./drivers/fsl_adc16.o
 .debug_frame   0x00000f5c      0x890 ./drivers/fsl_clock.o
 .debug_frame   0x000017ec      0x248 ./drivers/fsl_dac.o
 .debug_frame   0x00001a34       0xc8 ./drivers/fsl_gpio.o
 .debug_frame   0x00001afc       0xcc ./drivers/fsl_pit.o
 .debug_frame   0x00001bc8      0x74c ./drivers/fsl_uart.o
 .debug_frame   0x00002314       0x74 ./device/system_MK64F12.o
 .debug_frame   0x00002388      0x110 ./component/uart/fsl_adapter_uart.o
 .debug_frame   0x00002498       0x34 ./board/board.o
 .debug_frame   0x000024cc      0x124 ./board/clock_config.o
 .debug_frame   0x000025f0      0x1e4 ./board/peripherals.o
 .debug_frame   0x000027d4       0xc8 ./board/pin_mux.o

Cross Reference Table

Symbol                                            File
ADC0_DriverIRQHandler                             ./startup/startup_mk64f12.o
ADC0_IRQHandler                                   ./source/TP1.o
                                                  ./startup/startup_mk64f12.o
ADC0_channelsConfig                               ./board/peripherals.o
                                                  ./source/TP1.o
ADC0_config                                       ./board/peripherals.o
ADC0_muxMode                                      ./board/peripherals.o
ADC16_ClearStatusFlags                            ./drivers/fsl_adc16.o
ADC16_Deinit                                      ./drivers/fsl_adc16.o
ADC16_DoAutoCalibration                           ./drivers/fsl_adc16.o
                                                  ./board/peripherals.o
ADC16_GetChannelStatusFlags                       ./drivers/fsl_adc16.o
                                                  ./source/TP1.o
ADC16_GetDefaultConfig                            ./drivers/fsl_adc16.o
ADC16_GetStatusFlags                              ./drivers/fsl_adc16.o
ADC16_Init                                        ./drivers/fsl_adc16.o
                                                  ./board/peripherals.o
ADC16_SetChannelConfig                            ./drivers/fsl_adc16.o
                                                  ./board/peripherals.o
                                                  ./source/TP1.o
ADC16_SetChannelMuxMode                           ./drivers/fsl_adc16.o
                                                  ./board/peripherals.o
ADC16_SetHardwareAverage                          ./drivers/fsl_adc16.o
ADC16_SetHardwareCompareConfig                    ./drivers/fsl_adc16.o
ADC1_DriverIRQHandler                             ./startup/startup_mk64f12.o
ADC1_IRQHandler                                   ./startup/startup_mk64f12.o