Archive member included to satisfy reference by file (symbol)

c:/nxp/mcuxpressoide_11.4.0_6224/ide/plugins/com.nxp.mcuxpresso.tools.win32_11.4.0.202103011116/tools/bin/../lib/gcc/arm-none-eabi/10.2.1/../../../../arm-none-eabi/lib/thumb/v7e-m+fp/hard\libcr_nohost_nf.a(_cr__main.o)
                              ./startup/startup_mk64f12.o (__main)
c:/nxp/mcuxpressoide_11.4.0_6224/ide/plugins/com.nxp.mcuxpresso.tools.win32_11.4.0.202103011116/tools/bin/../lib/gcc/arm-none-eabi/10.2.1/../../../../arm-none-eabi/lib/thumb/v7e-m+fp/hard\libcr_c.a(fabsf.o)
                              ./CMSIS/DSP/Source/BasicMathFunctions/BasicMathFunctions.o (fabsf)
c:/nxp/mcuxpressoide_11.4.0_6224/ide/plugins/com.nxp.mcuxpresso.tools.win32_11.4.0.202103011116/tools/bin/../lib/gcc/arm-none-eabi/10.2.1/../../../../arm-none-eabi/lib/thumb/v7e-m+fp/hard\libcr_c.a(sqrtf_m4_hardfp.o)
                              ./CMSIS/DSP/Source/StatisticsFunctions/StatisticsFunctions.o (sqrtf)
c:/nxp/mcuxpressoide_11.4.0_6224/ide/plugins/com.nxp.mcuxpresso.tools.win32_11.4.0.202103011116/tools/bin/../lib/gcc/arm-none-eabi/10.2.1/../../../../arm-none-eabi/lib/thumb/v7e-m+fp/hard\libcr_c.a(memcpy.o)
                              ./drivers/fsl_ftfx_cache.o (memcpy)
c:/nxp/mcuxpressoide_11.4.0_6224/ide/plugins/com.nxp.mcuxpresso.tools.win32_11.4.0.202103011116/tools/bin/../lib/gcc/arm-none-eabi/10.2.1/../../../../arm-none-eabi/lib/thumb/v7e-m+fp/hard\libcr_c.a(memset.o)
                              ./drivers/fsl_adc16.o (memset)
c:/nxp/mcuxpressoide_11.4.0_6224/ide/plugins/com.nxp.mcuxpresso.tools.win32_11.4.0.202103011116/tools/bin/../lib/gcc/arm-none-eabi/10.2.1/../../../../arm-none-eabi/lib/thumb/v7e-m+fp/hard\libcr_c.a(alloc.o)
                              ./drivers/fsl_common.o (malloc)
c:/nxp/mcuxpressoide_11.4.0_6224/ide/plugins/com.nxp.mcuxpresso.tools.win32_11.4.0.202103011116/tools/bin/../lib/gcc/arm-none-eabi/10.2.1/../../../../arm-none-eabi/lib/thumb/v7e-m+fp/hard\libcr_c.a(initio.o)
                              c:/nxp/mcuxpressoide_11.4.0_6224/ide/plugins/com.nxp.mcuxpresso.tools.win32_11.4.0.202103011116/tools/bin/../lib/gcc/arm-none-eabi/10.2.1/../../../../arm-none-eabi/lib/thumb/v7e-m+fp/hard\libcr_nohost_nf.a(_cr__main.o) (_initio)
c:/nxp/mcuxpressoide_11.4.0_6224/ide/plugins/com.nxp.mcuxpresso.tools.win32_11.4.0.202103011116/tools/bin/../lib/gcc/arm-none-eabi/10.2.1/../../../../arm-none-eabi/lib/thumb/v7e-m+fp/hard\libcr_c.a(modf.o)
                              ./utilities/fsl_debug_console.o (modf)
c:/nxp/mcuxpressoide_11.4.0_6224/ide/plugins/com.nxp.mcuxpresso.tools.win32_11.4.0.202103011116/tools/bin/../lib/gcc/arm-none-eabi/10.2.1/../../../../arm-none-eabi/lib/thumb/v7e-m+fp/hard\libcr_c.a(pow.o)
                              ./utilities/fsl_debug_console.o (pow)
c:/nxp/mcuxpressoide_11.4.0_6224/ide/plugins/com.nxp.mcuxpresso.tools.win32_11.4.0.202103011116/tools/bin/../lib/gcc/arm-none-eabi/10.2.1/../../../../arm-none-eabi/lib/thumb/v7e-m+fp/hard\libcr_c.a(setvbuf.o)
                              c:/nxp/mcuxpressoide_11.4.0_6224/ide/plugins/com.nxp.mcuxpresso.tools.win32_11.4.0.202103011116/tools/bin/../lib/gcc/arm-none-eabi/10.2.1/../../../../arm-none-eabi/lib/thumb/v7e-m+fp/hard\libcr_c.a(initio.o) (setvbuf)
c:/nxp/mcuxpressoide_11.4.0_6224/ide/plugins/com.nxp.mcuxpresso.tools.win32_11.4.0.202103011116/tools/bin/../lib/gcc/arm-none-eabi/10.2.1/../../../../arm-none-eabi/lib/thumb/v7e-m+fp/hard\libcr_c.a(strlen.o)
                              ./utilities/fsl_debug_console.o (strlen)
c:/nxp/mcuxpressoide_11.4.0_6224/ide/plugins/com.nxp.mcuxpresso.tools.win32_11.4.0.202103011116/tools/bin/../lib/gcc/arm-none-eabi/10.2.1/../../../../arm-none-eabi/lib/thumb/v7e-m+fp/hard\libcr_c.a(__init_alloc.o)
                              c:/nxp/mcuxpressoide_11.4.0_6224/ide/plugins/com.nxp.mcuxpresso.tools.win32_11.4.0.202103011116/tools/bin/../lib/gcc/arm-none-eabi/10.2.1/../../../../arm-none-eabi/lib/thumb/v7e-m+fp/hard\libcr_c.a(alloc.o) (__heaps)
c:/nxp/mcuxpressoide_11.4.0_6224/ide/plugins/com.nxp.mcuxpresso.tools.win32_11.4.0.202103011116/tools/bin/../lib/gcc/arm-none-eabi/10.2.1/../../../../arm-none-eabi/lib/thumb/v7e-m+fp/hard\libcr_c.a(_cr_sbrk.o)
                              c:/nxp/mcuxpressoide_11.4.0_6224/ide/plugins/com.nxp.mcuxpresso.tools.win32_11.4.0.202103011116/tools/bin/../lib/gcc/arm-none-eabi/10.2.1/../../../../arm-none-eabi/lib/thumb/v7e-m+fp/hard\libcr_c.a(alloc.o) (_sbrk)
c:/nxp/mcuxpressoide_11.4.0_6224/ide/plugins/com.nxp.mcuxpresso.tools.win32_11.4.0.202103011116/tools/bin/../lib/gcc/arm-none-eabi/10.2.1/../../../../arm-none-eabi/lib/thumb/v7e-m+fp/hard\libcr_c.a(_fdopen.o)
                              c:/nxp/mcuxpressoide_11.4.0_6224/ide/plugins/com.nxp.mcuxpresso.tools.win32_11.4.0.202103011116/tools/bin/../lib/gcc/arm-none-eabi/10.2.1/../../../../arm-none-eabi/lib/thumb/v7e-m+fp/hard\libcr_c.a(initio.o) (_fdopen)
[...]
Memory Configuration

Name             Origin             Length             Attributes
PROGRAM_FLASH    0x00000000         0x00100000         xr
SRAM_UPPER       0x20000000         0x00030000         xrw
SRAM_LOWER       0x1fff0000         0x00010000         xrw
FLEX_RAM         0x14000000         0x00001000         xrw
*default*        0x00000000         0xffffffff

Linker script and memory map

LOAD ./utilities/fsl_assert.o
LOAD ./utilities/fsl_debug_console.o
LOAD ./startup/startup_mk64f12.o
LOAD ./source/TP2.o
LOAD ./source/semihost_hardfault.o
LOAD ./drivers/fsl_adc16.o
LOAD ./drivers/fsl_clock.o
LOAD ./drivers/fsl_common.o
LOAD ./drivers/fsl_common_arm.o
LOAD ./drivers/fsl_dac.o
LOAD ./drivers/fsl_ftfx_cache.o
LOAD ./drivers/fsl_ftfx_controller.o
LOAD ./drivers/fsl_ftfx_flash.o
LOAD ./drivers/fsl_ftfx_flexnvm.o
LOAD ./drivers/fsl_gpio.o
LOAD ./drivers/fsl_pit.o
LOAD ./drivers/fsl_smc.o
LOAD ./drivers/fsl_uart.o
LOAD ./device/system_MK64F12.o
LOAD ./component/uart/fsl_adapter_uart.o
LOAD ./component/lists/fsl_component_generic_list.o
LOAD ./board/board.o
LOAD ./board/clock_config.o
LOAD ./board/peripherals.o
LOAD ./board/pin_mux.o
LOAD ./CMSIS/DSP/Source/TransformFunctions/TransformFunctions.o
LOAD ./CMSIS/DSP/Source/SupportFunctions/SupportFunctions.o
LOAD ./CMSIS/DSP/Source/StatisticsFunctions/StatisticsFunctions.o
LOAD ./CMSIS/DSP/Source/MatrixFunctions/MatrixFunctions.o
LOAD ./CMSIS/DSP/Source/FilteringFunctions/FilteringFunctions.o
LOAD ./CMSIS/DSP/Source/FastMathFunctions/FastMathFunctions.o
LOAD ./CMSIS/DSP/Source/ControllerFunctions/ControllerFunctions.o
LOAD ./CMSIS/DSP/Source/ComplexMathFunctions/ComplexMathFunctions.o
LOAD ./CMSIS/DSP/Source/CommonTables/CommonTables.o
LOAD ./CMSIS/DSP/Source/BasicMathFunctions/BasicMathFunctions.o
LOAD C:\Users\santi\Desktop\Datardos\Facultad\Segundo semestre Quinto\DSP\workspace\TP2_CODIGO\CMSIS\DSP\libarm_cortexM4lf_math.a
START GROUP
LOAD c:/nxp/mcuxpressoide_11.4.0_6224/ide/plugins/com.nxp.mcuxpresso.tools.win32_11.4.0.202103011116/tools/bin/../lib/gcc/arm-none-eabi/10.2.1/../../../../arm-none-eabi/lib/thumb/v7e-m+fp/hard\libcr_nohost_nf.a
LOAD c:/nxp/mcuxpressoide_11.4.0_6224/ide/plugins/com.nxp.mcuxpresso.tools.win32_11.4.0.202103011116/tools/bin/../lib/gcc/arm-none-eabi/10.2.1/../../../../arm-none-eabi/lib/thumb/v7e-m+fp/hard\libcr_c.a
LOAD c:/nxp/mcuxpressoide_11.4.0_6224/ide/plugins/com.nxp.mcuxpresso.tools.win32_11.4.0.202103011116/tools/bin/../lib/gcc/arm-none-eabi/10.2.1/thumb/v7e-m+fp/hard\libcr_eabihelpers.a
LOAD c:/nxp/mcuxpressoide_11.4.0_6224/ide/plugins/com.nxp.mcuxpresso.tools.win32_11.4.0.202103011116/tools/bin/../lib/gcc/arm-none-eabi/10.2.1/thumb/v7e-m+fp/hard\libgcc.a
END GROUP
                0x00000000                __base_PROGRAM_FLASH = 0x0
                0x00000000                __base_Flash = 0x0
                0x00100000                __top_PROGRAM_FLASH = 0x100000
                0x00100000                __top_Flash = 0x100000
                0x20000000                __base_SRAM_UPPER = 0x20000000
                0x20000000                __base_RAM = 0x20000000
                0x20030000                __top_SRAM_UPPER = 0x20030000
                0x20030000                __top_RAM = 0x20030000
                0x1fff0000                __base_SRAM_LOWER = 0x1fff0000
                0x1fff0000                __base_RAM2 = 0x1fff0000
                0x20000000                __top_SRAM_LOWER = 0x20000000
                0x20000000                __top_RAM2 = 0x20000000
                0x14000000                __base_FLEX_RAM = 0x14000000
                0x14000000                __base_RAM3 = 0x14000000
                0x14001000                __top_FLEX_RAM = 0x14001000
                0x14001000                __top_RAM3 = 0x14001000

.text           0x00000000     0x4fa0
 FILL mask 0xff
                0x00000000                __vectors_start__ = ABSOLUTE (.)
 *(SORT_BY_ALIGNMENT(.isr_vector))
 .isr_vector    0x00000000      0x198 ./startup/startup_mk64f12.o
                0x00000000                g_pfnVectors
                0x00000000                __Vectors
                0x00000198                . = ALIGN (0x4)
                0x00000198                __section_table_start = .
                0x00000198                __data_section_table = .
                0x00000198        0x4 LONG 0x4fa0 LOADADDR (.data)
                0x0000019c        0x4 LONG 0x20000000 ADDR (.data)
                0x000001a0        0x4 LONG 0x10 SIZEOF (.data)
                0x000001a4        0x4 LONG 0x4fa0 LOADADDR (.data_RAM2)
                0x000001a8        0x4 LONG 0x1fff0000 ADDR (.data_RAM2)
                0x000001ac        0x4 LONG 0x0 SIZEOF (.data_RAM2)
                0x000001b0        0x4 LONG 0x4fa0 LOADADDR (.data_RAM3)
                0x000001b4        0x4 LONG 0x14000000 ADDR (.data_RAM3)
                0x000001b8        0x4 LONG 0x0 SIZEOF (.data_RAM3)
                0x000001bc                __data_section_table_end = .
                0x000001bc                __bss_section_table = .
                0x000001bc        0x4 LONG 0x20000010 ADDR (.bss)
                0x000001c0        0x4 LONG 0xcd0 SIZEOF (.bss)
                0x000001c4        0x4 LONG 0x1fff0000 ADDR (.bss_RAM2)
                0x000001c8        0x4 LONG 0x0 SIZEOF (.bss_RAM2)
                0x000001cc        0x4 LONG 0x14000000 ADDR (.bss_RAM3)
                0x000001d0        0x4 LONG 0x0 SIZEOF (.bss_RAM3)
                0x000001d4                __bss_section_table_end = .
                0x000001d4                __section_table_end = .
 *(SORT_BY_ALIGNMENT(.after_vectors*))
 .after_vectors.reset
                0x000001d4       0x4c ./startup/startup_mk64f12.o
                0x000001d4                ResetISR
 .after_vectors.init_data
                0x00000220       0x1e ./startup/startup_mk64f12.o
                0x00000220                data_init
 .after_vectors.init_bss
                0x0000023e       0x12 ./startup/startup_mk64f12.o
                0x0000023e                bss_init
 .after_vectors
                0x00000250       0x14 ./startup/startup_mk64f12.o
                0x00000250                NMI_Handler
                0x00000254                MemManage_Handler
                0x00000256                BusFault_Handler
                0x00000258                UsageFault_Handler
                0x0000025a                SVC_Handler
                0x0000025c                DebugMon_Handler
                0x0000025e                PendSV_Handler
                0x00000260                SysTick_Handler
                0x00000262                DMA_Error_DriverIRQHandler
                0x00000262                LPTMR0_DriverIRQHandler
                0x00000262                FTM1_DriverIRQHandler
                0x00000262                FTM2_DriverIRQHandler
                0x00000262                PIT2_DriverIRQHandler
                0x00000262                SDHC_DriverIRQHandler
                0x00000262                I2S0_Tx_DriverIRQHandler
                0x00000262                RTC_Seconds_DriverIRQHandler
                0x00000262                DMA6_DriverIRQHandler
                0x00000262                LLWU_DriverIRQHandler
                0x00000262                MCM_DriverIRQHandler
                0x00000262                MCG_DriverIRQHandler
                0x00000262                ENET_1588_Timer_DriverIRQHandler
                0x00000262                I2C2_DriverIRQHandler
                0x00000262                DAC1_DriverIRQHandler
                0x00000262                SPI1_DriverIRQHandler
                0x00000262                CMP1_DriverIRQHandler
                0x00000262                FTM0_DriverIRQHandler
                0x00000262                IntDefaultHandler
                0x00000262                USB0_DriverIRQHandler
                0x00000262                UART5_ERR_DriverIRQHandler
                0x00000262                PORTC_DriverIRQHandler
                0x00000262                DMA11_DriverIRQHandler
                0x00000262                DAC0_DriverIRQHandler
                0x00000262                DMA10_DriverIRQHandler
                0x00000262                CMP2_DriverIRQHandler
                0x00000262                UART2_ERR_DriverIRQHandler
                0x00000262                SPI2_DriverIRQHandler
                0x00000262                LVD_LVW_DriverIRQHandler
                0x00000262                PIT0_DriverIRQHandler
                0x00000262                DMA12_DriverIRQHandler
                0x00000262                DMA5_DriverIRQHandler
                0x00000262                DMA4_DriverIRQHandler
                0x00000262                USBDCD_DriverIRQHandler
                0x00000262                UART3_ERR_DriverIRQHandler
                0x00000262                DMA3_DriverIRQHandler
                0x00000262                DMA8_DriverIRQHandler
                0x00000262                DMA9_DriverIRQHandler
                0x00000262                UART0_ERR_DriverIRQHandler
                0x00000262                CMT_DriverIRQHandler
                0x00000262                Reserved71_DriverIRQHandler
                0x00000262                ADC1_DriverIRQHandler
                0x00000262                PORTA_DriverIRQHandler
                0x00000262                DMA14_DriverIRQHandler
                0x00000262                PIT3_DriverIRQHandler
                0x00000262                PIT1_DriverIRQHandler
                0x00000262                WDOG_EWM_DriverIRQHandler
                0x00000262                PDB0_DriverIRQHandler
                0x00000262                RTC_DriverIRQHandler
                0x00000262                I2S0_Rx_DriverIRQHandler
                0x00000262                Read_Collision_DriverIRQHandler
                0x00000262                SWI_DriverIRQHandler
                0x00000262                UART4_ERR_DriverIRQHandler
                0x00000262                PORTB_DriverIRQHandler
                0x00000262                UART0_LON_DriverIRQHandler
                0x00000262                DMA0_DriverIRQHandler
                0x00000262                DMA1_DriverIRQHandler
                0x00000262                I2C1_DriverIRQHandler
                0x00000262                ENET_Receive_DriverIRQHandler
                0x00000262                DMA13_DriverIRQHandler
                0x00000262                ENET_Error_DriverIRQHandler
                0x00000262                DMA15_DriverIRQHandler
                0x00000262                SPI0_DriverIRQHandler
                0x00000262                ADC0_DriverIRQHandler
                0x00000262                CMP0_DriverIRQHandler
                0x00000262                CAN0_DriverIRQHandler
                0x00000262                FTM3_DriverIRQHandler
                0x00000262                RNG_DriverIRQHandler
                0x00000262                UART1_ERR_DriverIRQHandler
                0x00000262                DMA2_DriverIRQHandler
                0x00000262                ENET_Transmit_DriverIRQHandler
                0x00000262                PORTD_DriverIRQHandler
                0x00000262                PORTE_DriverIRQHandler
                0x00000262                FTFE_DriverIRQHandler
                0x00000262                I2C0_DriverIRQHandler
                0x00000262                DMA7_DriverIRQHandler
                0x00000400                . = 0x400
 *fill*         0x00000264      0x19c ff
                0x00000400                PROVIDE (__FLASH_CONFIG_START__ = .)
 *(SORT_BY_ALIGNMENT(.FlashConfig))
 .FlashConfig   0x00000400       0x10 ./startup/startup_mk64f12.o
                0x00000400                Flash_Config
                0x00000410                PROVIDE (__FLASH_CONFIG_END__ = .)
                0x00000001                ASSERT (! ((__FLASH_CONFIG_START__ == __FLASH_CONFIG_END__)), Linker Flash Config Support Enabled, but no .FlashConfig section provided within application)
 *(SORT_BY_ALIGNMENT(.text*))
 .text.DbgConsole_ConvertFloatRadixNumToString
                0x00000410      0x2a0 ./utilities/fsl_debug_console.o
 .text.pow      0x000006b0      0x564 c:/nxp/mcuxpressoide_11.4.0_6224/ide/plugins/com.nxp.mcuxpresso.tools.win32_11.4.0.202103011116/tools/bin/../lib/gcc/arm-none-eabi/10.2.1/../../../../arm-none-eabi/lib/thumb/v7e-m+fp/hard\libcr_c.a(pow.o)
                0x000006b0                pow
 *fill*         0x00000c14        0x4 ff
 .text.frexp    0x00000c18       0x68 c:/nxp/mcuxpressoide_11.4.0_6224/ide/plugins/com.nxp.mcuxpresso.tools.win32_11.4.0.202103011116/tools/bin/../lib/gcc/arm-none-eabi/10.2.1/../../../../arm-none-eabi/lib/thumb/v7e-m+fp/hard\libcr_c.a(frexp.o)
                0x00000c18                frexp
 .text.ldexp    0x00000c80       0x5c c:/nxp/mcuxpressoide_11.4.0_6224/ide/plugins/com.nxp.mcuxpresso.tools.win32_11.4.0.202103011116/tools/bin/../lib/gcc/arm-none-eabi/10.2.1/../../../../arm-none-eabi/lib/thumb/v7e-m+fp/hard\libcr_c.a(ldexp.o)
                0x00000c80                ldexp
 .text.__assertion_failed
                0x00000cdc       0x18 ./utilities/fsl_assert.o
                0x00000cdc                __assertion_failed
 .text.DbgConsole_Printf
                0x00000cf4       0x40 ./utilities/fsl_debug_console.o
                0x00000cf4                DbgConsole_Printf
 .text.DbgConsole_Putchar
                0x00000d34       0x30 ./utilities/fsl_debug_console.o
                0x00000d34                DbgConsole_Putchar
 .text.DbgConsole_PrintfFormattedData
                0x00000d64      0x9a4 ./utilities/fsl_debug_console.o
 .text.PIT_SetTimerPeriod
                0x00001708       0x38 ./source/TP2.o
 .text.ADC16_GetChannelConversionValue
                0x00001740       0x2c ./source/TP2.o
 .text.PORTC_IRQHandler
                0x0000176c       0x4c ./source/TP2.o
                0x0000176c                PORTC_IRQHandler
 .text.PORTA_IRQHandler
                0x000017b8      0x11c ./source/TP2.o
                0x000017b8                PORTA_IRQHandler
 .text.PIT0_IRQHandler
                0x000018d4       0x40 ./source/TP2.o
                0x000018d4                PIT0_IRQHandler
 .text.ADC0_IRQHandler
                0x00001914      0x174 ./source/TP2.o
                0x00001914                ADC0_IRQHandler
 .text.main     0x00001a88      0x26c ./source/TP2.o
                0x00001a88                main
 .text.ADC16_GetInstance
                0x00001cf4       0x4c ./drivers/fsl_adc16.o
 .text.ADC16_Init
                0x00001d40      0x118 ./drivers/fsl_adc16.o
                0x00001d40                ADC16_Init
 .text.ADC16_SetChannelConfig
                0x00001e58       0x68 ./drivers/fsl_adc16.o
                0x00001e58                ADC16_SetChannelConfig
 .text.ADC16_GetChannelStatusFlags
                0x00001ec0       0x40 ./drivers/fsl_adc16.o
                0x00001ec0                ADC16_GetChannelStatusFlags
 .text.CLOCK_SetEr32kClock
                0x00001f00       0x30 ./drivers/fsl_clock.o
 .text.CLOCK_SetPllFllSelClock
                0x00001f30       0x38 ./drivers/fsl_clock.o
 .text.CLOCK_GetOscRangeFromFreq
                0x00001f68       0x3c ./drivers/fsl_clock.o
 .text.CLOCK_SetSimConfig
                0x00001fa4       0x34 ./drivers/fsl_clock.o
                0x00001fa4                CLOCK_SetSimConfig
 .text.CLOCK_SetExternalRefClkConfig
                0x00001fd8       0x6c ./drivers/fsl_clock.o
                0x00001fd8                CLOCK_SetExternalRefClkConfig
 .text.CLOCK_SetInternalRefClkConfig
                0x00002044      0x104 ./drivers/fsl_clock.o
                0x00002044                CLOCK_SetInternalRefClkConfig
 .text.CLOCK_EnablePll0
                0x00002148       0x88 ./drivers/fsl_clock.o
                0x00002148                CLOCK_EnablePll0
 .text.CLOCK_InitOsc0
                0x000021d0       0x8c ./drivers/fsl_clock.o
                0x000021d0                CLOCK_InitOsc0
 .text.CLOCK_SetPbeMode
                0x0000225c       0xa8 ./drivers/fsl_clock.o
                0x0000225c                CLOCK_SetPbeMode
 .text.CLOCK_BootToPeeMode
                0x00002304       0x64 ./drivers/fsl_clock.o
                0x00002304                CLOCK_BootToPeeMode
 .text.DAC_GetInstance
                0x00002368       0x4c ./drivers/fsl_dac.o
 .text.DAC_Init
                0x000023b4       0x70 ./drivers/fsl_dac.o
                0x000023b4                DAC_Init
 .text.DAC_SetBufferValue
                0x00002424       0x50 ./drivers/fsl_dac.o
                0x00002424                DAC_SetBufferValue
 .text.DAC_SetBufferReadPointer
                0x00002474       0x48 ./drivers/fsl_dac.o
                0x00002474                DAC_SetBufferReadPointer
 .text.GPIO_GetInstance
                0x000024bc       0x4c ./drivers/fsl_gpio.o
 .text.GPIO_PinInit
                0x00002508       0x64 ./drivers/fsl_gpio.o
                0x00002508                GPIO_PinInit
 .text.GPIO_PortGetInterruptFlags
                0x0000256c       0x30 ./drivers/fsl_gpio.o
                0x0000256c                GPIO_PortGetInterruptFlags
 .text.GPIO_PortClearInterruptFlags
                0x0000259c       0x34 ./drivers/fsl_gpio.o
                0x0000259c                GPIO_PortClearInterruptFlags
 .text.PIT_GetInstance
                0x000025d0       0x44 ./drivers/fsl_pit.o
 .text.PIT_Init
                0x00002614       0x94 ./drivers/fsl_pit.o
                0x00002614                PIT_Init
 .text.UART0_DriverIRQHandler
                0x000026a8       0x28 ./drivers/fsl_uart.o
                0x000026a8                UART0_DriverIRQHandler
 .text.UART1_DriverIRQHandler
                0x000026d0       0x28 ./drivers/fsl_uart.o
                0x000026d0                UART1_DriverIRQHandler
 .text.UART2_DriverIRQHandler
                0x000026f8       0x28 ./drivers/fsl_uart.o
                0x000026f8                UART2_DriverIRQHandler
 .text.UART3_DriverIRQHandler
                0x00002720       0x28 ./drivers/fsl_uart.o
                0x00002720                UART3_DriverIRQHandler
 .text.UART4_DriverIRQHandler
                0x00002748       0x28 ./drivers/fsl_uart.o
                0x00002748                UART4_DriverIRQHandler
 .text.UART5_DriverIRQHandler
                0x00002770       0x28 ./drivers/fsl_uart.o
                0x00002770                UART5_DriverIRQHandler
 .text.SystemInit
                0x00002798       0x3c ./device/system_MK64F12.o
                0x00002798                SystemInit
 .text.CLOCK_SetSimSafeDivs
                0x000027d4       0x20 ./board/clock_config.o
 .text.CLOCK_SetXtal0Freq
                0x000027f4       0x20 ./board/clock_config.o
 .text.CLOCK_CONFIG_SetFllExtRefDiv
                0x00002814       0x3c ./board/clock_config.o
 .text.BOARD_BootClockRUN
                0x00002850       0x60 ./board/clock_config.o
                0x00002850                BOARD_BootClockRUN
 .text.__NVIC_EnableIRQ
                0x000028b0       0x3c ./board/peripherals.o
 .text.PIT_SetTimerPeriod
                0x000028ec       0x38 ./board/peripherals.o
 .text.PIT_init
                0x00002924       0x3c ./board/peripherals.o
 .text.ADC0_init
                0x00002960       0x44 ./board/peripherals.o
 .text.DAC0_init
                0x000029a4       0x34 ./board/peripherals.o
 .text.BOARD_InitPins
                0x000029d8      0x16c ./board/pin_mux.o
                0x000029d8                BOARD_InitPins
 .text._initio  0x00002b44       0x78 c:/nxp/mcuxpressoide_11.4.0_6224/ide/plugins/com.nxp.mcuxpresso.tools.win32_11.4.0.202103011116/tools/bin/../lib/gcc/arm-none-eabi/10.2.1/../../../../arm-none-eabi/lib/thumb/v7e-m+fp/hard\libcr_c.a(initio.o)
                0x00002b44                _initio
 .text.modf     0x00002bbc       0x8c c:/nxp/mcuxpressoide_11.4.0_6224/ide/plugins/com.nxp.mcuxpresso.tools.win32_11.4.0.202103011116/tools/bin/../lib/gcc/arm-none-eabi/10.2.1/../../../../arm-none-eabi/lib/thumb/v7e-m+fp/hard\libcr_c.a(modf.o)
                0x00002bbc                modf
 .text.fflush   0x00002c48       0x3c c:/nxp/mcuxpressoide_11.4.0_6224/ide/plugins/com.nxp.mcuxpresso.tools.win32_11.4.0.202103011116/tools/bin/../lib/gcc/arm-none-eabi/10.2.1/../../../../arm-none-eabi/lib/thumb/v7e-m+fp/hard\libcr_c.a(fflush.o)
                0x00002c48                fflush
 .text.fseek    0x00002c84      0x100 c:/nxp/mcuxpressoide_11.4.0_6224/ide/plugins/com.nxp.mcuxpresso.tools.win32_11.4.0.202103011116/tools/bin/../lib/gcc/arm-none-eabi/10.2.1/../../../../arm-none-eabi/lib/thumb/v7e-m+fp/hard\libcr_c.a(fseek.o)
                0x00002c84                fseek
 .text.ftell    0x00002d84       0x44 c:/nxp/mcuxpressoide_11.4.0_6224/ide/plugins/com.nxp.mcuxpresso.tools.win32_11.4.0.202103011116/tools/bin/../lib/gcc/arm-none-eabi/10.2.1/../../../../arm-none-eabi/lib/thumb/v7e-m+fp/hard\libcr_c.a(ftell.o)
                0x00002d84                ftell
 .text._Cwritebuf
                0x00002dc8       0x6c c:/nxp/mcuxpressoide_11.4.0_6224/ide/plugins/com.nxp.mcuxpresso.tools.win32_11.4.0.202103011116/tools/bin/../lib/gcc/arm-none-eabi/10.2.1/../../../../arm-none-eabi/lib/thumb/v7e-m+fp/hard\libcr_c.a(_writebuf.o)
                0x00002dc8                _Cwritebuf
 .text.__aeabi_dmul
                0x00002e34       0xfc c:/nxp/mcuxpressoide_11.4.0_6224/ide/plugins/com.nxp.mcuxpresso.tools.win32_11.4.0.202103011116/tools/bin/../lib/gcc/arm-none-eabi/10.2.1/thumb/v7e-m+fp/hard\libcr_eabihelpers.a(double.o)
                0x00002e34                __aeabi_dmul
 .text.__aeabi_ddiv
                0x00002f30      0x138 c:/nxp/mcuxpressoide_11.4.0_6224/ide/plugins/com.nxp.mcuxpresso.tools.win32_11.4.0.202103011116/tools/bin/../lib/gcc/arm-none-eabi/10.2.1/thumb/v7e-m+fp/hard\libcr_eabihelpers.a(double.o)
                0x00002f30                __aeabi_ddiv
 .text.__aeabi_dsub
                0x00003068      0x1ac c:/nxp/mcuxpressoide_11.4.0_6224/ide/plugins/com.nxp.mcuxpresso.tools.win32_11.4.0.202103011116/tools/bin/../lib/gcc/arm-none-eabi/10.2.1/thumb/v7e-m+fp/hard\libcr_eabihelpers.a(double.o)
                0x00003068                __aeabi_dsub
 .text.__aeabi_dadd
                0x00003214      0x114 c:/nxp/mcuxpressoide_11.4.0_6224/ide/plugins/com.nxp.mcuxpresso.tools.win32_11.4.0.202103011116/tools/bin/../lib/gcc/arm-none-eabi/10.2.1/thumb/v7e-m+fp/hard\libcr_eabihelpers.a(double.o)
                0x00003214                __aeabi_dadd
 .text.DbgConsole_PrintfPaddingCharacter
                0x00003328       0x40 ./utilities/fsl_debug_console.o
 .text.DbgConsole_ConvertRadixNumToString
                0x00003368      0x214 ./utilities/fsl_debug_console.o
 .text.DMA0_IRQHandler
                0x0000357c        0x8 ./startup/startup_mk64f12.o
                0x0000357c                DMA0_IRQHandler
 .text.DMA1_IRQHandler
                0x00003584        0x8 ./startup/startup_mk64f12.o
                0x00003584                DMA1_IRQHandler
 .text.DMA2_IRQHandler
                0x0000358c        0x8 ./startup/startup_mk64f12.o
                0x0000358c                DMA2_IRQHandler
 .text.DMA3_IRQHandler
                0x00003594        0x8 ./startup/startup_mk64f12.o
                0x00003594                DMA3_IRQHandler
 .text.DMA4_IRQHandler
                0x0000359c        0x8 ./startup/startup_mk64f12.o
                0x0000359c                DMA4_IRQHandler
 .text.DMA5_IRQHandler
                0x000035a4        0x8 ./startup/startup_mk64f12.o
                0x000035a4                DMA5_IRQHandler
 .text.DMA6_IRQHandler
                0x000035ac        0x8 ./startup/startup_mk64f12.o
                0x000035ac                DMA6_IRQHandler
 .text.DMA7_IRQHandler
                0x000035b4        0x8 ./startup/startup_mk64f12.o
                0x000035b4                DMA7_IRQHandler
 .text.DMA8_IRQHandler
                0x000035bc        0x8 ./startup/startup_mk64f12.o
                0x000035bc                DMA8_IRQHandler
 .text.DMA9_IRQHandler
                0x000035c4        0x8 ./startup/startup_mk64f12.o
                0x000035c4                DMA9_IRQHandler
 .text.DMA10_IRQHandler
                0x000035cc        0x8 ./startup/startup_mk64f12.o
                0x000035cc                DMA10_IRQHandler
 .text.DMA11_IRQHandler
                0x000035d4        0x8 ./startup/startup_mk64f12.o
                0x000035d4                DMA11_IRQHandler
 .text.DMA12_IRQHandler
                0x000035dc        0x8 ./startup/startup_mk64f12.o
                0x000035dc                DMA12_IRQHandler
 .text.DMA13_IRQHandler
                0x000035e4        0x8 ./startup/startup_mk64f12.o
                0x000035e4                DMA13_IRQHandler
 .text.DMA14_IRQHandler
                0x000035ec        0x8 ./startup/startup_mk64f12.o
                0x000035ec                DMA14_IRQHandler
 .text.DMA15_IRQHandler
                0x000035f4        0x8 ./startup/startup_mk64f12.o
                0x000035f4                DMA15_IRQHandler
 .text.DMA_Error_IRQHandler
                0x000035fc        0x8 ./startup/startup_mk64f12.o
                0x000035fc                DMA_Error_IRQHandler
 .text.MCM_IRQHandler
                0x00003604        0x8 ./startup/startup_mk64f12.o
                0x00003604                MCM_IRQHandler
 .text.FTFE_IRQHandler
                0x0000360c        0x8 ./startup/startup_mk64f12.o
                0x0000360c                FTFE_IRQHandler
 .text.Read_Collision_IRQHandler
                0x00003614        0x8 ./startup/startup_mk64f12.o
                0x00003614                Read_Collision_IRQHandler
 .text.LVD_LVW_IRQHandler
                0x0000361c        0x8 ./startup/startup_mk64f12.o
                0x0000361c                LVD_LVW_IRQHandler
 .text.LLWU_IRQHandler
                0x00003624        0x8 ./startup/startup_mk64f12.o
                0x00003624                LLWU_IRQHandler
 .text.WDOG_EWM_IRQHandler
                0x0000362c        0x8 ./startup/startup_mk64f12.o
                0x0000362c                WDOG_EWM_IRQHandler
 .text.RNG_IRQHandler
                0x00003634        0x8 ./startup/startup_mk64f12.o
                0x00003634                RNG_IRQHandler
 .text.I2C0_IRQHandler
                0x0000363c        0x8 ./startup/startup_mk64f12.o
                0x0000363c                I2C0_IRQHandler
 .text.I2C1_IRQHandler
                0x00003644        0x8 ./startup/startup_mk64f12.o
                0x00003644                I2C1_IRQHandler
 .text.SPI0_IRQHandler
                0x0000364c        0x8 ./startup/startup_mk64f12.o
                0x0000364c                SPI0_IRQHandler
 .text.SPI1_IRQHandler
                0x00003654        0x8 ./startup/startup_mk64f12.o
                0x00003654                SPI1_IRQHandler
 .text.I2S0_Tx_IRQHandler
                0x0000365c        0x8 ./startup/startup_mk64f12.o
                0x0000365c                I2S0_Tx_IRQHandler
 .text.I2S0_Rx_IRQHandler
                0x00003664        0x8 ./startup/startup_mk64f12.o
                0x00003664                I2S0_Rx_IRQHandler
 .text.UART0_LON_IRQHandler
                0x0000366c        0x8 ./startup/startup_mk64f12.o
                0x0000366c                UART0_LON_IRQHandler
 .text.UART0_RX_TX_IRQHandler
                0x00003674        0x8 ./startup/startup_mk64f12.o
                0x00003674                UART0_RX_TX_IRQHandler
 .text.UART0_ERR_IRQHandler
                0x0000367c        0x8 ./startup/startup_mk64f12.o
                0x0000367c                UART0_ERR_IRQHandler
 .text.UART1_RX_TX_IRQHandler
                0x00003684        0x8 ./startup/startup_mk64f12.o
                0x00003684                UART1_RX_TX_IRQHandler
 .text.UART1_ERR_IRQHandler
                0x0000368c        0x8 ./startup/startup_mk64f12.o
                0x0000368c                UART1_ERR_IRQHandler
 .text.UART2_RX_TX_IRQHandler
                0x00003694        0x8 ./startup/startup_mk64f12.o
                0x00003694                UART2_RX_TX_IRQHandler
 .text.UART2_ERR_IRQHandler
                0x0000369c        0x8 ./startup/startup_mk64f12.o
                0x0000369c                UART2_ERR_IRQHandler
 .text.UART3_RX_TX_IRQHandler
                0x000036a4        0x8 ./startup/startup_mk64f12.o
                0x000036a4                UART3_RX_TX_IRQHandler
 .text.UART3_ERR_IRQHandler
                0x000036ac        0x8 ./startup/startup_mk64f12.o
                0x000036ac                UART3_ERR_IRQHandler
 .text.CMP0_IRQHandler
                0x000036b4        0x8 ./startup/startup_mk64f12.o
                0x000036b4                CMP0_IRQHandler
 .text.CMP1_IRQHandler
                0x000036bc        0x8 ./startup/startup_mk64f12.o
                0x000036bc                CMP1_IRQHandler
 .text.FTM0_IRQHandler
                0x000036c4        0x8 ./startup/startup_mk64f12.o
                0x000036c4                FTM0_IRQHandler
 .text.FTM1_IRQHandler
                0x000036cc        0x8 ./startup/startup_mk64f12.o
                0x000036cc                FTM1_IRQHandler
 .text.FTM2_IRQHandler
                0x000036d4        0x8 ./startup/startup_mk64f12.o
                0x000036d4                FTM2_IRQHandler
 .text.CMT_IRQHandler
                0x000036dc        0x8 ./startup/startup_mk64f12.o
                0x000036dc                CMT_IRQHandler
 .text.RTC_IRQHandler
                0x000036e4        0x8 ./startup/startup_mk64f12.o
                0x000036e4                RTC_IRQHandler
 .text.RTC_Seconds_IRQHandler
                0x000036ec        0x8 ./startup/startup_mk64f12.o
                0x000036ec                RTC_Seconds_IRQHandler
 .text.PIT1_IRQHandler
                0x000036f4        0x8 ./startup/startup_mk64f12.o
                0x000036f4                PIT1_IRQHandler
 .text.PIT2_IRQHandler
                0x000036fc        0x8 ./startup/startup_mk64f12.o
                0x000036fc                PIT2_IRQHandler
 .text.PIT3_IRQHandler
                0x00003704        0x8 ./startup/startup_mk64f12.o
                0x00003704                PIT3_IRQHandler
 .text.PDB0_IRQHandler
                0x0000370c        0x8 ./startup/startup_mk64f12.o
                0x0000370c                PDB0_IRQHandler
 .text.USB0_IRQHandler
                0x00003714        0x8 ./startup/startup_mk64f12.o
                0x00003714                USB0_IRQHandler
 .text.USBDCD_IRQHandler
                0x0000371c        0x8 ./startup/startup_mk64f12.o
                0x0000371c                USBDCD_IRQHandler
 .text.Reserved71_IRQHandler
                0x00003724        0x8 ./startup/startup_mk64f12.o
                0x00003724                Reserved71_IRQHandler
 .text.DAC0_IRQHandler
                0x0000372c        0x8 ./startup/startup_mk64f12.o
                0x0000372c                DAC0_IRQHandler
 .text.MCG_IRQHandler
                0x00003734        0x8 ./startup/startup_mk64f12.o
                0x00003734                MCG_IRQHandler
 .text.LPTMR0_IRQHandler
                0x0000373c        0x8 ./startup/startup_mk64f12.o
                0x0000373c                LPTMR0_IRQHandler
 .text.PORTB_IRQHandler
                0x00003744        0x8 ./startup/startup_mk64f12.o
                0x00003744                PORTB_IRQHandler
 .text.PORTD_IRQHandler
                0x0000374c        0x8 ./startup/startup_mk64f12.o
                0x0000374c                PORTD_IRQHandler
 .text.PORTE_IRQHandler
                0x00003754        0x8 ./startup/startup_mk64f12.o
                0x00003754                PORTE_IRQHandler
 .text.SWI_IRQHandler
                0x0000375c        0x8 ./startup/startup_mk64f12.o
                0x0000375c                SWI_IRQHandler
 .text.SPI2_IRQHandler
                0x00003764        0x8 ./startup/startup_mk64f12.o
                0x00003764                SPI2_IRQHandler
 .text.UART4_RX_TX_IRQHandler
                0x0000376c        0x8 ./startup/startup_mk64f12.o
                0x0000376c                UART4_RX_TX_IRQHandler
 .text.UART4_ERR_IRQHandler
                0x00003774        0x8 ./startup/startup_mk64f12.o
                0x00003774                UART4_ERR_IRQHandler
 .text.UART5_RX_TX_IRQHandler
                0x0000377c        0x8 ./startup/startup_mk64f12.o
                0x0000377c                UART5_RX_TX_IRQHandler
 .text.UART5_ERR_IRQHandler
                0x00003784        0x8 ./startup/startup_mk64f12.o
                0x00003784                UART5_ERR_IRQHandler
 .text.CMP2_IRQHandler
                0x0000378c        0x8 ./startup/startup_mk64f12.o
                0x0000378c                CMP2_IRQHandler
 .text.FTM3_IRQHandler
                0x00003794        0x8 ./startup/startup_mk64f12.o
                0x00003794                FTM3_IRQHandler
 .text.DAC1_IRQHandler
                0x0000379c        0x8 ./startup/startup_mk64f12.o
                0x0000379c                DAC1_IRQHandler
 .text.ADC1_IRQHandler
                0x000037a4        0x8 ./startup/startup_mk64f12.o
                0x000037a4                ADC1_IRQHandler
 .text.I2C2_IRQHandler
                0x000037ac        0x8 ./startup/startup_mk64f12.o
                0x000037ac                I2C2_IRQHandler
 .text.CAN0_ORed_Message_buffer_IRQHandler
                0x000037b4        0x8 ./startup/startup_mk64f12.o
                0x000037b4                CAN0_ORed_Message_buffer_IRQHandler
 .text.CAN0_Bus_Off_IRQHandler
                0x000037bc        0x8 ./startup/startup_mk64f12.o
                0x000037bc                CAN0_Bus_Off_IRQHandler
 .text.CAN0_Error_IRQHandler
                0x000037c4        0x8 ./startup/startup_mk64f12.o
                0x000037c4                CAN0_Error_IRQHandler
 .text.CAN0_Tx_Warning_IRQHandler
                0x000037cc        0x8 ./startup/startup_mk64f12.o
                0x000037cc                CAN0_Tx_Warning_IRQHandler
 .text.CAN0_Rx_Warning_IRQHandler
                0x000037d4        0x8 ./startup/startup_mk64f12.o
                0x000037d4                CAN0_Rx_Warning_IRQHandler
 .text.CAN0_Wake_Up_IRQHandler
                0x000037dc        0x8 ./startup/startup_mk64f12.o
                0x000037dc                CAN0_Wake_Up_IRQHandler
 .text.SDHC_IRQHandler
                0x000037e4        0x8 ./startup/startup_mk64f12.o
                0x000037e4                SDHC_IRQHandler
 .text.ENET_1588_Timer_IRQHandler
                0x000037ec        0x8 ./startup/startup_mk64f12.o
                0x000037ec                ENET_1588_Timer_IRQHandler
 .text.ENET_Transmit_IRQHandler
                0x000037f4        0x8 ./startup/startup_mk64f12.o
                0x000037f4                ENET_Transmit_IRQHandler
 .text.ENET_Receive_IRQHandler
                0x000037fc        0x8 ./startup/startup_mk64f12.o
                0x000037fc                ENET_Receive_IRQHandler
 .text.ENET_Error_IRQHandler
                0x00003804        0x8 ./startup/startup_mk64f12.o
                0x00003804                ENET_Error_IRQHandler
 .text.GPIO_PortSet
                0x0000380c       0x1c ./source/TP2.o
 .text.GPIO_PortClear
                0x00003828       0x1c ./source/TP2.o
 .text.GPIO_PortToggle
                0x00003844       0x1c ./source/TP2.o
 .text.PIT_GetStatusFlags
                0x00003860       0x2a ./source/TP2.o
 .text.PIT_ClearStatusFlags
                0x0000388a       0x2a ./source/TP2.o
 .text.HardFault_Handler
                0x000038b4       0x2c ./source/semihost_hardfault.o
                0x000038b4                HardFault_Handler
 .text.CLOCK_EnableClock
                0x000038e0       0x34 ./drivers/fsl_adc16.o
 .text.ADC16_DoAutoCalibration
                0x00003914      0x130 ./drivers/fsl_adc16.o
                0x00003914                ADC16_DoAutoCalibration
 .text.ADC16_SetChannelMuxMode
                0x00003a44       0x38 ./drivers/fsl_adc16.o
                0x00003a44                ADC16_SetChannelMuxMode
 .text.ADC16_SetHardwareAverage
                0x00003a7c       0x3e ./drivers/fsl_adc16.o
                0x00003a7c                ADC16_SetHardwareAverage
 .text.ADC16_GetStatusFlags
                0x00003aba       0x42 ./drivers/fsl_adc16.o
                0x00003aba                ADC16_GetStatusFlags
 .text.OSC_SetExtRefClkConfig
                0x00003afc       0x34 ./drivers/fsl_clock.o
 .text.OSC_SetCapLoad
                0x00003b30       0x34 ./drivers/fsl_clock.o
 .text.CLOCK_EnableClock
                0x00003b64       0x34 ./drivers/fsl_dac.o
 .text.GPIO_PinWrite
                0x00003b98       0x36 ./drivers/fsl_gpio.o
 .text.CLOCK_EnableClock
                0x00003bce       0x34 ./drivers/fsl_pit.o
 .text.UART0_RX_TX_DriverIRQHandler
                0x00003c02       0x12 ./drivers/fsl_uart.o
                0x00003c02                UART0_RX_TX_DriverIRQHandler
 .text.UART1_RX_TX_DriverIRQHandler
                0x00003c14       0x12 ./drivers/fsl_uart.o
                0x00003c14                UART1_RX_TX_DriverIRQHandler
 .text.UART2_RX_TX_DriverIRQHandler
                0x00003c26       0x12 ./drivers/fsl_uart.o
                0x00003c26                UART2_RX_TX_DriverIRQHandler
 .text.UART3_RX_TX_DriverIRQHandler
                0x00003c38       0x12 ./drivers/fsl_uart.o
                0x00003c38                UART3_RX_TX_DriverIRQHandler
 .text.UART4_RX_TX_DriverIRQHandler
                0x00003c4a       0x12 ./drivers/fsl_uart.o
                0x00003c4a                UART4_RX_TX_DriverIRQHandler
 .text.UART5_RX_TX_DriverIRQHandler
                0x00003c5c       0x12 ./drivers/fsl_uart.o
                0x00003c5c                UART5_RX_TX_DriverIRQHandler
 .text.SystemInitHook
                0x00003c6e        0xe ./device/system_MK64F12.o
                0x00003c6e                SystemInitHook
 .text.BOARD_InitBootClocks
                0x00003c7c        0xc ./board/clock_config.o
                0x00003c7c                BOARD_InitBootClocks
 .text.EnableIRQ
                0x00003c88       0x32 ./board/peripherals.o
 .text.PIT_EnableInterrupts
                0x00003cba       0x3a ./board/peripherals.o
 .text.PIT_StartTimer
                0x00003cf4       0x38 ./board/peripherals.o
 .text.ADC16_EnableHardwareTrigger
                0x00003d2c       0x38 ./board/peripherals.o
 .text.DAC_Enable
                0x00003d64       0x48 ./board/peripherals.o
 .text.GPIOA_init
                0x00003dac        0xe ./board/peripherals.o
 .text.GPIOC_init
                0x00003dba        0xe ./board/peripherals.o
 .text.BOARD_InitPeripherals
                0x00003dc8       0x1c ./board/peripherals.o
                0x00003dc8                BOARD_InitPeripherals
 .text.BOARD_InitBootPeripherals
                0x00003de4        0xc ./board/peripherals.o
                0x00003de4                BOARD_InitBootPeripherals
 .text.CLOCK_EnableClock
                0x00003df0       0x34 ./board/pin_mux.o
 .text.PORT_SetPinMux
                0x00003e24       0x3a ./board/pin_mux.o
 .text.PORT_SetPinInterruptConfig
                0x00003e5e       0x3a ./board/pin_mux.o
 .text.BOARD_InitBootPins
                0x00003e98        0xc ./board/pin_mux.o
                0x00003e98                BOARD_InitBootPins
 .text.arm_fir_init_q15
                0x00003ea4       0x54 ./CMSIS/DSP/Source/FilteringFunctions/FilteringFunctions.o
                0x00003ea4                arm_fir_init_q15
 .text.arm_fir_q15
                0x00003ef8      0x152 ./CMSIS/DSP/Source/FilteringFunctions/FilteringFunctions.o
                0x00003ef8                arm_fir_q15
 .text.__main   0x0000404a        0xe c:/nxp/mcuxpressoide_11.4.0_6224/ide/plugins/com.nxp.mcuxpresso.tools.win32_11.4.0.202103011116/tools/bin/../lib/gcc/arm-none-eabi/10.2.1/../../../../arm-none-eabi/lib/thumb/v7e-m+fp/hard\libcr_nohost_nf.a(_cr__main.o)
                0x0000404a                __main
 .text.memset   0x00004058        0x4 c:/nxp/mcuxpressoide_11.4.0_6224/ide/plugins/com.nxp.mcuxpresso.tools.win32_11.4.0.202103011116/tools/bin/../lib/gcc/arm-none-eabi/10.2.1/../../../../arm-none-eabi/lib/thumb/v7e-m+fp/hard\libcr_c.a(memset.o)
                0x00004058                memset
 .text.free     0x0000405c       0x30 c:/nxp/mcuxpressoide_11.4.0_6224/ide/plugins/com.nxp.mcuxpresso.tools.win32_11.4.0.202103011116/tools/bin/../lib/gcc/arm-none-eabi/10.2.1/../../../../arm-none-eabi/lib/thumb/v7e-m+fp/hard\libcr_c.a(alloc.o)
                0x0000405c                free
 .text.setvbuf  0x0000408c       0x3e c:/nxp/mcuxpressoide_11.4.0_6224/ide/plugins/com.nxp.mcuxpresso.tools.win32_11.4.0.202103011116/tools/bin/../lib/gcc/arm-none-eabi/10.2.1/../../../../arm-none-eabi/lib/thumb/v7e-m+fp/hard\libcr_c.a(setvbuf.o)
                0x0000408c                setvbuf
 .text.strlen   0x000040ca       0x48 c:/nxp/mcuxpressoide_11.4.0_6224/ide/plugins/com.nxp.mcuxpresso.tools.win32_11.4.0.202103011116/tools/bin/../lib/gcc/arm-none-eabi/10.2.1/../../../../arm-none-eabi/lib/thumb/v7e-m+fp/hard\libcr_c.a(strlen.o)
                0x000040ca                strlen
 .text._fdopen  0x00004112       0x68 c:/nxp/mcuxpressoide_11.4.0_6224/ide/plugins/com.nxp.mcuxpresso.tools.win32_11.4.0.202103011116/tools/bin/../lib/gcc/arm-none-eabi/10.2.1/../../../../arm-none-eabi/lib/thumb/v7e-m+fp/hard\libcr_c.a(_fdopen.o)
                0x00004112                _fdopen
 .text.fclose   0x0000417a       0x58 c:/nxp/mcuxpressoide_11.4.0_6224/ide/plugins/com.nxp.mcuxpresso.tools.win32_11.4.0.202103011116/tools/bin/../lib/gcc/arm-none-eabi/10.2.1/../../../../arm-none-eabi/lib/thumb/v7e-m+fp/hard\libcr_c.a(fclose.o)
                0x0000417a                fclose
 .text.remove   0x000041d2       0x14 c:/nxp/mcuxpressoide_11.4.0_6224/ide/plugins/com.nxp.mcuxpresso.tools.win32_11.4.0.202103011116/tools/bin/../lib/gcc/arm-none-eabi/10.2.1/../../../../arm-none-eabi/lib/thumb/v7e-m+fp/hard\libcr_c.a(remove.o)
                0x000041d2                remove
 .text._do_fflush
                0x000041e6       0x40 c:/nxp/mcuxpressoide_11.4.0_6224/ide/plugins/com.nxp.mcuxpresso.tools.win32_11.4.0.202103011116/tools/bin/../lib/gcc/arm-none-eabi/10.2.1/../../../../arm-none-eabi/lib/thumb/v7e-m+fp/hard\libcr_c.a(_do_fflush.o)
                0x000041e6                _do_fflush
 .text._fflush  0x00004226       0x52 c:/nxp/mcuxpressoide_11.4.0_6224/ide/plugins/com.nxp.mcuxpresso.tools.win32_11.4.0.202103011116/tools/bin/../lib/gcc/arm-none-eabi/10.2.1/../../../../arm-none-eabi/lib/thumb/v7e-m+fp/hard\libcr_c.a(_fflush.o)
                0x00004226                _fflush
 .text._deferredlazyseek
                0x00004278       0x40 c:/nxp/mcuxpressoide_11.4.0_6224/ide/plugins/com.nxp.mcuxpresso.tools.win32_11.4.0.202103011116/tools/bin/../lib/gcc/arm-none-eabi/10.2.1/../../../../arm-none-eabi/lib/thumb/v7e-m+fp/hard\libcr_c.a(_deferredlazyseek.o)
                0x00004278                _deferredlazyseek
 .text.__aeabi_division_ldivmod
                0x000042b8       0x26 c:/nxp/mcuxpressoide_11.4.0_6224/ide/plugins/com.nxp.mcuxpresso.tools.win32_11.4.0.202103011116/tools/bin/../lib/gcc/arm-none-eabi/10.2.1/thumb/v7e-m+fp/hard\libcr_eabihelpers.a(division_64.o)
                0x000042b8                __aeabi_ldivmod
 .text.__aeabi_division_uldivmod
                0x000042de      0x174 c:/nxp/mcuxpressoide_11.4.0_6224/ide/plugins/com.nxp.mcuxpresso.tools.win32_11.4.0.202103011116/tools/bin/../lib/gcc/arm-none-eabi/10.2.1/thumb/v7e-m+fp/hard\libcr_eabihelpers.a(division_64.o)
                0x000042de                __aeabi_uldivmod
                0x000042e2                __bhs_ldivmod1
 .text.__aeabi_division_idiv0
                0x00004452        0x2 c:/nxp/mcuxpressoide_11.4.0_6224/ide/plugins/com.nxp.mcuxpresso.tools.win32_11.4.0.202103011116/tools/bin/../lib/gcc/arm-none-eabi/10.2.1/thumb/v7e-m+fp/hard\libcr_eabihelpers.a(division_idiv0.o)
                0x00004452                __aeabi_idiv0
 .text.__aeabi_d2iz
                0x00004454       0x40 c:/nxp/mcuxpressoide_11.4.0_6224/ide/plugins/com.nxp.mcuxpresso.tools.win32_11.4.0.202103011116/tools/bin/../lib/gcc/arm-none-eabi/10.2.1/thumb/v7e-m+fp/hard\libcr_eabihelpers.a(double.o)
                0x00004454                __aeabi_d2iz
 .text.__aeabi_d2lz
                0x00004494       0x74 c:/nxp/mcuxpressoide_11.4.0_6224/ide/plugins/com.nxp.mcuxpresso.tools.win32_11.4.0.202103011116/tools/bin/../lib/gcc/arm-none-eabi/10.2.1/thumb/v7e-m+fp/hard\libcr_eabihelpers.a(double.o)
                0x00004494                __aeabi_d2lz
 .text.__bhs_ui2d
                0x00004508       0x46 c:/nxp/mcuxpressoide_11.4.0_6224/ide/plugins/com.nxp.mcuxpresso.tools.win32_11.4.0.202103011116/tools/bin/../lib/gcc/arm-none-eabi/10.2.1/thumb/v7e-m+fp/hard\libcr_eabihelpers.a(double.o)
                0x00004508                __bhs_ui2d
 .text.__bhs_ul2d
                0x0000454e       0x8a c:/nxp/mcuxpressoide_11.4.0_6224/ide/plugins/com.nxp.mcuxpresso.tools.win32_11.4.0.202103011116/tools/bin/../lib/gcc/arm-none-eabi/10.2.1/thumb/v7e-m+fp/hard\libcr_eabihelpers.a(double.o)
                0x0000454e                __bhs_ul2d
 .text.__aeabi_i2d
                0x000045d8       0x12 c:/nxp/mcuxpressoide_11.4.0_6224/ide/plugins/com.nxp.mcuxpresso.tools.win32_11.4.0.202103011116/tools/bin/../lib/gcc/arm-none-eabi/10.2.1/thumb/v7e-m+fp/hard\libcr_eabihelpers.a(double.o)
                0x000045d8                __aeabi_i2d
 .text.__aeabi_ui2d
                0x000045ea        0x8 c:/nxp/mcuxpressoide_11.4.0_6224/ide/plugins/com.nxp.mcuxpresso.tools.win32_11.4.0.202103011116/tools/bin/../lib/gcc/arm-none-eabi/10.2.1/thumb/v7e-m+fp/hard\libcr_eabihelpers.a(double.o)
                0x000045ea                __aeabi_ui2d
 .text.__aeabi_l2d
                0x000045f2       0x1c c:/nxp/mcuxpressoide_11.4.0_6224/ide/plugins/com.nxp.mcuxpresso.tools.win32_11.4.0.202103011116/tools/bin/../lib/gcc/arm-none-eabi/10.2.1/thumb/v7e-m+fp/hard\libcr_eabihelpers.a(double.o)
                0x000045f2                __aeabi_l2d
 .text.__aeabi_dcmpeq
                0x0000460e       0x30 c:/nxp/mcuxpressoide_11.4.0_6224/ide/plugins/com.nxp.mcuxpresso.tools.win32_11.4.0.202103011116/tools/bin/../lib/gcc/arm-none-eabi/10.2.1/thumb/v7e-m+fp/hard\libcr_eabihelpers.a(double.o)
                0x0000460e                __aeabi_dcmpeq
 .text.__aeabi_dcmplt
                0x0000463e       0x56 c:/nxp/mcuxpressoide_11.4.0_6224/ide/plugins/com.nxp.mcuxpresso.tools.win32_11.4.0.202103011116/tools/bin/../lib/gcc/arm-none-eabi/10.2.1/thumb/v7e-m+fp/hard\libcr_eabihelpers.a(double.o)
                0x0000463e                __aeabi_dcmplt
 .text.__aeabi_dcmpgt
                0x00004694       0x56 c:/nxp/mcuxpressoide_11.4.0_6224/ide/plugins/com.nxp.mcuxpresso.tools.win32_11.4.0.202103011116/tools/bin/../lib/gcc/arm-none-eabi/10.2.1/thumb/v7e-m+fp/hard\libcr_eabihelpers.a(double.o)
                0x00004694                __aeabi_dcmpgt
 .text.__aeabi_dcmple
                0x000046ea       0x56 c:/nxp/mcuxpressoide_11.4.0_6224/ide/plugins/com.nxp.mcuxpresso.tools.win32_11.4.0.202103011116/tools/bin/../lib/gcc/arm-none-eabi/10.2.1/thumb/v7e-m+fp/hard\libcr_eabihelpers.a(double.o)
                0x000046ea                __aeabi_dcmple
 .text.__aeabi_dcmpge
                0x00004740       0x56 c:/nxp/mcuxpressoide_11.4.0_6224/ide/plugins/com.nxp.mcuxpresso.tools.win32_11.4.0.202103011116/tools/bin/../lib/gcc/arm-none-eabi/10.2.1/thumb/v7e-m+fp/hard\libcr_eabihelpers.a(double.o)
                0x00004740                __aeabi_dcmpge
 .text.__aeabi_memset_lowlevel
                0x00004796       0x32 c:/nxp/mcuxpressoide_11.4.0_6224/ide/plugins/com.nxp.mcuxpresso.tools.win32_11.4.0.202103011116/tools/bin/../lib/gcc/arm-none-eabi/10.2.1/thumb/v7e-m+fp/hard\libcr_eabihelpers.a(memcpy.o)
                0x00004796                __aeabi_lowlevel_memset
 .text.__sys_close
                0x000047c8        0x6 c:/nxp/mcuxpressoide_11.4.0_6224/ide/plugins/com.nxp.mcuxpresso.tools.win32_11.4.0.202103011116/tools/bin/../lib/gcc/arm-none-eabi/10.2.1/../../../../arm-none-eabi/lib/thumb/v7e-m+fp/hard\libcr_nohost_nf.a(__sys_close.o)
                0x000047c8                __sys_close
 .text.__sys_flen
                0x000047ce        0x6 c:/nxp/mcuxpressoide_11.4.0_6224/ide/plugins/com.nxp.mcuxpresso.tools.win32_11.4.0.202103011116/tools/bin/../lib/gcc/arm-none-eabi/10.2.1/../../../../arm-none-eabi/lib/thumb/v7e-m+fp/hard\libcr_nohost_nf.a(__sys_flen.o)
                0x000047ce                __sys_flen
 .text.__sys_istty
                0x000047d4        0x6 c:/nxp/mcuxpressoide_11.4.0_6224/ide/plugins/com.nxp.mcuxpresso.tools.win32_11.4.0.202103011116/tools/bin/../lib/gcc/arm-none-eabi/10.2.1/../../../../arm-none-eabi/lib/thumb/v7e-m+fp/hard\libcr_nohost_nf.a(__sys_istty.o)
                0x000047d4                __sys_istty
 .text.__sys_remove
                0x000047da        0x6 c:/nxp/mcuxpressoide_11.4.0_6224/ide/plugins/com.nxp.mcuxpresso.tools.win32_11.4.0.202103011116/tools/bin/../lib/gcc/arm-none-eabi/10.2.1/../../../../arm-none-eabi/lib/thumb/v7e-m+fp/hard\libcr_nohost_nf.a(__sys_remove.o)
                0x000047da                __sys_remove
 .text.__sys_seek
                0x000047e0        0x6 c:/nxp/mcuxpressoide_11.4.0_6224/ide/plugins/com.nxp.mcuxpresso.tools.win32_11.4.0.202103011116/tools/bin/../lib/gcc/arm-none-eabi/10.2.1/../../../../arm-none-eabi/lib/thumb/v7e-m+fp/hard\libcr_nohost_nf.a(__sys_seek.o)
                0x000047e0                __sys_seek
 .text.__sys_tmpnam
                0x000047e6        0x6 c:/nxp/mcuxpressoide_11.4.0_6224/ide/plugins/com.nxp.mcuxpresso.tools.win32_11.4.0.202103011116/tools/bin/../lib/gcc/arm-none-eabi/10.2.1/../../../../arm-none-eabi/lib/thumb/v7e-m+fp/hard\libcr_nohost_nf.a(__sys_tmpnam.o)
                0x000047e6                __sys_tmpnam
 .text.__sys_write
                0x000047ec        0x4 c:/nxp/mcuxpressoide_11.4.0_6224/ide/plugins/com.nxp.mcuxpresso.tools.win32_11.4.0.202103011116/tools/bin/../lib/gcc/arm-none-eabi/10.2.1/../../../../arm-none-eabi/lib/thumb/v7e-m+fp/hard\libcr_nohost_nf.a(__sys_write.o)
                0x000047ec                __sys_write
 *(SORT_BY_ALIGNMENT(.rodata) SORT_BY_ALIGNMENT(.rodata.*) SORT_BY_ALIGNMENT(.constdata) SORT_BY_ALIGNMENT(.constdata.*))
 .rodata.a1.1   0x000047f0       0x88 c:/nxp/mcuxpressoide_11.4.0_6224/ide/plugins/com.nxp.mcuxpresso.tools.win32_11.4.0.202103011116/tools/bin/../lib/gcc/arm-none-eabi/10.2.1/../../../../arm-none-eabi/lib/thumb/v7e-m+fp/hard\libcr_c.a(pow.o)
 .rodata.a2.0   0x00004878       0x40 c:/nxp/mcuxpressoide_11.4.0_6224/ide/plugins/com.nxp.mcuxpresso.tools.win32_11.4.0.202103011116/tools/bin/../lib/gcc/arm-none-eabi/10.2.1/../../../../arm-none-eabi/lib/thumb/v7e-m+fp/hard\libcr_c.a(pow.o)
 .rodata.__assertion_failed.str1.4
                0x000048b8       0x14 ./utilities/fsl_assert.o
 .rodata.PIT_SetTimerPeriod.str1.4
                0x000048cc       0x7e ./source/TP2.o
 *fill*         0x0000494a        0x2 ff
 .rodata.ADC16_GetChannelConversionValue.str1.4
                0x0000494c       0xb8 ./source/TP2.o
 .rodata.B_LP_8K
                0x00004a04       0x18 ./source/TP2.o
                0x00004a04                B_LP_8K
 .rodata.B_LP_16K
                0x00004a1c       0x18 ./source/TP2.o
                0x00004a1c                B_LP_16K
 .rodata.B_LP_22K
                0x00004a34       0x18 ./source/TP2.o
                0x00004a34                B_LP_22K
 .rodata.B_LP_44K
                0x00004a4c       0x18 ./source/TP2.o
                0x00004a4c                B_LP_44K
 .rodata.B_LP_48K
                0x00004a64       0x18 ./source/TP2.o
                0x00004a64                B_LP_48K
 .rodata.B_HP_8K
                0x00004a7c       0x20 ./source/TP2.o
                0x00004a7c                B_HP_8K
 .rodata.B_HP_16K
                0x00004a9c       0x20 ./source/TP2.o
                0x00004a9c                B_HP_16K
 .rodata.B_HP_22K
                0x00004abc       0x20 ./source/TP2.o
                0x00004abc                B_HP_22K
 .rodata.B_HP_44K
                0x00004adc       0x20 ./source/TP2.o
                0x00004adc                B_HP_44K
 .rodata.B_HP_48K
                0x00004afc       0x20 ./source/TP2.o
                0x00004afc                B_HP_48K
 .rodata.B_BP_8K
                0x00004b1c       0x28 ./source/TP2.o
                0x00004b1c                B_BP_8K
 .rodata.B_BP_16K
                0x00004b44       0x28 ./source/TP2.o
                0x00004b44                B_BP_16K
 .rodata.B_BP_22K
                0x00004b6c       0x28 ./source/TP2.o
                0x00004b6c                B_BP_22K
 .rodata.B_BP_44K
                0x00004b94       0x28 ./source/TP2.o
                0x00004b94                B_BP_44K
 .rodata.B_BP_48K
                0x00004bbc       0x28 ./source/TP2.o
                0x00004bbc                B_BP_48K
 .rodata.B_BR_8K
                0x00004be4       0x24 ./source/TP2.o
                0x00004be4                B_BR_8K
 .rodata.B_BR_16K
                0x00004c08       0x24 ./source/TP2.o
                0x00004c08                B_BR_16K
 .rodata.B_BR_22K
                0x00004c2c       0x24 ./source/TP2.o
                0x00004c2c                B_BR_22K
 .rodata.B_BR_44K
                0x00004c50       0x24 ./source/TP2.o
                0x00004c50                B_BR_44K
 .rodata.B_BR_48K
                0x00004c74       0x24 ./source/TP2.o
                0x00004c74                B_BR_48K
 .rodata.s_adc16Bases
                0x00004c98        0x8 ./drivers/fsl_adc16.o
 .rodata.s_adc16Clocks
                0x00004ca0        0x8 ./drivers/fsl_adc16.o
 .rodata.ADC16_GetInstance.str1.4
                0x00004ca8       0x36 ./drivers/fsl_adc16.o
 *fill*         0x00004cde        0x2 ff
 .rodata.ADC16_Init.str1.4
                0x00004ce0       0x21 ./drivers/fsl_adc16.o
 *fill*         0x00004d01        0x3 ff
 .rodata.ADC16_SetChannelConfig.str1.4
                0x00004d04       0x52 ./drivers/fsl_adc16.o
 *fill*         0x00004d56        0x2 ff
 .rodata.ADC16_GetChannelStatusFlags.str1.4
                0x00004d58       0x30 ./drivers/fsl_adc16.o
 .rodata.CLOCK_EnablePll0.str1.4
                0x00004d88       0x1b ./drivers/fsl_clock.o
 *fill*         0x00004da3        0x1 ff
 .rodata.CLOCK_SetPbeMode.str1.4
                0x00004da4       0x1b ./drivers/fsl_clock.o
 *fill*         0x00004dbf        0x1 ff
 .rodata.CLOCK_BootToPeeMode.str1.4
                0x00004dc0       0x1b ./drivers/fsl_clock.o
 *fill*         0x00004ddb        0x1 ff
 .rodata.s_dacBases
                0x00004ddc        0x8 ./drivers/fsl_dac.o
 .rodata.s_dacClocks
                0x00004de4        0x8 ./drivers/fsl_dac.o
 .rodata.DAC_GetInstance.str1.4
                0x00004dec       0x32 ./drivers/fsl_dac.o
 *fill*         0x00004e1e        0x2 ff
 .rodata.DAC_Init.str1.4
                0x00004e20       0x1f ./drivers/fsl_dac.o
 *fill*         0x00004e3f        0x1 ff
 .rodata.DAC_SetBufferValue.str1.4
                0x00004e40       0x28 ./drivers/fsl_dac.o
 .rodata.DAC_SetBufferReadPointer.str1.4
                0x00004e68       0x28 ./drivers/fsl_dac.o
 .rodata.s_portBases
                0x00004e90       0x14 ./drivers/fsl_gpio.o
 .rodata.s_gpioBases
                0x00004ea4       0x14 ./drivers/fsl_gpio.o
 .rodata.GPIO_GetInstance.str1.4
                0x00004eb8       0x34 ./drivers/fsl_gpio.o
 .rodata.GPIO_PinInit.str1.4
                0x00004eec       0x21 ./drivers/fsl_gpio.o
 *fill*         0x00004f0d        0x3 ff
 .rodata.PIT_GetInstance.str1.4
                0x00004f10       0x32 ./drivers/fsl_pit.o
 *fill*         0x00004f42        0x2 ff
 .rodata.PIT_Init.str1.4
                0x00004f44       0x1f ./drivers/fsl_pit.o
 *fill*         0x00004f63        0x1 ff
 .rodata.mcgConfig_BOARD_BootClockRUN
                0x00004f64        0xb ./board/clock_config.o
                0x00004f64                mcgConfig_BOARD_BootClockRUN
 *fill*         0x00004f6f        0x1 ff
 .rodata.simConfig_BOARD_BootClockRUN
                0x00004f70        0x8 ./board/clock_config.o
                0x00004f70                simConfig_BOARD_BootClockRUN
 .rodata.oscConfig_BOARD_BootClockRUN
                0x00004f78        0x8 ./board/clock_config.o
                0x00004f78                oscConfig_BOARD_BootClockRUN
 .rodata.PIT_SetTimerPeriod.str1.4
                0x00004f80       0x7e ./board/peripherals.o
 .rodata.PIT_config
                0x00004f80        0x1 ./board/peripherals.o
                0x00004f80                PIT_config
 *fill*         0x00004f81        0x3 ff
 .rodata.ADC0_config
                0x00004f84        0xa ./board/peripherals.o
                0x00004f84                ADC0_config
 *fill*         0x00004f8e        0x2 ff
 .rodata.DAC0_config
                0x00004f90        0x2 ./board/peripherals.o
                0x00004f90                DAC0_config
 *fill*         0x00004f92        0x2 ff
 .rodata.__num_Ciob_streams
                0x00004f94        0x4 c:/nxp/mcuxpressoide_11.4.0_6224/ide/plugins/com.nxp.mcuxpresso.tools.win32_11.4.0.202103011116/tools/bin/../lib/gcc/arm-none-eabi/10.2.1/../../../../arm-none-eabi/lib/thumb/v7e-m+fp/hard\libcr_nohost_nf.a(__ciob.o)
                0x00004f94                __num_Ciob_streams
 .rodata._initio.str1.1
                0x00004f98        0x4 c:/nxp/mcuxpressoide_11.4.0_6224/ide/plugins/com.nxp.mcuxpresso.tools.win32_11.4.0.202103011116/tools/bin/../lib/gcc/arm-none-eabi/10.2.1/../../../../arm-none-eabi/lib/thumb/v7e-m+fp/hard\libcr_c.a(initio.o)
                0x00004fa0                . = ALIGN (0x8)
 *fill*         0x00004f9c        0x4 ff

.glue_7         0x00004fa0        0x0
 .glue_7        0x00004fa0        0x0 linker stubs

.glue_7t        0x00004fa0        0x0
 .glue_7t       0x00004fa0        0x0 linker stubs

.vfp11_veneer   0x00004fa0        0x0
 .vfp11_veneer  0x00004fa0        0x0 linker stubs

.v4_bx          0x00004fa0        0x0
 .v4_bx         0x00004fa0        0x0 linker stubs

.iplt           0x00004fa0        0x0
 .iplt          0x00004fa0        0x0 ./utilities/fsl_assert.o

.rel.dyn        0x00004fa0        0x0
 .rel.iplt      0x00004fa0        0x0 ./utilities/fsl_assert.o

.ARM.extab
 *(SORT_BY_ALIGNMENT(.ARM.extab*) SORT_BY_ALIGNMENT(.gnu.linkonce.armextab.*))

.ARM.exidx      0x00004fa0        0x0
                0x00004fa0                __exidx_start = .
 *(SORT_BY_ALIGNMENT(.ARM.exidx*) SORT_BY_ALIGNMENT(.gnu.linkonce.armexidx.*))
                0x00004fa0                __exidx_end = .
                0x00004fa0                _etext = .

.m_usb_data
 *(SORT_BY_ALIGNMENT(m_usb_bdt))

.data_RAM2      0x1fff0000        0x0 load address 0x00004fa0
 FILL mask 0xff
                [!provide]                PROVIDE (__start_data_RAM2 = .)
                [!provide]                PROVIDE (__start_data_SRAM_LOWER = .)
 *(SORT_BY_ALIGNMENT(.ramfunc.$RAM2))
 *(SORT_BY_ALIGNMENT(.ramfunc.$SRAM_LOWER))
 *(SORT_BY_ALIGNMENT(.data.$RAM2))
 *(SORT_BY_ALIGNMENT(.data.$SRAM_LOWER))
 *(SORT_BY_ALIGNMENT(.data.$RAM2.*))
 *(SORT_BY_ALIGNMENT(.data.$SRAM_LOWER.*))
                0x1fff0000                . = ALIGN (0x8)
                [!provide]                PROVIDE (__end_data_RAM2 = .)
                [!provide]                PROVIDE (__end_data_SRAM_LOWER = .)

.data_RAM3      0x14000000        0x0 load address 0x00004fa0
 FILL mask 0xff
                [!provide]                PROVIDE (__start_data_RAM3 = .)
                [!provide]                PROVIDE (__start_data_FLEX_RAM = .)
 *(SORT_BY_ALIGNMENT(.ramfunc.$RAM3))
 *(SORT_BY_ALIGNMENT(.ramfunc.$FLEX_RAM))
 *(SORT_BY_ALIGNMENT(.data.$RAM3))
 *(SORT_BY_ALIGNMENT(.data.$FLEX_RAM))
 *(SORT_BY_ALIGNMENT(.data.$RAM3.*))
 *(SORT_BY_ALIGNMENT(.data.$FLEX_RAM.*))
                0x14000000                . = ALIGN (0x8)
                [!provide]                PROVIDE (__end_data_RAM3 = .)
                [!provide]                PROVIDE (__end_data_FLEX_RAM = .)

.uninit_RESERVED
                0x20000000        0x0
                0x20000000                _start_uninit_RESERVED = .
 *(SORT_BY_ALIGNMENT(.bss.$RESERVED*))
                0x20000000                . = ALIGN (0x8)
                0x20000000                _end_uninit_RESERVED = .

.data           0x20000000       0x10 load address 0x00004fa0
 FILL mask 0xff
                0x20000000                _data = .
                [!provide]                PROVIDE (__start_data_RAM = .)
                [!provide]                PROVIDE (__start_data_SRAM_UPPER = .)
 *(SORT_BY_ALIGNMENT(vtable))
 *(SORT_BY_ALIGNMENT(.ramfunc*))
 *(SORT_BY_ALIGNMENT(CodeQuickAccess))
 *(SORT_BY_ALIGNMENT(DataQuickAccess))
 *(SORT_BY_ALIGNMENT(RamFunction))
 *(SORT_BY_ALIGNMENT(.data*))
 .data.SystemCoreClock
                0x20000000        0x4 ./device/system_MK64F12.o
                0x20000000                SystemCoreClock
 .data.ADC0_channelsConfig
                0x20000004        0x8 ./board/peripherals.o
                0x20000004                ADC0_channelsConfig
 .data.filter_is_active
                0x2000000c        0x1 ./source/TP2.o
                0x2000000c                filter_is_active
                0x20000010                . = ALIGN (0x8)
 *fill*         0x2000000d        0x3 ff
                0x20000010                _edata = .
                [!provide]                PROVIDE (__end_data_RAM = .)
                [!provide]                PROVIDE (__end_data_SRAM_UPPER = .)

.igot.plt       0x20000010        0x0 load address 0x00004fb0
 .igot.plt      0x20000010        0x0 ./utilities/fsl_assert.o

.bss_RAM2       0x1fff0000        0x0
                [!provide]                PROVIDE (__start_bss_RAM2 = .)
                [!provide]                PROVIDE (__start_bss_SRAM_LOWER = .)
 *(SORT_BY_ALIGNMENT(.bss.$RAM2))
 *(SORT_BY_ALIGNMENT(.bss.$SRAM_LOWER))
 *(SORT_BY_ALIGNMENT(.bss.$RAM2.*))
 *(SORT_BY_ALIGNMENT(.bss.$SRAM_LOWER.*))
                0x1fff0000                . = ALIGN ((. != 0x0)?0x8:0x1)
                [!provide]                PROVIDE (__end_bss_RAM2 = .)
                [!provide]                PROVIDE (__end_bss_SRAM_LOWER = .)

.bss_RAM3       0x14000000        0x0
                [!provide]                PROVIDE (__start_bss_RAM3 = .)
                [!provide]                PROVIDE (__start_bss_FLEX_RAM = .)
 *(SORT_BY_ALIGNMENT(.bss.$RAM3))
 *(SORT_BY_ALIGNMENT(.bss.$FLEX_RAM))
 *(SORT_BY_ALIGNMENT(.bss.$RAM3.*))
 *(SORT_BY_ALIGNMENT(.bss.$FLEX_RAM.*))
                0x14000000                . = ALIGN ((. != 0x0)?0x8:0x1)
                [!provide]                PROVIDE (__end_bss_RAM3 = .)
                [!provide]                PROVIDE (__end_bss_FLEX_RAM = .)

.bss            0x20000010      0xcd0
                0x20000010                _bss = .
                [!provide]                PROVIDE (__start_bss_RAM = .)
                [!provide]                PROVIDE (__start_bss_SRAM_UPPER = .)
 *(SORT_BY_ALIGNMENT(.bss*))
 .bss.s_debugConsole
                0x20000010       0x14 ./utilities/fsl_debug_console.o
 .bss.src       0x20000024        0x2 ./source/TP2.o
                0x20000024                src
 *fill*         0x20000026        0x2 
 .bss.dst       0x20000028        0x2 ./source/TP2.o
                0x20000028                dst
 *fill*         0x2000002a        0x2 
 .bss.state_lp_8k
                0x2000002c       0x1a ./source/TP2.o
                0x2000002c                state_lp_8k
 *fill*         0x20000046        0x2 
 .bss.state_lp_16k
                0x20000048       0x1a ./source/TP2.o
                0x20000048                state_lp_16k
 *fill*         0x20000062        0x2 
 .bss.state_lp_22k
                0x20000064       0x1a ./source/TP2.o
                0x20000064                state_lp_22k
 *fill*         0x2000007e        0x2 
 .bss.state_lp_44k
                0x20000080       0x1a ./source/TP2.o
                0x20000080                state_lp_44k
 *fill*         0x2000009a        0x2 
 .bss.state_lp_48k
                0x2000009c       0x1a ./source/TP2.o
                0x2000009c                state_lp_48k
 *fill*         0x200000b6        0x2 
 .bss.state_hp_8k
                0x200000b8       0x22 ./source/TP2.o
                0x200000b8                state_hp_8k
 *fill*         0x200000da        0x2 
 .bss.state_hp_16k
                0x200000dc       0x22 ./source/TP2.o
                0x200000dc                state_hp_16k
 *fill*         0x200000fe        0x2 
 .bss.state_hp_22k
                0x20000100       0x22 ./source/TP2.o
                0x20000100                state_hp_22k
 *fill*         0x20000122        0x2 
 .bss.state_hp_44k
                0x20000124       0x22 ./source/TP2.o
                0x20000124                state_hp_44k
 *fill*         0x20000146        0x2 
 .bss.state_hp_48k
                0x20000148       0x22 ./source/TP2.o
                0x20000148                state_hp_48k
 *fill*         0x2000016a        0x2 
 .bss.state_bp_8k
                0x2000016c       0x2a ./source/TP2.o
                0x2000016c                state_bp_8k
 *fill*         0x20000196        0x2 
 .bss.state_bp_16k
                0x20000198       0x2a ./source/TP2.o
                0x20000198                state_bp_16k
 *fill*         0x200001c2        0x2 
 .bss.state_bp_22k
                0x200001c4       0x2a ./source/TP2.o
                0x200001c4                state_bp_22k
 *fill*         0x200001ee        0x2 
 .bss.state_bp_44k
                0x200001f0       0x2a ./source/TP2.o
                0x200001f0                state_bp_44k
 *fill*         0x2000021a        0x2 
 .bss.state_bp_48k
                0x2000021c       0x2a ./source/TP2.o
                0x2000021c                state_bp_48k
 *fill*         0x20000246        0x2 
 .bss.state_br_8k
                0x20000248       0x26 ./source/TP2.o
                0x20000248                state_br_8k
 *fill*         0x2000026e        0x2 
 .bss.state_br_16k
                0x20000270       0x26 ./source/TP2.o
                0x20000270                state_br_16k
 *fill*         0x20000296        0x2 
 .bss.state_br_22k
                0x20000298       0x26 ./source/TP2.o
                0x20000298                state_br_22k
 *fill*         0x200002be        0x2 
 .bss.state_br_44k
                0x200002c0       0x26 ./source/TP2.o
                0x200002c0                state_br_44k
 *fill*         0x200002e6        0x2 
 .bss.state_br_48k
                0x200002e8       0x26 ./source/TP2.o
                0x200002e8                state_br_48k
 *fill*         0x2000030e        0x2 
 .bss.lowpass_filter_8k
                0x20000310        0xc ./source/TP2.o
                0x20000310                lowpass_filter_8k
 .bss.lowpass_filter_16k
                0x2000031c        0xc ./source/TP2.o
                0x2000031c                lowpass_filter_16k
 .bss.lowpass_filter_22k
                0x20000328        0xc ./source/TP2.o
                0x20000328                lowpass_filter_22k
 .bss.lowpass_filter_44k
                0x20000334        0xc ./source/TP2.o
                0x20000334                lowpass_filter_44k
 .bss.lowpass_filter_48k
                0x20000340        0xc ./source/TP2.o
                0x20000340                lowpass_filter_48k
 .bss.highpass_filter_8k
                0x2000034c        0xc ./source/TP2.o
                0x2000034c                highpass_filter_8k
 .bss.highpass_filter_16k
                0x20000358        0xc ./source/TP2.o
                0x20000358                highpass_filter_16k
 .bss.highpass_filter_22k
                0x20000364        0xc ./source/TP2.o
                0x20000364                highpass_filter_22k
 .bss.highpass_filter_44k
                0x20000370        0xc ./source/TP2.o
                0x20000370                highpass_filter_44k
 .bss.highpass_filter_48k
                0x2000037c        0xc ./source/TP2.o
                0x2000037c                highpass_filter_48k
 .bss.bandpass_filter_8k
                0x20000388        0xc ./source/TP2.o
                0x20000388                bandpass_filter_8k
 .bss.bandpass_filter_16k
                0x20000394        0xc ./source/TP2.o
                0x20000394                bandpass_filter_16k
 .bss.bandpass_filter_22k
                0x200003a0        0xc ./source/TP2.o
                0x200003a0                bandpass_filter_22k
 .bss.bandpass_filter_44k
                0x200003ac        0xc ./source/TP2.o
                0x200003ac                bandpass_filter_44k
 .bss.bandpass_filter_48k
                0x200003b8        0xc ./source/TP2.o
                0x200003b8                bandpass_filter_48k
 .bss.bandreject_filter_8k
                0x200003c4        0xc ./source/TP2.o
                0x200003c4                bandreject_filter_8k
 .bss.bandreject_filter_16k
                0x200003d0        0xc ./source/TP2.o
                0x200003d0                bandreject_filter_16k
 .bss.bandreject_filter_22k
                0x200003dc        0xc ./source/TP2.o
                0x200003dc                bandreject_filter_22k
 .bss.bandreject_filter_44k
                0x200003e8        0xc ./source/TP2.o
                0x200003e8                bandreject_filter_44k
 .bss.bandreject_filter_48k
                0x200003f4        0xc ./source/TP2.o
                0x200003f4                bandreject_filter_48k
 .bss.buffer_output
                0x20000400      0x400 ./source/TP2.o
                0x20000400                buffer_output
 .bss.buffer_input
                0x20000800      0x400 ./source/TP2.o
                0x20000800                buffer_input
 .bss.g_xtal0Freq
                0x20000c00        0x4 ./drivers/fsl_clock.o
                0x20000c00                g_xtal0Freq
 .bss.s_uartHandle
                0x20000c04       0x18 ./drivers/fsl_uart.o
                0x20000c04                s_uartHandle
 .bss.s_uartIsr
                0x20000c1c        0x4 ./drivers/fsl_uart.o
                0x20000c1c                s_uartIsr
 .bss.errno     0x20000c20        0x4 c:/nxp/mcuxpressoide_11.4.0_6224/ide/plugins/com.nxp.mcuxpresso.tools.win32_11.4.0.202103011116/tools/bin/../lib/gcc/arm-none-eabi/10.2.1/../../../../arm-none-eabi/lib/thumb/v7e-m+fp/hard\libcr_c.a(errno.o)
                0x20000c20                errno
 .bss.__Ciob    0x20000c24       0xb4 c:/nxp/mcuxpressoide_11.4.0_6224/ide/plugins/com.nxp.mcuxpresso.tools.win32_11.4.0.202103011116/tools/bin/../lib/gcc/arm-none-eabi/10.2.1/../../../../arm-none-eabi/lib/thumb/v7e-m+fp/hard\libcr_nohost_nf.a(__ciob.o)
                0x20000c24                __Ciob
 .bss.buffer_index
                0x20000cd8        0x2 ./source/TP2.o
                0x20000cd8                buffer_index
 .bss.counter   0x20000cda        0x1 ./source/TP2.o
                0x20000cda                counter
 *(SORT_BY_ALIGNMENT(COMMON))
                0x20000ce0                . = ALIGN (0x8)
 *fill*         0x20000cdb        0x5 
                0x20000ce0                _ebss = .
                [!provide]                PROVIDE (__end_bss_RAM = .)
                [!provide]                PROVIDE (__end_bss_SRAM_UPPER = .)
                [!provide]                PROVIDE (end = .)

.noinit_RAM2    0x1fff0000        0x0
                [!provide]                PROVIDE (__start_noinit_RAM2 = .)
                [!provide]                PROVIDE (__start_noinit_SRAM_LOWER = .)
 *(SORT_BY_ALIGNMENT(.noinit.$RAM2))
 *(SORT_BY_ALIGNMENT(.noinit.$SRAM_LOWER))
 *(SORT_BY_ALIGNMENT(.noinit.$RAM2.*))
 *(SORT_BY_ALIGNMENT(.noinit.$SRAM_LOWER.*))
                0x1fff0000                . = ALIGN (0x8)
                [!provide]                PROVIDE (__end_noinit_RAM2 = .)
                [!provide]                PROVIDE (__end_noinit_SRAM_LOWER = .)

.noinit_RAM3    0x14000000        0x0
                [!provide]                PROVIDE (__start_noinit_RAM3 = .)
                [!provide]                PROVIDE (__start_noinit_FLEX_RAM = .)
 *(SORT_BY_ALIGNMENT(.noinit.$RAM3))
 *(SORT_BY_ALIGNMENT(.noinit.$FLEX_RAM))
 *(SORT_BY_ALIGNMENT(.noinit.$RAM3.*))
 *(SORT_BY_ALIGNMENT(.noinit.$FLEX_RAM.*))
                0x14000000                . = ALIGN (0x8)
                [!provide]                PROVIDE (__end_noinit_RAM3 = .)
                [!provide]                PROVIDE (__end_noinit_FLEX_RAM = .)

.noinit         0x20000ce0        0x0
                0x20000ce0                _noinit = .
                [!provide]                PROVIDE (__start_noinit_RAM = .)
                [!provide]                PROVIDE (__start_noinit_SRAM_UPPER = .)
 *(SORT_BY_ALIGNMENT(.noinit*))
                0x20000ce0                . = ALIGN (0x8)
                0x20000ce0                _end_noinit = .
                [!provide]                PROVIDE (__end_noinit_RAM = .)
                [!provide]                PROVIDE (__end_noinit_SRAM_UPPER = .)
                0x00001000                _HeapSize = 0x1000

.heap           0x20000ce0     0x1000
                0x20000ce0                _pvHeapStart = .
                0x20001ce0                . = (. + _HeapSize)
 *fill*         0x20000ce0     0x1000 
                0x20001ce0                . = ALIGN (0x8)
                0x20001ce0                _pvHeapLimit = .
                0x00001000                _StackSize = 0x1000

.heap2stackfill
                0x20001ce0     0x1000
                0x20002ce0                . = (. + _StackSize)
 *fill*         0x20001ce0     0x1000 

.stack          0x2002f000        0x0
                0x2002f000                _vStackBase = .
                0x2002f000                . = ALIGN (0x8)
                0x20030000                _vStackTop = (. + _StackSize)
                0x00000000                _image_start = LOADADDR (.text)
                0x00004fb0                _image_end = (LOADADDR (.data) + SIZEOF (.data))
                0x00004fb0                _image_size = (_image_end - _image_start)
OUTPUT(TP2_CODIGO.axf elf32-littlearm)
LOAD linker stubs

.debug_info     0x00000000    0x1a863
 .debug_info    0x00000000       0xa3 ./utilities/fsl_assert.o
 .debug_info    0x000000a3      0xdef ./utilities/fsl_debug_console.o
 .debug_info    0x00000e92      0x93a ./startup/startup_mk64f12.o
 .debug_info    0x000017cc      0xfff ./source/TP2.o
 .debug_info    0x000027cb       0x3c ./source/semihost_hardfault.o
 .debug_info    0x00002807      0xe56 ./drivers/fsl_adc16.o
 .debug_info    0x0000365d     0x21ab ./drivers/fsl_clock.o
 .debug_info    0x00005808      0xa90 ./drivers/fsl_dac.o
 .debug_info    0x00006298      0x68a ./drivers/fsl_gpio.o
 .debug_info    0x00006922      0x759 ./drivers/fsl_pit.o
 .debug_info    0x0000707b     0x1f78 ./drivers/fsl_uart.o
 .debug_info    0x00008ff3      0x649 ./device/system_MK64F12.o
 .debug_info    0x0000963c      0xbc7 ./board/clock_config.o
 .debug_info    0x0000a203     0x1040 ./board/peripherals.o
 .debug_info    0x0000b243      0x822 ./board/pin_mux.o
 .debug_info    0x0000ba65     0xedfe ./CMSIS/DSP/Source/FilteringFunctions/FilteringFunctions.o

.debug_abbrev   0x00000000     0x20ee
 .debug_abbrev  0x00000000       0x66 ./utilities/fsl_assert.o
 .debug_abbrev  0x00000066      0x224 ./utilities/fsl_debug_console.o
 .debug_abbrev  0x0000028a      0x185 ./startup/startup_mk64f12.o
 .debug_abbrev  0x0000040f      0x27e ./source/TP2.o
 .debug_abbrev  0x0000068d       0x31 ./source/semihost_hardfault.o
 .debug_abbrev  0x000006be      0x267 ./drivers/fsl_adc16.o
 .debug_abbrev  0x00000925      0x359 ./drivers/fsl_clock.o
 .debug_abbrev  0x00000c7e      0x221 ./drivers/fsl_dac.o
 .debug_abbrev  0x00000e9f      0x186 ./drivers/fsl_gpio.o
 .debug_abbrev  0x00001025      0x1eb ./drivers/fsl_pit.o
 .debug_abbrev  0x00001210      0x42e ./drivers/fsl_uart.o
 .debug_abbrev  0x0000163e      0x148 ./device/system_MK64F12.o
 .debug_abbrev  0x00001786      0x214 ./board/clock_config.o
 .debug_abbrev  0x0000199a      0x26b ./board/peripherals.o
 .debug_abbrev  0x00001c05      0x1d8 ./board/pin_mux.o
 .debug_abbrev  0x00001ddd      0x311 ./CMSIS/DSP/Source/FilteringFunctions/FilteringFunctions.o

.debug_aranges  0x00000000      0xe28
 .debug_aranges
                0x00000000       0x20 ./utilities/fsl_assert.o
 .debug_aranges
                0x00000020       0x78 ./utilities/fsl_debug_console.o
 .debug_aranges
                0x00000098      0x330 ./startup/startup_mk64f12.o
 .debug_aranges
                0x000003c8       0x78 ./source/TP2.o
 .debug_aranges
                0x00000440       0x20 ./source/semihost_hardfault.o
 .debug_aranges
                0x00000460       0x88 ./drivers/fsl_adc16.o
 .debug_aranges
                0x000004e8      0x1f8 ./drivers/fsl_clock.o
 .debug_aranges
                0x000006e0       0x90 ./drivers/fsl_dac.o
 .debug_aranges
                0x00000770       0x40 ./drivers/fsl_gpio.o
 .debug_aranges
                0x000007b0       0x40 ./drivers/fsl_pit.o
 .debug_aranges
                0x000007f0      0x1b8 ./drivers/fsl_uart.o
 .debug_aranges
                0x000009a8       0x30 ./device/system_MK64F12.o
 .debug_aranges
                0x000009d8       0x58 ./board/clock_config.o
 .debug_aranges
                0x00000a30       0x88 ./board/peripherals.o
 .debug_aranges
                0x00000ab8       0x40 ./board/pin_mux.o
 .debug_aranges
                0x00000af8      0x330 ./CMSIS/DSP/Source/FilteringFunctions/FilteringFunctions.o

.debug_ranges   0x00000000      0xd28
 .debug_ranges  0x00000000       0x10 ./utilities/fsl_assert.o
 .debug_ranges  0x00000010       0x68 ./utilities/fsl_debug_console.o
 .debug_ranges  0x00000078      0x320 ./startup/startup_mk64f12.o
 .debug_ranges  0x00000398       0x68 ./source/TP2.o
 .debug_ranges  0x00000400       0x10 ./source/semihost_hardfault.o
 .debug_ranges  0x00000410       0x78 ./drivers/fsl_adc16.o
 .debug_ranges  0x00000488      0x1e8 ./drivers/fsl_clock.o
 .debug_ranges  0x00000670       0x80 ./drivers/fsl_dac.o
 .debug_ranges  0x000006f0       0x30 ./drivers/fsl_gpio.o
 .debug_ranges  0x00000720       0x30 ./drivers/fsl_pit.o
 .debug_ranges  0x00000750      0x1a8 ./drivers/fsl_uart.o
 .debug_ranges  0x000008f8       0x20 ./device/system_MK64F12.o
 .debug_ranges  0x00000918       0x48 ./board/clock_config.o
 .debug_ranges  0x00000960       0x78 ./board/peripherals.o
 .debug_ranges  0x000009d8       0x30 ./board/pin_mux.o
 .debug_ranges  0x00000a08      0x320 ./CMSIS/DSP/Source/FilteringFunctions/FilteringFunctions.o

.debug_macro    0x00000000    0x13f00
 .debug_macro   0x00000000      0x115 ./utilities/fsl_assert.o
 .debug_macro   0x00000115      0xac0 ./utilities/fsl_assert.o
 .debug_macro   0x00000bd5       0x10 ./utilities/fsl_assert.o
 .debug_macro   0x00000be5       0x1c ./utilities/fsl_assert.o
 .debug_macro   0x00000c01       0x22 ./utilities/fsl_assert.o
 .debug_macro   0x00000c23      0x12e ./utilities/fsl_assert.o
 .debug_macro   0x00000d51      0x5b3 ./utilities/fsl_assert.o
 .debug_macro   0x00001304       0x22 ./utilities/fsl_assert.o
 .debug_macro   0x00001326       0x10 ./utilities/fsl_assert.o
 .debug_macro   0x00001336       0x58 ./utilities/fsl_assert.o
 .debug_macro   0x0000138e       0x1c ./utilities/fsl_assert.o
 .debug_macro   0x000013aa       0x22 ./utilities/fsl_assert.o
 .debug_macro   0x000013cc       0xfb ./utilities/fsl_assert.o
 .debug_macro   0x000014c7      0xeeb ./utilities/fsl_assert.o
 .debug_macro   0x000023b2       0x40 ./utilities/fsl_assert.o
 .debug_macro   0x000023f2     0xec5f ./utilities/fsl_assert.o
 .debug_macro   0x00011051     0x12e8 ./utilities/fsl_assert.o
 .debug_macro   0x00012339       0x7a ./utilities/fsl_assert.o
 .debug_macro   0x000123b3       0xa1 ./utilities/fsl_assert.o
 .debug_macro   0x00012454      0x174 ./utilities/fsl_assert.o
 .debug_macro   0x000125c8       0x40 ./utilities/fsl_assert.o
 .debug_macro   0x00012608      0x13b ./utilities/fsl_debug_console.o
 .debug_macro   0x00012743       0x16 ./utilities/fsl_debug_console.o
 .debug_macro   0x00012759       0x10 ./utilities/fsl_debug_console.o
 .debug_macro   0x00012769       0x28 ./utilities/fsl_debug_console.o
 .debug_macro   0x00012791       0xc4 ./utilities/fsl_debug_console.o
 .debug_macro   0x00012855       0x16 ./utilities/fsl_debug_console.o
 .debug_macro   0x0001286b       0x3a ./utilities/fsl_debug_console.o
 .debug_macro   0x000128a5       0x40 ./utilities/fsl_debug_console.o
 .debug_macro   0x000128e5       0x29 ./startup/startup_mk64f12.o
 .debug_macro   0x0001290e      0x1ea ./source/TP2.o
 .debug_macro   0x00012af8       0xdc ./source/TP2.o
 .debug_macro   0x00012bd4       0x16 ./source/TP2.o
 .debug_macro   0x00012bea       0x16 ./source/TP2.o
 .debug_macro   0x00012c00       0x16 ./source/TP2.o
 .debug_macro   0x00012c16      0x181 ./source/TP2.o
 .debug_macro   0x00012d97       0x10 ./source/TP2.o
 .debug_macro   0x00012da7       0x10 ./source/TP2.o
 .debug_macro   0x00012db7       0x10 ./source/TP2.o
 .debug_macro   0x00012dc7       0x8e ./source/TP2.o
 .debug_macro   0x00012e55      0x16f ./source/TP2.o
 .debug_macro   0x00012fc4       0xc8 ./source/TP2.o
 .debug_macro   0x0001308c       0x28 ./source/TP2.o
 .debug_macro   0x000130b4       0x11 ./source/semihost_hardfault.o
 .debug_macro   0x000130c5      0x122 ./drivers/fsl_adc16.o
 .debug_macro   0x000131e7      0x1d8 ./drivers/fsl_clock.o
 .debug_macro   0x000133bf      0x122 ./drivers/fsl_dac.o
 .debug_macro   0x000134e1      0x121 ./drivers/fsl_gpio.o
 .debug_macro   0x00013602       0x10 ./drivers/fsl_gpio.o
 .debug_macro   0x00013612      0x122 ./drivers/fsl_pit.o
 .debug_macro   0x00013734      0x127 ./drivers/fsl_uart.o
 .debug_macro   0x0001385b       0x10 ./drivers/fsl_uart.o
 .debug_macro   0x0001386b       0x98 ./device/system_MK64F12.o
 .debug_macro   0x00013903      0x153 ./board/clock_config.o
 .debug_macro   0x00013a56      0x148 ./board/peripherals.o
 .debug_macro   0x00013b9e      0x127 ./board/pin_mux.o
 .debug_macro   0x00013cc5      0x23b ./CMSIS/DSP/Source/FilteringFunctions/FilteringFunctions.o

.debug_line     0x00000000    0x12b91
 .debug_line    0x00000000      0x3c4 ./utilities/fsl_assert.o
 .debug_line    0x000003c4     0x1024 ./utilities/fsl_debug_console.o
 .debug_line    0x000013e8      0x911 ./startup/startup_mk64f12.o
 .debug_line    0x00001cf9      0x80b ./source/TP2.o
 .debug_line    0x00002504       0x59 ./source/semihost_hardfault.o
 .debug_line    0x0000255d      0x6ca ./drivers/fsl_adc16.o
 .debug_line    0x00002c27     0x1504 ./drivers/fsl_clock.o
 .debug_line    0x0000412b      0x5e7 ./drivers/fsl_dac.o
 .debug_line    0x00004712      0x430 ./drivers/fsl_gpio.o
 .debug_line    0x00004b42      0x43d ./drivers/fsl_pit.o
 .debug_line    0x00004f7f     0x14e0 ./drivers/fsl_uart.o
 .debug_line    0x0000645f      0x3fe ./device/system_MK64F12.o
 .debug_line    0x0000685d      0x4ae ./board/clock_config.o
 .debug_line    0x00006d0b      0x5a7 ./board/peripherals.o
 .debug_line    0x000072b2      0x4c2 ./board/pin_mux.o
 .debug_line    0x00007774     0xb41d ./CMSIS/DSP/Source/FilteringFunctions/FilteringFunctions.o

.debug_str      0x00000000    0x83c7b
 .debug_str     0x00000000    0x79c28 ./utilities/fsl_assert.o
                              0x79cb3 (size before relaxing)
 .debug_str     0x00079c28     0x1727 ./utilities/fsl_debug_console.o
                              0x7b45b (size before relaxing)
 .debug_str     0x0007b34f      0x7c0 ./startup/startup_mk64f12.o
                               0x3677 (size before relaxing)
 .debug_str     0x0007bb0f     0x22cc ./source/TP2.o
                              0x7cdfc (size before relaxing)
 .debug_str     0x0007dddb       0x1f ./source/semihost_hardfault.o
                               0x2e1c (size before relaxing)
 .debug_str     0x0007ddfa      0xb18 ./drivers/fsl_adc16.o
                              0x7b182 (size before relaxing)
 .debug_str     0x0007e912     0x1b64 ./drivers/fsl_clock.o
                              0x7c36a (size before relaxing)
 .debug_str     0x00080476      0x3db ./drivers/fsl_dac.o
                              0x7ab6d (size before relaxing)
 .debug_str     0x00080851      0x17a ./drivers/fsl_gpio.o
                              0x7a64a (size before relaxing)
 .debug_str     0x000809cb       0xa2 ./drivers/fsl_pit.o
                              0x7a808 (size before relaxing)
 .debug_str     0x00080a6d     0x132d ./drivers/fsl_uart.o
                              0x7bca4 (size before relaxing)
 .debug_str     0x00081d9a      0x11f ./device/system_MK64F12.o
                              0x7845c (size before relaxing)
 .debug_str     0x00081eb9      0x3b7 ./board/clock_config.o
                              0x7acd1 (size before relaxing)
 .debug_str     0x00082270      0x11a ./board/peripherals.o
                              0x7b738 (size before relaxing)
 .debug_str     0x0008238a      0x326 ./board/pin_mux.o
                              0x7a7c9 (size before relaxing)
 .debug_str     0x000826b0     0x15cb ./CMSIS/DSP/Source/FilteringFunctions/FilteringFunctions.o
                               0x7140 (size before relaxing)

.comment        0x00000000       0x4d
 .comment       0x00000000       0x4d ./utilities/fsl_assert.o
                                 0x4e (size before relaxing)
 .comment       0x0000004d       0x4e ./utilities/fsl_debug_console.o
 .comment       0x0000004d       0x4e ./startup/startup_mk64f12.o
 .comment       0x0000004d       0x4e ./source/TP2.o
 .comment       0x0000004d       0x4e ./source/semihost_hardfault.o
 .comment       0x0000004d       0x4e ./drivers/fsl_adc16.o
 .comment       0x0000004d       0x4e ./drivers/fsl_clock.o
 .comment       0x0000004d       0x4e ./drivers/fsl_dac.o
 .comment       0x0000004d       0x4e ./drivers/fsl_gpio.o
 .comment       0x0000004d       0x4e ./drivers/fsl_pit.o
 .comment       0x0000004d       0x4e ./drivers/fsl_uart.o
 .comment       0x0000004d       0x4e ./device/system_MK64F12.o
 .comment       0x0000004d       0x4e ./board/clock_config.o
 .comment       0x0000004d       0x4e ./board/peripherals.o
 .comment       0x0000004d       0x4e ./board/pin_mux.o
 .comment       0x0000004d       0x4e ./CMSIS/DSP/Source/FilteringFunctions/FilteringFunctions.o
 .comment       0x0000004d       0x4e c:/nxp/mcuxpressoide_11.4.0_6224/ide/plugins/com.nxp.mcuxpresso.tools.win32_11.4.0.202103011116/tools/bin/../lib/gcc/arm-none-eabi/10.2.1/../../../../arm-none-eabi/lib/thumb/v7e-m+fp/hard\libcr_nohost_nf.a(_cr__main.o)
 .comment       0x0000004d       0x4e c:/nxp/mcuxpressoide_11.4.0_6224/ide/plugins/com.nxp.mcuxpresso.tools.win32_11.4.0.202103011116/tools/bin/../lib/gcc/arm-none-eabi/10.2.1/../../../../arm-none-eabi/lib/thumb/v7e-m+fp/hard\libcr_c.a(memset.o)
 .comment       0x0000004d       0x4e c:/nxp/mcuxpressoide_11.4.0_6224/ide/plugins/com.nxp.mcuxpresso.tools.win32_11.4.0.202103011116/tools/bin/../lib/gcc/arm-none-eabi/10.2.1/../../../../arm-none-eabi/lib/thumb/v7e-m+fp/hard\libcr_c.a(alloc.o)
 .comment       0x0000004d       0x4e c:/nxp/mcuxpressoide_11.4.0_6224/ide/plugins/com.nxp.mcuxpresso.tools.win32_11.4.0.202103011116/tools/bin/../lib/gcc/arm-none-eabi/10.2.1/../../../../arm-none-eabi/lib/thumb/v7e-m+fp/hard\libcr_c.a(initio.o)
 .comment       0x0000004d       0x4e c:/nxp/mcuxpressoide_11.4.0_6224/ide/plugins/com.nxp.mcuxpresso.tools.win32_11.4.0.202103011116/tools/bin/../lib/gcc/arm-none-eabi/10.2.1/../../../../arm-none-eabi/lib/thumb/v7e-m+fp/hard\libcr_c.a(modf.o)
 .comment       0x0000004d       0x4e c:/nxp/mcuxpressoide_11.4.0_6224/ide/plugins/com.nxp.mcuxpresso.tools.win32_11.4.0.202103011116/tools/bin/../lib/gcc/arm-none-eabi/10.2.1/../../../../arm-none-eabi/lib/thumb/v7e-m+fp/hard\libcr_c.a(pow.o)
 .comment       0x0000004d       0x4e c:/nxp/mcuxpressoide_11.4.0_6224/ide/plugins/com.nxp.mcuxpresso.tools.win32_11.4.0.202103011116/tools/bin/../lib/gcc/arm-none-eabi/10.2.1/../../../../arm-none-eabi/lib/thumb/v7e-m+fp/hard\libcr_c.a(setvbuf.o)
 .comment       0x0000004d       0x4e c:/nxp/mcuxpressoide_11.4.0_6224/ide/plugins/com.nxp.mcuxpresso.tools.win32_11.4.0.202103011116/tools/bin/../lib/gcc/arm-none-eabi/10.2.1/../../../../arm-none-eabi/lib/thumb/v7e-m+fp/hard\libcr_c.a(strlen.o)
 .comment       0x0000004d       0x4e c:/nxp/mcuxpressoide_11.4.0_6224/ide/plugins/com.nxp.mcuxpresso.tools.win32_11.4.0.202103011116/tools/bin/../lib/gcc/arm-none-eabi/10.2.1/../../../../arm-none-eabi/lib/thumb/v7e-m+fp/hard\libcr_c.a(_fdopen.o)
 .comment       0x0000004d       0x4e c:/nxp/mcuxpressoide_11.4.0_6224/ide/plugins/com.nxp.mcuxpresso.tools.win32_11.4.0.202103011116/tools/bin/../lib/gcc/arm-none-eabi/10.2.1/../../../../arm-none-eabi/lib/thumb/v7e-m+fp/hard\libcr_c.a(errno.o)
 .comment       0x0000004d       0x4e c:/nxp/mcuxpressoide_11.4.0_6224/ide/plugins/com.nxp.mcuxpresso.tools.win32_11.4.0.202103011116/tools/bin/../lib/gcc/arm-none-eabi/10.2.1/../../../../arm-none-eabi/lib/thumb/v7e-m+fp/hard\libcr_c.a(fclose.o)
 .comment       0x0000004d       0x4e c:/nxp/mcuxpressoide_11.4.0_6224/ide/plugins/com.nxp.mcuxpresso.tools.win32_11.4.0.202103011116/tools/bin/../lib/gcc/arm-none-eabi/10.2.1/../../../../arm-none-eabi/lib/thumb/v7e-m+fp/hard\libcr_c.a(fflush.o)
 .comment       0x0000004d       0x4e c:/nxp/mcuxpressoide_11.4.0_6224/ide/plugins/com.nxp.mcuxpresso.tools.win32_11.4.0.202103011116/tools/bin/../lib/gcc/arm-none-eabi/10.2.1/../../../../arm-none-eabi/lib/thumb/v7e-m+fp/hard\libcr_c.a(frexp.o)
 .comment       0x0000004d       0x4e c:/nxp/mcuxpressoide_11.4.0_6224/ide/plugins/com.nxp.mcuxpresso.tools.win32_11.4.0.202103011116/tools/bin/../lib/gcc/arm-none-eabi/10.2.1/../../../../arm-none-eabi/lib/thumb/v7e-m+fp/hard\libcr_c.a(fseek.o)
 .comment       0x0000004d       0x4e c:/nxp/mcuxpressoide_11.4.0_6224/ide/plugins/com.nxp.mcuxpresso.tools.win32_11.4.0.202103011116/tools/bin/../lib/gcc/arm-none-eabi/10.2.1/../../../../arm-none-eabi/lib/thumb/v7e-m+fp/hard\libcr_c.a(ftell.o)
 .comment       0x0000004d       0x4e c:/nxp/mcuxpressoide_11.4.0_6224/ide/plugins/com.nxp.mcuxpresso.tools.win32_11.4.0.202103011116/tools/bin/../lib/gcc/arm-none-eabi/10.2.1/../../../../arm-none-eabi/lib/thumb/v7e-m+fp/hard\libcr_c.a(ldexp.o)
 .comment       0x0000004d       0x4e c:/nxp/mcuxpressoide_11.4.0_6224/ide/plugins/com.nxp.mcuxpresso.tools.win32_11.4.0.202103011116/tools/bin/../lib/gcc/arm-none-eabi/10.2.1/../../../../arm-none-eabi/lib/thumb/v7e-m+fp/hard\libcr_c.a(remove.o)
 .comment       0x0000004d       0x4e c:/nxp/mcuxpressoide_11.4.0_6224/ide/plugins/com.nxp.mcuxpresso.tools.win32_11.4.0.202103011116/tools/bin/../lib/gcc/arm-none-eabi/10.2.1/../../../../arm-none-eabi/lib/thumb/v7e-m+fp/hard\libcr_c.a(_do_fflush.o)
 .comment       0x0000004d       0x4e c:/nxp/mcuxpressoide_11.4.0_6224/ide/plugins/com.nxp.mcuxpresso.tools.win32_11.4.0.202103011116/tools/bin/../lib/gcc/arm-none-eabi/10.2.1/../../../../arm-none-eabi/lib/thumb/v7e-m+fp/hard\libcr_c.a(_fflush.o)
 .comment       0x0000004d       0x4e c:/nxp/mcuxpressoide_11.4.0_6224/ide/plugins/com.nxp.mcuxpresso.tools.win32_11.4.0.202103011116/tools/bin/../lib/gcc/arm-none-eabi/10.2.1/../../../../arm-none-eabi/lib/thumb/v7e-m+fp/hard\libcr_c.a(_writebuf.o)
 .comment       0x0000004d       0x4e c:/nxp/mcuxpressoide_11.4.0_6224/ide/plugins/com.nxp.mcuxpresso.tools.win32_11.4.0.202103011116/tools/bin/../lib/gcc/arm-none-eabi/10.2.1/../../../../arm-none-eabi/lib/thumb/v7e-m+fp/hard\libcr_c.a(_deferredlazyseek.o)
 .comment       0x0000004d       0x4e c:/nxp/mcuxpressoide_11.4.0_6224/ide/plugins/com.nxp.mcuxpresso.tools.win32_11.4.0.202103011116/tools/bin/../lib/gcc/arm-none-eabi/10.2.1/thumb/v7e-m+fp/hard\libcr_eabihelpers.a(double.o)
 .comment       0x0000004d       0x4e c:/nxp/mcuxpressoide_11.4.0_6224/ide/plugins/com.nxp.mcuxpresso.tools.win32_11.4.0.202103011116/tools/bin/../lib/gcc/arm-none-eabi/10.2.1/../../../../arm-none-eabi/lib/thumb/v7e-m+fp/hard\libcr_nohost_nf.a(__ciob.o)
 .comment       0x0000004d       0x4e c:/nxp/mcuxpressoide_11.4.0_6224/ide/plugins/com.nxp.mcuxpresso.tools.win32_11.4.0.202103011116/tools/bin/../lib/gcc/arm-none-eabi/10.2.1/../../../../arm-none-eabi/lib/thumb/v7e-m+fp/hard\libcr_nohost_nf.a(__sys_close.o)
 .comment       0x0000004d       0x4e c:/nxp/mcuxpressoide_11.4.0_6224/ide/plugins/com.nxp.mcuxpresso.tools.win32_11.4.0.202103011116/tools/bin/../lib/gcc/arm-none-eabi/10.2.1/../../../../arm-none-eabi/lib/thumb/v7e-m+fp/hard\libcr_nohost_nf.a(__sys_flen.o)