C:\Users\santi\Desktop\Datardos\Facultad\Segundo semestre Quinto\DSP\workspace\frdmk64f_led_blinky\drivers/fsl_gpio.h:221:20:GPIO_PortToggle	16	static
C:\Users\santi\Desktop\Datardos\Facultad\Segundo semestre Quinto\DSP\workspace\frdmk64f_led_blinky\drivers/fsl_pit.h:207:24:PIT_GetStatusFlags	16	static
C:\Users\santi\Desktop\Datardos\Facultad\Segundo semestre Quinto\DSP\workspace\frdmk64f_led_blinky\drivers/fsl_pit.h:220:20:PIT_ClearStatusFlags	24	static
C:\Users\santi\Desktop\Datardos\Facultad\Segundo semestre Quinto\DSP\workspace\frdmk64f_led_blinky\drivers/fsl_pit.h:246:20:PIT_SetTimerPeriod	24	static
../source/led_blinky.c:33:6:PORTA_IRQHandler	16	static
../source/led_blinky.c:104:6:PIT0_IRQHandler	16	static
../source/led_blinky.c:126:5:main	8	static
