C:\Users\santi\Desktop\Datardos\Facultad\Segundo semestre Quinto\DSP\workspace\pushbutton_change_blink_speed\drivers/fsl_gpio.h:191:20:GPIO_PortSet	16	static
C:\Users\santi\Desktop\Datardos\Facultad\Segundo semestre Quinto\DSP\workspace\pushbutton_change_blink_speed\drivers/fsl_gpio.h:221:20:GPIO_PortToggle	16	static
C:\Users\santi\Desktop\Datardos\Facultad\Segundo semestre Quinto\DSP\workspace\pushbutton_change_blink_speed\drivers/fsl_pit.h:207:24:PIT_GetStatusFlags	16	static
C:\Users\santi\Desktop\Datardos\Facultad\Segundo semestre Quinto\DSP\workspace\pushbutton_change_blink_speed\drivers/fsl_pit.h:220:20:PIT_ClearStatusFlags	24	static
C:\Users\santi\Desktop\Datardos\Facultad\Segundo semestre Quinto\DSP\workspace\pushbutton_change_blink_speed\drivers/fsl_pit.h:246:20:PIT_SetTimerPeriod	24	static
../source/pushbutton_change_blink_speed.c:43:6:PORTA_IRQHandler	16	static
../source/pushbutton_change_blink_speed.c:100:6:PIT0_IRQHandler	16	static
../source/pushbutton_change_blink_speed.c:149:5:main	8	static
