C:\Users\santi\Desktop\Datardos\Facultad\Segundo semestre Quinto\DSP\workspace\pushbutton_change_blink_speed_and_color\drivers/fsl_gpio.h:191:20:GPIO_PortSet	16	static
C:\Users\santi\Desktop\Datardos\Facultad\Segundo semestre Quinto\DSP\workspace\pushbutton_change_blink_speed_and_color\drivers/fsl_gpio.h:221:20:GPIO_PortToggle	16	static
C:\Users\santi\Desktop\Datardos\Facultad\Segundo semestre Quinto\DSP\workspace\pushbutton_change_blink_speed_and_color\drivers/fsl_pit.h:207:24:PIT_GetStatusFlags	16	static
C:\Users\santi\Desktop\Datardos\Facultad\Segundo semestre Quinto\DSP\workspace\pushbutton_change_blink_speed_and_color\drivers/fsl_pit.h:220:20:PIT_ClearStatusFlags	24	static
C:\Users\santi\Desktop\Datardos\Facultad\Segundo semestre Quinto\DSP\workspace\pushbutton_change_blink_speed_and_color\drivers/fsl_pit.h:246:20:PIT_SetTimerPeriod	24	static
C:\Users\santi\Desktop\Datardos\Facultad\Segundo semestre Quinto\DSP\workspace\pushbutton_change_blink_speed_and_color\drivers/fsl_pit.h:288:20:PIT_StartTimer	16	static
C:\Users\santi\Desktop\Datardos\Facultad\Segundo semestre Quinto\DSP\workspace\pushbutton_change_blink_speed_and_color\drivers/fsl_pit.h:302:20:PIT_StopTimer	16	static
C:\Users\santi\Desktop\Datardos\Facultad\Segundo semestre Quinto\DSP\workspace\pushbutton_change_blink_speed_and_color\drivers/fsl_adc16.h:491:24:ADC16_GetChannelConversionValue	16	static
../source/pushbutton_change_blink_speed_and_color.c:55:6:PORTC_IRQHandler	16	static
../source/pushbutton_change_blink_speed_and_color.c:90:6:PORTA_IRQHandler	16	static
../source/pushbutton_change_blink_speed_and_color.c:160:6:PIT0_IRQHandler	16	static
../source/pushbutton_change_blink_speed_and_color.c:181:6:ADC0_IRQHandler	16	static
../source/pushbutton_change_blink_speed_and_color.c:212:5:main	8	static
