C:\Users\santi\Desktop\Datardos\Facultad\Segundo semestre Quinto\DSP\workspace\TP1_Parte1\drivers/fsl_gpio.h:191:20:GPIO_PortSet	16	static
C:\Users\santi\Desktop\Datardos\Facultad\Segundo semestre Quinto\DSP\workspace\TP1_Parte1\drivers/fsl_gpio.h:206:20:GPIO_PortClear	16	static
C:\Users\santi\Desktop\Datardos\Facultad\Segundo semestre Quinto\DSP\workspace\TP1_Parte1\drivers/fsl_gpio.h:221:20:GPIO_PortToggle	16	static
C:\Users\santi\Desktop\Datardos\Facultad\Segundo semestre Quinto\DSP\workspace\TP1_Parte1\drivers/fsl_pit.h:207:24:PIT_GetStatusFlags	16	static
C:\Users\santi\Desktop\Datardos\Facultad\Segundo semestre Quinto\DSP\workspace\TP1_Parte1\drivers/fsl_pit.h:220:20:PIT_ClearStatusFlags	24	static
C:\Users\santi\Desktop\Datardos\Facultad\Segundo semestre Quinto\DSP\workspace\TP1_Parte1\drivers/fsl_pit.h:246:20:PIT_SetTimerPeriod	24	static
C:\Users\santi\Desktop\Datardos\Facultad\Segundo semestre Quinto\DSP\workspace\TP1_Parte1\drivers/fsl_pit.h:288:20:PIT_StartTimer	16	static
C:\Users\santi\Desktop\Datardos\Facultad\Segundo semestre Quinto\DSP\workspace\TP1_Parte1\drivers/fsl_pit.h:302:20:PIT_StopTimer	16	static
C:\Users\santi\Desktop\Datardos\Facultad\Segundo semestre Quinto\DSP\workspace\TP1_Parte1\drivers/fsl_adc16.h:491:24:ADC16_GetChannelConversionValue	16	static
../source/TP1_Parte1.c:70:6:PORTC_IRQHandler	16	static
../source/TP1_Parte1.c:104:6:PORTA_IRQHandler	16	static
../source/TP1_Parte1.c:209:6:PIT0_IRQHandler	16	static
../source/TP1_Parte1.c:229:6:ADC0_IRQHandler	24	static
../source/TP1_Parte1.c:268:5:main	8	static
